Archive member included to satisfy reference by file (symbol)

C:\Users\hauho\Downloads\IOT-Programming-with-Master-Embedded-773df849394c85dc7b3938106d0abe7e95302a84\IOT-Programming-with-Master-Embedded-773df849394c85dc7b3938106d0abe7e95302a84\Courseware 2\SDK_1.0.3_NUCLEO-F401RE\SDK_1.0.3_NUCLEO-F401RE\lib_stm\libLibraries.a(system_stm32f4xx.o)
                              ./Src/main.o (SystemCoreClockUpdate)
C:\Users\hauho\Downloads\IOT-Programming-with-Master-Embedded-773df849394c85dc7b3938106d0abe7e95302a84\IOT-Programming-with-Master-Embedded-773df849394c85dc7b3938106d0abe7e95302a84\Courseware 2\SDK_1.0.3_NUCLEO-F401RE\SDK_1.0.3_NUCLEO-F401RE\lib_stm\libLibraries.a(timer.o)
                              ./Src/main.o (TimerInit)
C:\Users\hauho\Downloads\IOT-Programming-with-Master-Embedded-773df849394c85dc7b3938106d0abe7e95302a84\IOT-Programming-with-Master-Embedded-773df849394c85dc7b3938106d0abe7e95302a84\Courseware 2\SDK_1.0.3_NUCLEO-F401RE\SDK_1.0.3_NUCLEO-F401RE\lib_stm\libLibraries.a(Ucglib.o)
                              ./Src/main.o (Ucglib4WireSWSPI_begin)
C:\Users\hauho\Downloads\IOT-Programming-with-Master-Embedded-773df849394c85dc7b3938106d0abe7e95302a84\IOT-Programming-with-Master-Embedded-773df849394c85dc7b3938106d0abe7e95302a84\Courseware 2\SDK_1.0.3_NUCLEO-F401RE\SDK_1.0.3_NUCLEO-F401RE\lib_stm\libLibraries.a(ucg_box.o)
                              ./Src/main.o (ucg_ClearScreen)
C:\Users\hauho\Downloads\IOT-Programming-with-Master-Embedded-773df849394c85dc7b3938106d0abe7e95302a84\IOT-Programming-with-Master-Embedded-773df849394c85dc7b3938106d0abe7e95302a84\Courseware 2\SDK_1.0.3_NUCLEO-F401RE\SDK_1.0.3_NUCLEO-F401RE\lib_stm\libLibraries.a(ucg_ccs.o)
                              C:\Users\hauho\Downloads\IOT-Programming-with-Master-Embedded-773df849394c85dc7b3938106d0abe7e95302a84\IOT-Programming-with-Master-Embedded-773df849394c85dc7b3938106d0abe7e95302a84\Courseware 2\SDK_1.0.3_NUCLEO-F401RE\SDK_1.0.3_NUCLEO-F401RE\lib_stm\libLibraries.a(ucg_box.o) (ucg_ccs_init)
C:\Users\hauho\Downloads\IOT-Programming-with-Master-Embedded-773df849394c85dc7b3938106d0abe7e95302a84\IOT-Programming-with-Master-Embedded-773df849394c85dc7b3938106d0abe7e95302a84\Courseware 2\SDK_1.0.3_NUCLEO-F401RE\SDK_1.0.3_NUCLEO-F401RE\lib_stm\libLibraries.a(ucg_circle.o)
                              C:\Users\hauho\Downloads\IOT-Programming-with-Master-Embedded-773df849394c85dc7b3938106d0abe7e95302a84\IOT-Programming-with-Master-Embedded-773df849394c85dc7b3938106d0abe7e95302a84\Courseware 2\SDK_1.0.3_NUCLEO-F401RE\SDK_1.0.3_NUCLEO-F401RE\lib_stm\libLibraries.a(ucg_box.o) (ucg_DrawCircle)
C:\Users\hauho\Downloads\IOT-Programming-with-Master-Embedded-773df849394c85dc7b3938106d0abe7e95302a84\IOT-Programming-with-Master-Embedded-773df849394c85dc7b3938106d0abe7e95302a84\Courseware 2\SDK_1.0.3_NUCLEO-F401RE\SDK_1.0.3_NUCLEO-F401RE\lib_stm\libLibraries.a(ucg_dev_default_cb.o)
                              C:\Users\hauho\Downloads\IOT-Programming-with-Master-Embedded-773df849394c85dc7b3938106d0abe7e95302a84\IOT-Programming-with-Master-Embedded-773df849394c85dc7b3938106d0abe7e95302a84\Courseware 2\SDK_1.0.3_NUCLEO-F401RE\SDK_1.0.3_NUCLEO-F401RE\lib_stm\libLibraries.a(Ucglib.o) (ucg_dev_default_cb)
C:\Users\hauho\Downloads\IOT-Programming-with-Master-Embedded-773df849394c85dc7b3938106d0abe7e95302a84\IOT-Programming-with-Master-Embedded-773df849394c85dc7b3938106d0abe7e95302a84\Courseware 2\SDK_1.0.3_NUCLEO-F401RE\SDK_1.0.3_NUCLEO-F401RE\lib_stm\libLibraries.a(ucg_dev_ic_st7735.o)
                              C:\Users\hauho\Downloads\IOT-Programming-with-Master-Embedded-773df849394c85dc7b3938106d0abe7e95302a84\IOT-Programming-with-Master-Embedded-773df849394c85dc7b3938106d0abe7e95302a84\Courseware 2\SDK_1.0.3_NUCLEO-F401RE\SDK_1.0.3_NUCLEO-F401RE\lib_stm\libLibraries.a(Ucglib.o) (ucg_ext_st7735_18)
C:\Users\hauho\Downloads\IOT-Programming-with-Master-Embedded-773df849394c85dc7b3938106d0abe7e95302a84\IOT-Programming-with-Master-Embedded-773df849394c85dc7b3938106d0abe7e95302a84\Courseware 2\SDK_1.0.3_NUCLEO-F401RE\SDK_1.0.3_NUCLEO-F401RE\lib_stm\libLibraries.a(ucg_dev_msg_api.o)
                              C:\Users\hauho\Downloads\IOT-Programming-with-Master-Embedded-773df849394c85dc7b3938106d0abe7e95302a84\IOT-Programming-with-Master-Embedded-773df849394c85dc7b3938106d0abe7e95302a84\Courseware 2\SDK_1.0.3_NUCLEO-F401RE\SDK_1.0.3_NUCLEO-F401RE\lib_stm\libLibraries.a(ucg_box.o) (ucg_SetMaxClipRange)
C:\Users\hauho\Downloads\IOT-Programming-with-Master-Embedded-773df849394c85dc7b3938106d0abe7e95302a84\IOT-Programming-with-Master-Embedded-773df849394c85dc7b3938106d0abe7e95302a84\Courseware 2\SDK_1.0.3_NUCLEO-F401RE\SDK_1.0.3_NUCLEO-F401RE\lib_stm\libLibraries.a(ucg_dev_tft_128x128_st7735.o)
[...]
Memory Configuration

Name             Origin             Length             Attributes
RAM              0x20000000         0x00018000         xrw
FLASH            0x08000000         0x00080000         xr
*default*        0x00000000         0xffffffff

Linker script and memory map

LOAD C:/ST/STM32CubeIDE_1.15.0/STM32CubeIDE/plugins/com.st.stm32cube.ide.mcu.externaltools.gnu-tools-for-stm32.12.3.rel1.win32_1.0.100.202403111256/tools/bin/../lib/gcc/arm-none-eabi/12.3.1/thumb/v7e-m+fp/hard/crti.o
LOAD C:/ST/STM32CubeIDE_1.15.0/STM32CubeIDE/plugins/com.st.stm32cube.ide.mcu.externaltools.gnu-tools-for-stm32.12.3.rel1.win32_1.0.100.202403111256/tools/bin/../lib/gcc/arm-none-eabi/12.3.1/thumb/v7e-m+fp/hard/crtbegin.o
LOAD C:/ST/STM32CubeIDE_1.15.0/STM32CubeIDE/plugins/com.st.stm32cube.ide.mcu.externaltools.gnu-tools-for-stm32.12.3.rel1.win32_1.0.100.202403111256/tools/bin/../lib/gcc/arm-none-eabi/12.3.1/../../../../arm-none-eabi/lib/thumb/v7e-m+fp/hard/crt0.o
LOAD ./Src/main.o
LOAD ./Src/syscalls.o
LOAD ./Src/sysmem.o
LOAD ./Startup/startup_stm32f401retx.o
LOAD C:\Users\hauho\Downloads\IOT-Programming-with-Master-Embedded-773df849394c85dc7b3938106d0abe7e95302a84\IOT-Programming-with-Master-Embedded-773df849394c85dc7b3938106d0abe7e95302a84\Courseware 2\SDK_1.0.3_NUCLEO-F401RE\SDK_1.0.3_NUCLEO-F401RE\lib_stm\libLibraries.a
START GROUP
LOAD C:/ST/STM32CubeIDE_1.15.0/STM32CubeIDE/plugins/com.st.stm32cube.ide.mcu.externaltools.gnu-tools-for-stm32.12.3.rel1.win32_1.0.100.202403111256/tools/bin/../lib/gcc/arm-none-eabi/12.3.1/../../../../arm-none-eabi/lib/thumb/v7e-m+fp/hard\libc_nano.a
LOAD C:/ST/STM32CubeIDE_1.15.0/STM32CubeIDE/plugins/com.st.stm32cube.ide.mcu.externaltools.gnu-tools-for-stm32.12.3.rel1.win32_1.0.100.202403111256/tools/bin/../lib/gcc/arm-none-eabi/12.3.1/../../../../arm-none-eabi/lib/thumb/v7e-m+fp/hard\libm.a
END GROUP
START GROUP
LOAD C:/ST/STM32CubeIDE_1.15.0/STM32CubeIDE/plugins/com.st.stm32cube.ide.mcu.externaltools.gnu-tools-for-stm32.12.3.rel1.win32_1.0.100.202403111256/tools/bin/../lib/gcc/arm-none-eabi/12.3.1/thumb/v7e-m+fp/hard\libgcc.a
LOAD C:/ST/STM32CubeIDE_1.15.0/STM32CubeIDE/plugins/com.st.stm32cube.ide.mcu.externaltools.gnu-tools-for-stm32.12.3.rel1.win32_1.0.100.202403111256/tools/bin/../lib/gcc/arm-none-eabi/12.3.1/../../../../arm-none-eabi/lib/thumb/v7e-m+fp/hard\libc_nano.a
END GROUP
START GROUP
LOAD C:/ST/STM32CubeIDE_1.15.0/STM32CubeIDE/plugins/com.st.stm32cube.ide.mcu.externaltools.gnu-tools-for-stm32.12.3.rel1.win32_1.0.100.202403111256/tools/bin/../lib/gcc/arm-none-eabi/12.3.1/thumb/v7e-m+fp/hard\libgcc.a
LOAD C:/ST/STM32CubeIDE_1.15.0/STM32CubeIDE/plugins/com.st.stm32cube.ide.mcu.externaltools.gnu-tools-for-stm32.12.3.rel1.win32_1.0.100.202403111256/tools/bin/../lib/gcc/arm-none-eabi/12.3.1/../../../../arm-none-eabi/lib/thumb/v7e-m+fp/hard\libc_nano.a
LOAD C:/ST/STM32CubeIDE_1.15.0/STM32CubeIDE/plugins/com.st.stm32cube.ide.mcu.externaltools.gnu-tools-for-stm32.12.3.rel1.win32_1.0.100.202403111256/tools/bin/../lib/gcc/arm-none-eabi/12.3.1/../../../../arm-none-eabi/lib/thumb/v7e-m+fp/hard\libnosys.a
END GROUP
START GROUP
LOAD C:/ST/STM32CubeIDE_1.15.0/STM32CubeIDE/plugins/com.st.stm32cube.ide.mcu.externaltools.gnu-tools-for-stm32.12.3.rel1.win32_1.0.100.202403111256/tools/bin/../lib/gcc/arm-none-eabi/12.3.1/thumb/v7e-m+fp/hard\libgcc.a
LOAD C:/ST/STM32CubeIDE_1.15.0/STM32CubeIDE/plugins/com.st.stm32cube.ide.mcu.externaltools.gnu-tools-for-stm32.12.3.rel1.win32_1.0.100.202403111256/tools/bin/../lib/gcc/arm-none-eabi/12.3.1/../../../../arm-none-eabi/lib/thumb/v7e-m+fp/hard\libc_nano.a
LOAD C:/ST/STM32CubeIDE_1.15.0/STM32CubeIDE/plugins/com.st.stm32cube.ide.mcu.externaltools.gnu-tools-for-stm32.12.3.rel1.win32_1.0.100.202403111256/tools/bin/../lib/gcc/arm-none-eabi/12.3.1/../../../../arm-none-eabi/lib/thumb/v7e-m+fp/hard\libnosys.a
END GROUP
LOAD C:/ST/STM32CubeIDE_1.15.0/STM32CubeIDE/plugins/com.st.stm32cube.ide.mcu.externaltools.gnu-tools-for-stm32.12.3.rel1.win32_1.0.100.202403111256/tools/bin/../lib/gcc/arm-none-eabi/12.3.1/thumb/v7e-m+fp/hard/crtend.o
LOAD C:/ST/STM32CubeIDE_1.15.0/STM32CubeIDE/plugins/com.st.stm32cube.ide.mcu.externaltools.gnu-tools-for-stm32.12.3.rel1.win32_1.0.100.202403111256/tools/bin/../lib/gcc/arm-none-eabi/12.3.1/thumb/v7e-m+fp/hard/crtn.o
                0x20018000                        _estack = (ORIGIN (RAM) + LENGTH (RAM))
                0x00000200                        _Min_Heap_Size = 0x200
                0x00000400                        _Min_Stack_Size = 0x400

.isr_vector     0x08000000      0x194
                0x08000000                        . = ALIGN (0x4)
 *(.isr_vector)
 .isr_vector    0x08000000      0x194 ./Startup/startup_stm32f401retx.o
                0x08000000                g_pfnVectors
                0x08000194                        . = ALIGN (0x4)

.text           0x08000194     0x3030
                0x08000194                        . = ALIGN (0x4)
 *(.text)
 .text          0x08000194       0x40 C:/ST/STM32CubeIDE_1.15.0/STM32CubeIDE/plugins/com.st.stm32cube.ide.mcu.externaltools.gnu-tools-for-stm32.12.3.rel1.win32_1.0.100.202403111256/tools/bin/../lib/gcc/arm-none-eabi/12.3.1/thumb/v7e-m+fp/hard/crtbegin.o
 *(.text*)
 .text.main     0x080001d4       0x80 ./Src/main.o
                0x080001d4                main
 .text.Reset_Handler
                0x08000254       0x50 ./Startup/startup_stm32f401retx.o
                0x08000254                Reset_Handler
 .text.Default_Handler
                0x080002a4        0x2 ./Startup/startup_stm32f401retx.o
                0x080002a4                EXTI2_IRQHandler
                0x080002a4                DebugMon_Handler
                0x080002a4                SPI4_IRQHandler
                0x080002a4                TIM1_CC_IRQHandler
                0x080002a4                DMA2_Stream5_IRQHandler
                0x080002a4                HardFault_Handler
                0x080002a4                DMA1_Stream5_IRQHandler
                0x080002a4                SDIO_IRQHandler
                0x080002a4                TAMP_STAMP_IRQHandler
                0x080002a4                PendSV_Handler
                0x080002a4                NMI_Handler
                0x080002a4                EXTI3_IRQHandler
                0x080002a4                TIM1_UP_TIM10_IRQHandler
                0x080002a4                I2C3_ER_IRQHandler
                0x080002a4                EXTI18_OTG_FS_WKUP_IRQHandler
                0x080002a4                EXTI0_IRQHandler
                0x080002a4                I2C2_EV_IRQHandler
                0x080002a4                DMA1_Stream2_IRQHandler
                0x080002a4                UsageFault_Handler
                0x080002a4                DMA2_Stream2_IRQHandler
                0x080002a4                SPI1_IRQHandler
                0x080002a4                TIM1_BRK_TIM9_IRQHandler
                0x080002a4                DMA2_Stream3_IRQHandler
                0x080002a4                USART6_IRQHandler
                0x080002a4                DMA2_Stream0_IRQHandler
                0x080002a4                TIM4_IRQHandler
                0x080002a4                I2C1_EV_IRQHandler
                0x080002a4                DMA1_Stream6_IRQHandler
                0x080002a4                DMA1_Stream1_IRQHandler
                0x080002a4                TIM3_IRQHandler
                0x080002a4                RCC_IRQHandler
                0x080002a4                Default_Handler
                0x080002a4                EXTI15_10_IRQHandler
                0x080002a4                ADC_IRQHandler
                0x080002a4                DMA1_Stream7_IRQHandler
                0x080002a4                TIM5_IRQHandler
                0x080002a4                DMA2_Stream7_IRQHandler
                0x080002a4                I2C3_EV_IRQHandler
                0x080002a4                EXTI9_5_IRQHandler
                0x080002a4                SPI2_IRQHandler
                0x080002a4                MemManage_Handler
                0x080002a4                DMA1_Stream0_IRQHandler
                0x080002a4                SVC_Handler
                0x080002a4                EXTI4_IRQHandler
                0x080002a4                EXTI22_RTC_WKUP_IRQHandler
                0x080002a4                TIM2_IRQHandler
                0x080002a4                EXTI16_PVD_IRQHandler
                0x080002a4                TIM1_TRG_COM_TIM11_IRQHandler
                0x080002a4                EXTI1_IRQHandler
                0x080002a4                EXTI17_RTC_Alarm_IRQHandler
                0x080002a4                USART2_IRQHandler
                0x080002a4                I2C2_ER_IRQHandler
                0x080002a4                DMA2_Stream1_IRQHandler
                0x080002a4                FLASH_IRQHandler
                0x080002a4                DMA2_Stream4_IRQHandler
                0x080002a4                BusFault_Handler
                0x080002a4                USART1_IRQHandler
                0x080002a4                OTG_FS_IRQHandler
                0x080002a4                SPI3_IRQHandler
                0x080002a4                DMA1_Stream4_IRQHandler
                0x080002a4                I2C1_ER_IRQHandler
                0x080002a4                DMA2_Stream6_IRQHandler
                0x080002a4                DMA1_Stream3_IRQHandler
 *fill*         0x080002a6        0x2 
 .text.SystemInit
                0x080002a8       0x6c C:\Users\hauho\Downloads\IOT-Programming-with-Master-Embedded-773df849394c85dc7b3938106d0abe7e95302a84\IOT-Programming-with-Master-Embedded-773df849394c85dc7b3938106d0abe7e95302a84\Courseware 2\SDK_1.0.3_NUCLEO-F401RE\SDK_1.0.3_NUCLEO-F401RE\lib_stm\libLibraries.a(system_stm32f4xx.o)
                0x080002a8                SystemInit
 .text.SystemCoreClockUpdate
                0x08000314       0xf8 C:\Users\hauho\Downloads\IOT-Programming-with-Master-Embedded-773df849394c85dc7b3938106d0abe7e95302a84\IOT-Programming-with-Master-Embedded-773df849394c85dc7b3938106d0abe7e95302a84\Courseware 2\SDK_1.0.3_NUCLEO-F401RE\SDK_1.0.3_NUCLEO-F401RE\lib_stm\libLibraries.a(system_stm32f4xx.o)
                0x08000314                SystemCoreClockUpdate
 .text.SetSysClock
                0x0800040c       0xa0 C:\Users\hauho\Downloads\IOT-Programming-with-Master-Embedded-773df849394c85dc7b3938106d0abe7e95302a84\IOT-Programming-with-Master-Embedded-773df849394c85dc7b3938106d0abe7e95302a84\Courseware 2\SDK_1.0.3_NUCLEO-F401RE\SDK_1.0.3_NUCLEO-F401RE\lib_stm\libLibraries.a(system_stm32f4xx.o)
 .text.NVIC_SetPriority
                0x080004ac       0x54 C:\Users\hauho\Downloads\IOT-Programming-with-Master-Embedded-773df849394c85dc7b3938106d0abe7e95302a84\IOT-Programming-with-Master-Embedded-773df849394c85dc7b3938106d0abe7e95302a84\Courseware 2\SDK_1.0.3_NUCLEO-F401RE\SDK_1.0.3_NUCLEO-F401RE\lib_stm\libLibraries.a(timer.o)
 .text.SysTick_Config
                0x08000500       0x44 C:\Users\hauho\Downloads\IOT-Programming-with-Master-Embedded-773df849394c85dc7b3938106d0abe7e95302a84\IOT-Programming-with-Master-Embedded-773df849394c85dc7b3938106d0abe7e95302a84\Courseware 2\SDK_1.0.3_NUCLEO-F401RE\SDK_1.0.3_NUCLEO-F401RE\lib_stm\libLibraries.a(timer.o)
 .text.TimerInit
                0x08000544       0x44 C:\Users\hauho\Downloads\IOT-Programming-with-Master-Embedded-773df849394c85dc7b3938106d0abe7e95302a84\IOT-Programming-with-Master-Embedded-773df849394c85dc7b3938106d0abe7e95302a84\Courseware 2\SDK_1.0.3_NUCLEO-F401RE\SDK_1.0.3_NUCLEO-F401RE\lib_stm\libLibraries.a(timer.o)
                0x08000544                TimerInit
 .text.TimerStart
                0x08000588       0xc4 C:\Users\hauho\Downloads\IOT-Programming-with-Master-Embedded-773df849394c85dc7b3938106d0abe7e95302a84\IOT-Programming-with-Master-Embedded-773df849394c85dc7b3938106d0abe7e95302a84\Courseware 2\SDK_1.0.3_NUCLEO-F401RE\SDK_1.0.3_NUCLEO-F401RE\lib_stm\libLibraries.a(timer.o)
                0x08000588                TimerStart
 .text.TimerStop
                0x0800064c       0xa0 C:\Users\hauho\Downloads\IOT-Programming-with-Master-Embedded-773df849394c85dc7b3938106d0abe7e95302a84\IOT-Programming-with-Master-Embedded-773df849394c85dc7b3938106d0abe7e95302a84\Courseware 2\SDK_1.0.3_NUCLEO-F401RE\SDK_1.0.3_NUCLEO-F401RE\lib_stm\libLibraries.a(timer.o)
                0x0800064c                TimerStop
 .text.GetMilSecTick
                0x080006ec       0x18 C:\Users\hauho\Downloads\IOT-Programming-with-Master-Embedded-773df849394c85dc7b3938106d0abe7e95302a84\IOT-Programming-with-Master-Embedded-773df849394c85dc7b3938106d0abe7e95302a84\Courseware 2\SDK_1.0.3_NUCLEO-F401RE\SDK_1.0.3_NUCLEO-F401RE\lib_stm\libLibraries.a(timer.o)
                0x080006ec                GetMilSecTick
 .text.processTimerScheduler
                0x08000704       0xf0 C:\Users\hauho\Downloads\IOT-Programming-with-Master-Embedded-773df849394c85dc7b3938106d0abe7e95302a84\IOT-Programming-with-Master-Embedded-773df849394c85dc7b3938106d0abe7e95302a84\Courseware 2\SDK_1.0.3_NUCLEO-F401RE\SDK_1.0.3_NUCLEO-F401RE\lib_stm\libLibraries.a(timer.o)
                0x08000704                processTimerScheduler
 .text.TimeExpired
                0x080007f4       0xcc C:\Users\hauho\Downloads\IOT-Programming-with-Master-Embedded-773df849394c85dc7b3938106d0abe7e95302a84\IOT-Programming-with-Master-Embedded-773df849394c85dc7b3938106d0abe7e95302a84\Courseware 2\SDK_1.0.3_NUCLEO-F401RE\SDK_1.0.3_NUCLEO-F401RE\lib_stm\libLibraries.a(timer.o)
 .text.SysTick_Handler
                0x080008c0       0x1c C:\Users\hauho\Downloads\IOT-Programming-with-Master-Embedded-773df849394c85dc7b3938106d0abe7e95302a84\IOT-Programming-with-Master-Embedded-773df849394c85dc7b3938106d0abe7e95302a84\Courseware 2\SDK_1.0.3_NUCLEO-F401RE\SDK_1.0.3_NUCLEO-F401RE\lib_stm\libLibraries.a(timer.o)
                0x080008c0                SysTick_Handler
 .text.delayMicroseconds
                0x080008dc       0x14 C:\Users\hauho\Downloads\IOT-Programming-with-Master-Embedded-773df849394c85dc7b3938106d0abe7e95302a84\IOT-Programming-with-Master-Embedded-773df849394c85dc7b3938106d0abe7e95302a84\Courseware 2\SDK_1.0.3_NUCLEO-F401RE\SDK_1.0.3_NUCLEO-F401RE\lib_stm\libLibraries.a(Ucglib.o)
 .text.ucg_gpio_init
                0x080008f0       0x60 C:\Users\hauho\Downloads\IOT-Programming-with-Master-Embedded-773df849394c85dc7b3938106d0abe7e95302a84\IOT-Programming-with-Master-Embedded-773df849394c85dc7b3938106d0abe7e95302a84\Courseware 2\SDK_1.0.3_NUCLEO-F401RE\SDK_1.0.3_NUCLEO-F401RE\lib_stm\libLibraries.a(Ucglib.o)
 .text.ucg_com_arduino_send_generic_SW_SPI
                0x08000950       0x74 C:\Users\hauho\Downloads\IOT-Programming-with-Master-Embedded-773df849394c85dc7b3938106d0abe7e95302a84\IOT-Programming-with-Master-Embedded-773df849394c85dc7b3938106d0abe7e95302a84\Courseware 2\SDK_1.0.3_NUCLEO-F401RE\SDK_1.0.3_NUCLEO-F401RE\lib_stm\libLibraries.a(Ucglib.o)
 .text.ucg_com_arduino_generic_SW_SPI
                0x080009c4      0x1ec C:\Users\hauho\Downloads\IOT-Programming-with-Master-Embedded-773df849394c85dc7b3938106d0abe7e95302a84\IOT-Programming-with-Master-Embedded-773df849394c85dc7b3938106d0abe7e95302a84\Courseware 2\SDK_1.0.3_NUCLEO-F401RE\SDK_1.0.3_NUCLEO-F401RE\lib_stm\libLibraries.a(Ucglib.o)
 .text.Ucglib4WireSWSPI_begin
                0x08000bb0       0x38 C:\Users\hauho\Downloads\IOT-Programming-with-Master-Embedded-773df849394c85dc7b3938106d0abe7e95302a84\IOT-Programming-with-Master-Embedded-773df849394c85dc7b3938106d0abe7e95302a84\Courseware 2\SDK_1.0.3_NUCLEO-F401RE\SDK_1.0.3_NUCLEO-F401RE\lib_stm\libLibraries.a(Ucglib.o)
                0x08000bb0                Ucglib4WireSWSPI_begin
 .text.ucg_DrawBox
                0x08000be8       0x56 C:\Users\hauho\Downloads\IOT-Programming-with-Master-Embedded-773df849394c85dc7b3938106d0abe7e95302a84\IOT-Programming-with-Master-Embedded-773df849394c85dc7b3938106d0abe7e95302a84\Courseware 2\SDK_1.0.3_NUCLEO-F401RE\SDK_1.0.3_NUCLEO-F401RE\lib_stm\libLibraries.a(ucg_box.o)
                0x08000be8                ucg_DrawBox
 .text.ucg_ClearScreen
                0x08000c3e       0x50 C:\Users\hauho\Downloads\IOT-Programming-with-Master-Embedded-773df849394c85dc7b3938106d0abe7e95302a84\IOT-Programming-with-Master-Embedded-773df849394c85dc7b3938106d0abe7e95302a84\Courseware 2\SDK_1.0.3_NUCLEO-F401RE\SDK_1.0.3_NUCLEO-F401RE\lib_stm\libLibraries.a(ucg_box.o)
                0x08000c3e                ucg_ClearScreen
 .text.ucg_ccs_init
                0x08000c8e       0xc0 C:\Users\hauho\Downloads\IOT-Programming-with-Master-Embedded-773df849394c85dc7b3938106d0abe7e95302a84\IOT-Programming-with-Master-Embedded-773df849394c85dc7b3938106d0abe7e95302a84\Courseware 2\SDK_1.0.3_NUCLEO-F401RE\SDK_1.0.3_NUCLEO-F401RE\lib_stm\libLibraries.a(ucg_ccs.o)
                0x08000c8e                ucg_ccs_init
 .text.ucg_ccs_step
                0x08000d4e       0x80 C:\Users\hauho\Downloads\IOT-Programming-with-Master-Embedded-773df849394c85dc7b3938106d0abe7e95302a84\IOT-Programming-with-Master-Embedded-773df849394c85dc7b3938106d0abe7e95302a84\Courseware 2\SDK_1.0.3_NUCLEO-F401RE\SDK_1.0.3_NUCLEO-F401RE\lib_stm\libLibraries.a(ucg_ccs.o)
                0x08000d4e                ucg_ccs_step
 .text.ucg_ccs_seek
                0x08000dce       0xca C:\Users\hauho\Downloads\IOT-Programming-with-Master-Embedded-773df849394c85dc7b3938106d0abe7e95302a84\IOT-Programming-with-Master-Embedded-773df849394c85dc7b3938106d0abe7e95302a84\Courseware 2\SDK_1.0.3_NUCLEO-F401RE\SDK_1.0.3_NUCLEO-F401RE\lib_stm\libLibraries.a(ucg_ccs.o)
                0x08000dce                ucg_ccs_seek
 .text.ucg_dev_default_cb
                0x08000e98       0x44 C:\Users\hauho\Downloads\IOT-Programming-with-Master-Embedded-773df849394c85dc7b3938106d0abe7e95302a84\IOT-Programming-with-Master-Embedded-773df849394c85dc7b3938106d0abe7e95302a84\Courseware 2\SDK_1.0.3_NUCLEO-F401RE\SDK_1.0.3_NUCLEO-F401RE\lib_stm\libLibraries.a(ucg_dev_default_cb.o)
                0x08000e98                ucg_dev_default_cb
 .text.ucg_ext_none
                0x08000edc       0x1c C:\Users\hauho\Downloads\IOT-Programming-with-Master-Embedded-773df849394c85dc7b3938106d0abe7e95302a84\IOT-Programming-with-Master-Embedded-773df849394c85dc7b3938106d0abe7e95302a84\Courseware 2\SDK_1.0.3_NUCLEO-F401RE\SDK_1.0.3_NUCLEO-F401RE\lib_stm\libLibraries.a(ucg_dev_default_cb.o)
                0x08000edc                ucg_ext_none
 .text.ucg_handle_st7735_l90fx
                0x08000ef8       0xd8 C:\Users\hauho\Downloads\IOT-Programming-with-Master-Embedded-773df849394c85dc7b3938106d0abe7e95302a84\IOT-Programming-with-Master-Embedded-773df849394c85dc7b3938106d0abe7e95302a84\Courseware 2\SDK_1.0.3_NUCLEO-F401RE\SDK_1.0.3_NUCLEO-F401RE\lib_stm\libLibraries.a(ucg_dev_ic_st7735.o)
                0x08000ef8                ucg_handle_st7735_l90fx
 .text.ucg_handle_st7735_l90se
                0x08000fd0      0x154 C:\Users\hauho\Downloads\IOT-Programming-with-Master-Embedded-773df849394c85dc7b3938106d0abe7e95302a84\IOT-Programming-with-Master-Embedded-773df849394c85dc7b3938106d0abe7e95302a84\Courseware 2\SDK_1.0.3_NUCLEO-F401RE\SDK_1.0.3_NUCLEO-F401RE\lib_stm\libLibraries.a(ucg_dev_ic_st7735.o)
                0x08000fd0                ucg_handle_st7735_l90se
 .text.ucg_dev_ic_st7735_18
                0x08001124       0xf8 C:\Users\hauho\Downloads\IOT-Programming-with-Master-Embedded-773df849394c85dc7b3938106d0abe7e95302a84\IOT-Programming-with-Master-Embedded-773df849394c85dc7b3938106d0abe7e95302a84\Courseware 2\SDK_1.0.3_NUCLEO-F401RE\SDK_1.0.3_NUCLEO-F401RE\lib_stm\libLibraries.a(ucg_dev_ic_st7735.o)
                0x08001124                ucg_dev_ic_st7735_18
 .text.ucg_ext_st7735_18
                0x0800121c       0x28 C:\Users\hauho\Downloads\IOT-Programming-with-Master-Embedded-773df849394c85dc7b3938106d0abe7e95302a84\IOT-Programming-with-Master-Embedded-773df849394c85dc7b3938106d0abe7e95302a84\Courseware 2\SDK_1.0.3_NUCLEO-F401RE\SDK_1.0.3_NUCLEO-F401RE\lib_stm\libLibraries.a(ucg_dev_ic_st7735.o)
                0x0800121c                ucg_ext_st7735_18
 .text.ucg_PowerDown
                0x08001244       0x34 C:\Users\hauho\Downloads\IOT-Programming-with-Master-Embedded-773df849394c85dc7b3938106d0abe7e95302a84\IOT-Programming-with-Master-Embedded-773df849394c85dc7b3938106d0abe7e95302a84\Courseware 2\SDK_1.0.3_NUCLEO-F401RE\SDK_1.0.3_NUCLEO-F401RE\lib_stm\libLibraries.a(ucg_dev_msg_api.o)
                0x08001244                ucg_PowerDown
 .text.ucg_PowerUp
                0x08001278       0x3c C:\Users\hauho\Downloads\IOT-Programming-with-Master-Embedded-773df849394c85dc7b3938106d0abe7e95302a84\IOT-Programming-with-Master-Embedded-773df849394c85dc7b3938106d0abe7e95302a84\Courseware 2\SDK_1.0.3_NUCLEO-F401RE\SDK_1.0.3_NUCLEO-F401RE\lib_stm\libLibraries.a(ucg_dev_msg_api.o)
                0x08001278                ucg_PowerUp
 .text.ucg_SetClipBox
                0x080012b4       0x1e C:\Users\hauho\Downloads\IOT-Programming-with-Master-Embedded-773df849394c85dc7b3938106d0abe7e95302a84\IOT-Programming-with-Master-Embedded-773df849394c85dc7b3938106d0abe7e95302a84\Courseware 2\SDK_1.0.3_NUCLEO-F401RE\SDK_1.0.3_NUCLEO-F401RE\lib_stm\libLibraries.a(ucg_dev_msg_api.o)
                0x080012b4                ucg_SetClipBox
 .text.ucg_SetMaxClipRange
                0x080012d2       0x30 C:\Users\hauho\Downloads\IOT-Programming-with-Master-Embedded-773df849394c85dc7b3938106d0abe7e95302a84\IOT-Programming-with-Master-Embedded-773df849394c85dc7b3938106d0abe7e95302a84\Courseware 2\SDK_1.0.3_NUCLEO-F401RE\SDK_1.0.3_NUCLEO-F401RE\lib_stm\libLibraries.a(ucg_dev_msg_api.o)
                0x080012d2                ucg_SetMaxClipRange
 .text.ucg_GetDimension
                0x08001302       0x24 C:\Users\hauho\Downloads\IOT-Programming-with-Master-Embedded-773df849394c85dc7b3938106d0abe7e95302a84\IOT-Programming-with-Master-Embedded-773df849394c85dc7b3938106d0abe7e95302a84\Courseware 2\SDK_1.0.3_NUCLEO-F401RE\SDK_1.0.3_NUCLEO-F401RE\lib_stm\libLibraries.a(ucg_dev_msg_api.o)
                0x08001302                ucg_GetDimension
 .text.ucg_DrawL90FXWithArg
                0x08001326       0x1e C:\Users\hauho\Downloads\IOT-Programming-with-Master-Embedded-773df849394c85dc7b3938106d0abe7e95302a84\IOT-Programming-with-Master-Embedded-773df849394c85dc7b3938106d0abe7e95302a84\Courseware 2\SDK_1.0.3_NUCLEO-F401RE\SDK_1.0.3_NUCLEO-F401RE\lib_stm\libLibraries.a(ucg_dev_msg_api.o)
                0x08001326                ucg_DrawL90FXWithArg
 .text.ucg_dev_st7735_18x128x128
                0x08001344       0x80 C:\Users\hauho\Downloads\IOT-Programming-with-Master-Embedded-773df849394c85dc7b3938106d0abe7e95302a84\IOT-Programming-with-Master-Embedded-773df849394c85dc7b3938106d0abe7e95302a84\Courseware 2\SDK_1.0.3_NUCLEO-F401RE\SDK_1.0.3_NUCLEO-F401RE\lib_stm\libLibraries.a(ucg_dev_tft_128x128_st7735.o)
                0x08001344                ucg_dev_st7735_18x128x128
 .text.ucg_font_get_byte
                0x080013c4       0x24 C:\Users\hauho\Downloads\IOT-Programming-with-Master-Embedded-773df849394c85dc7b3938106d0abe7e95302a84\IOT-Programming-with-Master-Embedded-773df849394c85dc7b3938106d0abe7e95302a84\Courseware 2\SDK_1.0.3_NUCLEO-F401RE\SDK_1.0.3_NUCLEO-F401RE\lib_stm\libLibraries.a(ucg_font.o)
 .text.ucg_font_get_word
                0x080013e8       0x40 C:\Users\hauho\Downloads\IOT-Programming-with-Master-Embedded-773df849394c85dc7b3938106d0abe7e95302a84\IOT-Programming-with-Master-Embedded-773df849394c85dc7b3938106d0abe7e95302a84\Courseware 2\SDK_1.0.3_NUCLEO-F401RE\SDK_1.0.3_NUCLEO-F401RE\lib_stm\libLibraries.a(ucg_font.o)
 .text.ucg_read_font_info
                0x08001428      0x142 C:\Users\hauho\Downloads\IOT-Programming-with-Master-Embedded-773df849394c85dc7b3938106d0abe7e95302a84\IOT-Programming-with-Master-Embedded-773df849394c85dc7b3938106d0abe7e95302a84\Courseware 2\SDK_1.0.3_NUCLEO-F401RE\SDK_1.0.3_NUCLEO-F401RE\lib_stm\libLibraries.a(ucg_font.o)
                0x08001428                ucg_read_font_info
 .text.ucg_font_decode_get_unsigned_bits
                0x0800156a       0x96 C:\Users\hauho\Downloads\IOT-Programming-with-Master-Embedded-773df849394c85dc7b3938106d0abe7e95302a84\IOT-Programming-with-Master-Embedded-773df849394c85dc7b3938106d0abe7e95302a84\Courseware 2\SDK_1.0.3_NUCLEO-F401RE\SDK_1.0.3_NUCLEO-F401RE\lib_stm\libLibraries.a(ucg_font.o)
                0x0800156a                ucg_font_decode_get_unsigned_bits
 .text.ucg_font_decode_get_signed_bits
                0x08001600       0x46 C:\Users\hauho\Downloads\IOT-Programming-with-Master-Embedded-773df849394c85dc7b3938106d0abe7e95302a84\IOT-Programming-with-Master-Embedded-773df849394c85dc7b3938106d0abe7e95302a84\Courseware 2\SDK_1.0.3_NUCLEO-F401RE\SDK_1.0.3_NUCLEO-F401RE\lib_stm\libLibraries.a(ucg_font.o)
                0x08001600                ucg_font_decode_get_signed_bits
 .text.ucg_add_vector_y
                0x08001646       0x7a C:\Users\hauho\Downloads\IOT-Programming-with-Master-Embedded-773df849394c85dc7b3938106d0abe7e95302a84\IOT-Programming-with-Master-Embedded-773df849394c85dc7b3938106d0abe7e95302a84\Courseware 2\SDK_1.0.3_NUCLEO-F401RE\SDK_1.0.3_NUCLEO-F401RE\lib_stm\libLibraries.a(ucg_font.o)
 .text.ucg_add_vector_x
                0x080016c0       0x7a C:\Users\hauho\Downloads\IOT-Programming-with-Master-Embedded-773df849394c85dc7b3938106d0abe7e95302a84\IOT-Programming-with-Master-Embedded-773df849394c85dc7b3938106d0abe7e95302a84\Courseware 2\SDK_1.0.3_NUCLEO-F401RE\SDK_1.0.3_NUCLEO-F401RE\lib_stm\libLibraries.a(ucg_font.o)
 .text.ucg_font_decode_len
                0x0800173a      0x118 C:\Users\hauho\Downloads\IOT-Programming-with-Master-Embedded-773df849394c85dc7b3938106d0abe7e95302a84\IOT-Programming-with-Master-Embedded-773df849394c85dc7b3938106d0abe7e95302a84\Courseware 2\SDK_1.0.3_NUCLEO-F401RE\SDK_1.0.3_NUCLEO-F401RE\lib_stm\libLibraries.a(ucg_font.o)
                0x0800173a                ucg_font_decode_len
 .text.ucg_font_setup_decode
                0x08001852       0x64 C:\Users\hauho\Downloads\IOT-Programming-with-Master-Embedded-773df849394c85dc7b3938106d0abe7e95302a84\IOT-Programming-with-Master-Embedded-773df849394c85dc7b3938106d0abe7e95302a84\Courseware 2\SDK_1.0.3_NUCLEO-F401RE\SDK_1.0.3_NUCLEO-F401RE\lib_stm\libLibraries.a(ucg_font.o)
 .text.ucg_font_decode_glyph
                0x080018b6      0x14c C:\Users\hauho\Downloads\IOT-Programming-with-Master-Embedded-773df849394c85dc7b3938106d0abe7e95302a84\IOT-Programming-with-Master-Embedded-773df849394c85dc7b3938106d0abe7e95302a84\Courseware 2\SDK_1.0.3_NUCLEO-F401RE\SDK_1.0.3_NUCLEO-F401RE\lib_stm\libLibraries.a(ucg_font.o)
                0x080018b6                ucg_font_decode_glyph
 .text.ucg_font_get_glyph_data
                0x08001a02       0x7a C:\Users\hauho\Downloads\IOT-Programming-with-Master-Embedded-773df849394c85dc7b3938106d0abe7e95302a84\IOT-Programming-with-Master-Embedded-773df849394c85dc7b3938106d0abe7e95302a84\Courseware 2\SDK_1.0.3_NUCLEO-F401RE\SDK_1.0.3_NUCLEO-F401RE\lib_stm\libLibraries.a(ucg_font.o)
                0x08001a02                ucg_font_get_glyph_data
 .text.ucg_font_draw_glyph
                0x08001a7c       0x62 C:\Users\hauho\Downloads\IOT-Programming-with-Master-Embedded-773df849394c85dc7b3938106d0abe7e95302a84\IOT-Programming-with-Master-Embedded-773df849394c85dc7b3938106d0abe7e95302a84\Courseware 2\SDK_1.0.3_NUCLEO-F401RE\SDK_1.0.3_NUCLEO-F401RE\lib_stm\libLibraries.a(ucg_font.o)
                0x08001a7c                ucg_font_draw_glyph
 .text.ucg_SetFontMode
                0x08001ade       0x20 C:\Users\hauho\Downloads\IOT-Programming-with-Master-Embedded-773df849394c85dc7b3938106d0abe7e95302a84\IOT-Programming-with-Master-Embedded-773df849394c85dc7b3938106d0abe7e95302a84\Courseware 2\SDK_1.0.3_NUCLEO-F401RE\SDK_1.0.3_NUCLEO-F401RE\lib_stm\libLibraries.a(ucg_font.o)
                0x08001ade                ucg_SetFontMode
 *fill*         0x08001afe        0x2 
 .text.ucg_DrawGlyph
                0x08001b00       0xb0 C:\Users\hauho\Downloads\IOT-Programming-with-Master-Embedded-773df849394c85dc7b3938106d0abe7e95302a84\IOT-Programming-with-Master-Embedded-773df849394c85dc7b3938106d0abe7e95302a84\Courseware 2\SDK_1.0.3_NUCLEO-F401RE\SDK_1.0.3_NUCLEO-F401RE\lib_stm\libLibraries.a(ucg_font.o)
                0x08001b00                ucg_DrawGlyph
 .text.task_drawString
                0x08001bb0      0x138 C:\Users\hauho\Downloads\IOT-Programming-with-Master-Embedded-773df849394c85dc7b3938106d0abe7e95302a84\IOT-Programming-with-Master-Embedded-773df849394c85dc7b3938106d0abe7e95302a84\Courseware 2\SDK_1.0.3_NUCLEO-F401RE\SDK_1.0.3_NUCLEO-F401RE\lib_stm\libLibraries.a(ucg_font.o)
                0x08001bb0                task_drawString
 .text.ucg_DrawString
                0x08001ce8       0x78 C:\Users\hauho\Downloads\IOT-Programming-with-Master-Embedded-773df849394c85dc7b3938106d0abe7e95302a84\IOT-Programming-with-Master-Embedded-773df849394c85dc7b3938106d0abe7e95302a84\Courseware 2\SDK_1.0.3_NUCLEO-F401RE\SDK_1.0.3_NUCLEO-F401RE\lib_stm\libLibraries.a(ucg_font.o)
                0x08001ce8                ucg_DrawString
 .text.ucg_UpdateRefHeight
                0x08001d60       0xd8 C:\Users\hauho\Downloads\IOT-Programming-with-Master-Embedded-773df849394c85dc7b3938106d0abe7e95302a84\IOT-Programming-with-Master-Embedded-773df849394c85dc7b3938106d0abe7e95302a84\Courseware 2\SDK_1.0.3_NUCLEO-F401RE\SDK_1.0.3_NUCLEO-F401RE\lib_stm\libLibraries.a(ucg_font.o)
                0x08001d60                ucg_UpdateRefHeight
 .text.ucg_font_calc_vref_font
                0x08001e38       0x16 C:\Users\hauho\Downloads\IOT-Programming-with-Master-Embedded-773df849394c85dc7b3938106d0abe7e95302a84\IOT-Programming-with-Master-Embedded-773df849394c85dc7b3938106d0abe7e95302a84\Courseware 2\SDK_1.0.3_NUCLEO-F401RE\SDK_1.0.3_NUCLEO-F401RE\lib_stm\libLibraries.a(ucg_font.o)
                0x08001e38                ucg_font_calc_vref_font
 *fill*         0x08001e4e        0x2 
 .text.ucg_SetFontPosBaseline
                0x08001e50       0x20 C:\Users\hauho\Downloads\IOT-Programming-with-Master-Embedded-773df849394c85dc7b3938106d0abe7e95302a84\IOT-Programming-with-Master-Embedded-773df849394c85dc7b3938106d0abe7e95302a84\Courseware 2\SDK_1.0.3_NUCLEO-F401RE\SDK_1.0.3_NUCLEO-F401RE\lib_stm\libLibraries.a(ucg_font.o)
                0x08001e50                ucg_SetFontPosBaseline
 .text.ucg_SetFont
                0x08001e70       0x4c C:\Users\hauho\Downloads\IOT-Programming-with-Master-Embedded-773df849394c85dc7b3938106d0abe7e95302a84\IOT-Programming-with-Master-Embedded-773df849394c85dc7b3938106d0abe7e95302a84\Courseware 2\SDK_1.0.3_NUCLEO-F401RE\SDK_1.0.3_NUCLEO-F401RE\lib_stm\libLibraries.a(ucg_font.o)
                0x08001e70                ucg_SetFont
 .text.ucg_init_struct
                0x08001ebc       0x50 C:\Users\hauho\Downloads\IOT-Programming-with-Master-Embedded-773df849394c85dc7b3938106d0abe7e95302a84\IOT-Programming-with-Master-Embedded-773df849394c85dc7b3938106d0abe7e95302a84\Courseware 2\SDK_1.0.3_NUCLEO-F401RE\SDK_1.0.3_NUCLEO-F401RE\lib_stm\libLibraries.a(ucg_init.o)
                0x08001ebc                ucg_init_struct
 .text.ucg_Init
                0x08001f0c       0x5c C:\Users\hauho\Downloads\IOT-Programming-with-Master-Embedded-773df849394c85dc7b3938106d0abe7e95302a84\IOT-Programming-with-Master-Embedded-773df849394c85dc7b3938106d0abe7e95302a84\Courseware 2\SDK_1.0.3_NUCLEO-F401RE\SDK_1.0.3_NUCLEO-F401RE\lib_stm\libLibraries.a(ucg_init.o)
                0x08001f0c                ucg_Init
 .text.ucg_Draw90Line
                0x08001f68       0x88 C:\Users\hauho\Downloads\IOT-Programming-with-Master-Embedded-773df849394c85dc7b3938106d0abe7e95302a84\IOT-Programming-with-Master-Embedded-773df849394c85dc7b3938106d0abe7e95302a84\Courseware 2\SDK_1.0.3_NUCLEO-F401RE\SDK_1.0.3_NUCLEO-F401RE\lib_stm\libLibraries.a(ucg_line.o)
                0x08001f68                ucg_Draw90Line
 .text.ucg_DrawHLine
                0x08001ff0       0x3e C:\Users\hauho\Downloads\IOT-Programming-with-Master-Embedded-773df849394c85dc7b3938106d0abe7e95302a84\IOT-Programming-with-Master-Embedded-773df849394c85dc7b3938106d0abe7e95302a84\Courseware 2\SDK_1.0.3_NUCLEO-F401RE\SDK_1.0.3_NUCLEO-F401RE\lib_stm\libLibraries.a(ucg_line.o)
                0x08001ff0                ucg_DrawHLine
 .text.ucg_SetColor
                0x0800202e       0x5c C:\Users\hauho\Downloads\IOT-Programming-with-Master-Embedded-773df849394c85dc7b3938106d0abe7e95302a84\IOT-Programming-with-Master-Embedded-773df849394c85dc7b3938106d0abe7e95302a84\Courseware 2\SDK_1.0.3_NUCLEO-F401RE\SDK_1.0.3_NUCLEO-F401RE\lib_stm\libLibraries.a(ucg_pixel.o)
                0x0800202e                ucg_SetColor
 .text.ucg_UndoRotate
                0x0800208a       0x32 C:\Users\hauho\Downloads\IOT-Programming-with-Master-Embedded-773df849394c85dc7b3938106d0abe7e95302a84\IOT-Programming-with-Master-Embedded-773df849394c85dc7b3938106d0abe7e95302a84\Courseware 2\SDK_1.0.3_NUCLEO-F401RE\SDK_1.0.3_NUCLEO-F401RE\lib_stm\libLibraries.a(ucg_rotate.o)
                0x0800208a                ucg_UndoRotate
 .text.ucg_rotate_180_xy
                0x080020bc       0x66 C:\Users\hauho\Downloads\IOT-Programming-with-Master-Embedded-773df849394c85dc7b3938106d0abe7e95302a84\IOT-Programming-with-Master-Embedded-773df849394c85dc7b3938106d0abe7e95302a84\Courseware 2\SDK_1.0.3_NUCLEO-F401RE\SDK_1.0.3_NUCLEO-F401RE\lib_stm\libLibraries.a(ucg_rotate.o)
 *fill*         0x08002122        0x2 
 .text.ucg_dev_rotate180
                0x08002124      0x100 C:\Users\hauho\Downloads\IOT-Programming-with-Master-Embedded-773df849394c85dc7b3938106d0abe7e95302a84\IOT-Programming-with-Master-Embedded-773df849394c85dc7b3938106d0abe7e95302a84\Courseware 2\SDK_1.0.3_NUCLEO-F401RE\SDK_1.0.3_NUCLEO-F401RE\lib_stm\libLibraries.a(ucg_rotate.o)
                0x08002124                ucg_dev_rotate180
 .text.ucg_SetRotate180
                0x08002224       0x34 C:\Users\hauho\Downloads\IOT-Programming-with-Master-Embedded-773df849394c85dc7b3938106d0abe7e95302a84\IOT-Programming-with-Master-Embedded-773df849394c85dc7b3938106d0abe7e95302a84\Courseware 2\SDK_1.0.3_NUCLEO-F401RE\SDK_1.0.3_NUCLEO-F401RE\lib_stm\libLibraries.a(ucg_rotate.o)
                0x08002224                ucg_SetRotate180
 .text.bufInit  0x08002258       0x36 C:\Users\hauho\Downloads\IOT-Programming-with-Master-Embedded-773df849394c85dc7b3938106d0abe7e95302a84\IOT-Programming-with-Master-Embedded-773df849394c85dc7b3938106d0abe7e95302a84\Courseware 2\SDK_1.0.3_NUCLEO-F401RE\SDK_1.0.3_NUCLEO-F401RE\lib_stm\libLibraries.a(buff.o)
                0x08002258                bufInit
 .text.bufNumItems
                0x0800228e       0x18 C:\Users\hauho\Downloads\IOT-Programming-with-Master-Embedded-773df849394c85dc7b3938106d0abe7e95302a84\IOT-Programming-with-Master-Embedded-773df849394c85dc7b3938106d0abe7e95302a84\Courseware 2\SDK_1.0.3_NUCLEO-F401RE\SDK_1.0.3_NUCLEO-F401RE\lib_stm\libLibraries.a(buff.o)
                0x0800228e                bufNumItems
 .text.bufIsFull
                0x080022a6       0x26 C:\Users\hauho\Downloads\IOT-Programming-with-Master-Embedded-773df849394c85dc7b3938106d0abe7e95302a84\IOT-Programming-with-Master-Embedded-773df849394c85dc7b3938106d0abe7e95302a84\Courseware 2\SDK_1.0.3_NUCLEO-F401RE\SDK_1.0.3_NUCLEO-F401RE\lib_stm\libLibraries.a(buff.o)
                0x080022a6                bufIsFull
 .text.bufIsEmpty
                0x080022cc       0x26 C:\Users\hauho\Downloads\IOT-Programming-with-Master-Embedded-773df849394c85dc7b3938106d0abe7e95302a84\IOT-Programming-with-Master-Embedded-773df849394c85dc7b3938106d0abe7e95302a84\Courseware 2\SDK_1.0.3_NUCLEO-F401RE\SDK_1.0.3_NUCLEO-F401RE\lib_stm\libLibraries.a(buff.o)
                0x080022cc                bufIsEmpty
 .text.bufFlush
                0x080022f2       0x32 C:\Users\hauho\Downloads\IOT-Programming-with-Master-Embedded-773df849394c85dc7b3938106d0abe7e95302a84\IOT-Programming-with-Master-Embedded-773df849394c85dc7b3938106d0abe7e95302a84\Courseware 2\SDK_1.0.3_NUCLEO-F401RE\SDK_1.0.3_NUCLEO-F401RE\lib_stm\libLibraries.a(buff.o)
                0x080022f2                bufFlush
 .text.bufEnDat
                0x08002324       0x9c C:\Users\hauho\Downloads\IOT-Programming-with-Master-Embedded-773df849394c85dc7b3938106d0abe7e95302a84\IOT-Programming-with-Master-Embedded-773df849394c85dc7b3938106d0abe7e95302a84\Courseware 2\SDK_1.0.3_NUCLEO-F401RE\SDK_1.0.3_NUCLEO-F401RE\lib_stm\libLibraries.a(buff.o)
                0x08002324                bufEnDat
 .text.bufDeDat
                0x080023c0       0x84 C:\Users\hauho\Downloads\IOT-Programming-with-Master-Embedded-773df849394c85dc7b3938106d0abe7e95302a84\IOT-Programming-with-Master-Embedded-773df849394c85dc7b3938106d0abe7e95302a84\Courseware 2\SDK_1.0.3_NUCLEO-F401RE\SDK_1.0.3_NUCLEO-F401RE\lib_stm\libLibraries.a(buff.o)
                0x080023c0                bufDeDat
 .text.memsetl  0x08002444       0x32 C:\Users\hauho\Downloads\IOT-Programming-with-Master-Embedded-773df849394c85dc7b3938106d0abe7e95302a84\IOT-Programming-with-Master-Embedded-773df849394c85dc7b3938106d0abe7e95302a84\Courseware 2\SDK_1.0.3_NUCLEO-F401RE\SDK_1.0.3_NUCLEO-F401RE\lib_stm\libLibraries.a(utilities.o)
                0x08002444                memsetl
 .text.GPIO_Init
                0x08002476      0x11c C:\Users\hauho\Downloads\IOT-Programming-with-Master-Embedded-773df849394c85dc7b3938106d0abe7e95302a84\IOT-Programming-with-Master-Embedded-773df849394c85dc7b3938106d0abe7e95302a84\Courseware 2\SDK_1.0.3_NUCLEO-F401RE\SDK_1.0.3_NUCLEO-F401RE\lib_stm\libLibraries.a(stm32f401re_gpio.o)
                0x08002476                GPIO_Init
 .text.GPIO_WriteBit
                0x08002592       0x30 C:\Users\hauho\Downloads\IOT-Programming-with-Master-Embedded-773df849394c85dc7b3938106d0abe7e95302a84\IOT-Programming-with-Master-Embedded-773df849394c85dc7b3938106d0abe7e95302a84\Courseware 2\SDK_1.0.3_NUCLEO-F401RE\SDK_1.0.3_NUCLEO-F401RE\lib_stm\libLibraries.a(stm32f401re_gpio.o)
                0x08002592                GPIO_WriteBit
 *fill*         0x080025c2        0x2 
 .text.RCC_GetClocksFreq
                0x080025c4      0x150 C:\Users\hauho\Downloads\IOT-Programming-with-Master-Embedded-773df849394c85dc7b3938106d0abe7e95302a84\IOT-Programming-with-Master-Embedded-773df849394c85dc7b3938106d0abe7e95302a84\Courseware 2\SDK_1.0.3_NUCLEO-F401RE\SDK_1.0.3_NUCLEO-F401RE\lib_stm\libLibraries.a(stm32f401re_rcc.o)
                0x080025c4                RCC_GetClocksFreq
 .text.RCC_AHB1PeriphClockCmd
                0x08002714       0x40 C:\Users\hauho\Downloads\IOT-Programming-with-Master-Embedded-773df849394c85dc7b3938106d0abe7e95302a84\IOT-Programming-with-Master-Embedded-773df849394c85dc7b3938106d0abe7e95302a84\Courseware 2\SDK_1.0.3_NUCLEO-F401RE\SDK_1.0.3_NUCLEO-F401RE\lib_stm\libLibraries.a(stm32f401re_rcc.o)
                0x08002714                RCC_AHB1PeriphClockCmd
 .text.ucg_clip_is_x_visible
                0x08002754       0x4a C:\Users\hauho\Downloads\IOT-Programming-with-Master-Embedded-773df849394c85dc7b3938106d0abe7e95302a84\IOT-Programming-with-Master-Embedded-773df849394c85dc7b3938106d0abe7e95302a84\Courseware 2\SDK_1.0.3_NUCLEO-F401RE\SDK_1.0.3_NUCLEO-F401RE\lib_stm\libLibraries.a(ucg_clip.o)
 .text.ucg_clip_is_y_visible
                0x0800279e       0x4a C:\Users\hauho\Downloads\IOT-Programming-with-Master-Embedded-773df849394c85dc7b3938106d0abe7e95302a84\IOT-Programming-with-Master-Embedded-773df849394c85dc7b3938106d0abe7e95302a84\Courseware 2\SDK_1.0.3_NUCLEO-F401RE\SDK_1.0.3_NUCLEO-F401RE\lib_stm\libLibraries.a(ucg_clip.o)
 .text.ucg_clip_intersection
                0x080027e8       0x74 C:\Users\hauho\Downloads\IOT-Programming-with-Master-Embedded-773df849394c85dc7b3938106d0abe7e95302a84\IOT-Programming-with-Master-Embedded-773df849394c85dc7b3938106d0abe7e95302a84\Courseware 2\SDK_1.0.3_NUCLEO-F401RE\SDK_1.0.3_NUCLEO-F401RE\lib_stm\libLibraries.a(ucg_clip.o)
 .text.ucg_clip_is_pixel_visible
                0x0800285c       0x32 C:\Users\hauho\Downloads\IOT-Programming-with-Master-Embedded-773df849394c85dc7b3938106d0abe7e95302a84\IOT-Programming-with-Master-Embedded-773df849394c85dc7b3938106d0abe7e95302a84\Courseware 2\SDK_1.0.3_NUCLEO-F401RE\SDK_1.0.3_NUCLEO-F401RE\lib_stm\libLibraries.a(ucg_clip.o)
                0x0800285c                ucg_clip_is_pixel_visible
 *fill*         0x0800288e        0x2 
 .text.ucg_clip_l90fx
                0x08002890      0x300 C:\Users\hauho\Downloads\IOT-Programming-with-Master-Embedded-773df849394c85dc7b3938106d0abe7e95302a84\IOT-Programming-with-Master-Embedded-773df849394c85dc7b3938106d0abe7e95302a84\Courseware 2\SDK_1.0.3_NUCLEO-F401RE\SDK_1.0.3_NUCLEO-F401RE\lib_stm\libLibraries.a(ucg_clip.o)
                0x08002890                ucg_clip_l90fx
 .text.ucg_clip_l90se
                0x08002b90       0x54 C:\Users\hauho\Downloads\IOT-Programming-with-Master-Embedded-773df849394c85dc7b3938106d0abe7e95302a84\IOT-Programming-with-Master-Embedded-773df849394c85dc7b3938106d0abe7e95302a84\Courseware 2\SDK_1.0.3_NUCLEO-F401RE\SDK_1.0.3_NUCLEO-F401RE\lib_stm\libLibraries.a(ucg_clip.o)
                0x08002b90                ucg_clip_l90se
 .text.ucg_com_PowerDown
                0x08002be4       0x3e C:\Users\hauho\Downloads\IOT-Programming-with-Master-Embedded-773df849394c85dc7b3938106d0abe7e95302a84\IOT-Programming-with-Master-Embedded-773df849394c85dc7b3938106d0abe7e95302a84\Courseware 2\SDK_1.0.3_NUCLEO-F401RE\SDK_1.0.3_NUCLEO-F401RE\lib_stm\libLibraries.a(ucg_com_msg_api.o)
                0x08002be4                ucg_com_PowerDown
 .text.ucg_com_PowerUp
                0x08002c22       0x60 C:\Users\hauho\Downloads\IOT-Programming-with-Master-Embedded-773df849394c85dc7b3938106d0abe7e95302a84\IOT-Programming-with-Master-Embedded-773df849394c85dc7b3938106d0abe7e95302a84\Courseware 2\SDK_1.0.3_NUCLEO-F401RE\SDK_1.0.3_NUCLEO-F401RE\lib_stm\libLibraries.a(ucg_com_msg_api.o)
                0x08002c22                ucg_com_PowerUp
 .text.ucg_com_SetLineStatus
                0x08002c82       0xe2 C:\Users\hauho\Downloads\IOT-Programming-with-Master-Embedded-773df849394c85dc7b3938106d0abe7e95302a84\IOT-Programming-with-Master-Embedded-773df849394c85dc7b3938106d0abe7e95302a84\Courseware 2\SDK_1.0.3_NUCLEO-F401RE\SDK_1.0.3_NUCLEO-F401RE\lib_stm\libLibraries.a(ucg_com_msg_api.o)
                0x08002c82                ucg_com_SetLineStatus
 .text.ucg_com_SetResetLineStatus
                0x08002d64       0x20 C:\Users\hauho\Downloads\IOT-Programming-with-Master-Embedded-773df849394c85dc7b3938106d0abe7e95302a84\IOT-Programming-with-Master-Embedded-773df849394c85dc7b3938106d0abe7e95302a84\Courseware 2\SDK_1.0.3_NUCLEO-F401RE\SDK_1.0.3_NUCLEO-F401RE\lib_stm\libLibraries.a(ucg_com_msg_api.o)
                0x08002d64                ucg_com_SetResetLineStatus
 .text.ucg_com_SetCSLineStatus
                0x08002d84       0x20 C:\Users\hauho\Downloads\IOT-Programming-with-Master-Embedded-773df849394c85dc7b3938106d0abe7e95302a84\IOT-Programming-with-Master-Embedded-773df849394c85dc7b3938106d0abe7e95302a84\Courseware 2\SDK_1.0.3_NUCLEO-F401RE\SDK_1.0.3_NUCLEO-F401RE\lib_stm\libLibraries.a(ucg_com_msg_api.o)
                0x08002d84                ucg_com_SetCSLineStatus
 .text.ucg_com_SetCDLineStatus
                0x08002da4       0x20 C:\Users\hauho\Downloads\IOT-Programming-with-Master-Embedded-773df849394c85dc7b3938106d0abe7e95302a84\IOT-Programming-with-Master-Embedded-773df849394c85dc7b3938106d0abe7e95302a84\Courseware 2\SDK_1.0.3_NUCLEO-F401RE\SDK_1.0.3_NUCLEO-F401RE\lib_stm\libLibraries.a(ucg_com_msg_api.o)
                0x08002da4                ucg_com_SetCDLineStatus
 .text.ucg_com_DelayMicroseconds
                0x08002dc4       0x22 C:\Users\hauho\Downloads\IOT-Programming-with-Master-Embedded-773df849394c85dc7b3938106d0abe7e95302a84\IOT-Programming-with-Master-Embedded-773df849394c85dc7b3938106d0abe7e95302a84\Courseware 2\SDK_1.0.3_NUCLEO-F401RE\SDK_1.0.3_NUCLEO-F401RE\lib_stm\libLibraries.a(ucg_com_msg_api.o)
                0x08002dc4                ucg_com_DelayMicroseconds
 .text.ucg_com_DelayMilliseconds
                0x08002de6       0x2c C:\Users\hauho\Downloads\IOT-Programming-with-Master-Embedded-773df849394c85dc7b3938106d0abe7e95302a84\IOT-Programming-with-Master-Embedded-773df849394c85dc7b3938106d0abe7e95302a84\Courseware 2\SDK_1.0.3_NUCLEO-F401RE\SDK_1.0.3_NUCLEO-F401RE\lib_stm\libLibraries.a(ucg_com_msg_api.o)
                0x08002de6                ucg_com_DelayMilliseconds
 .text.ucg_com_SendByte
                0x08002e12       0x24 C:\Users\hauho\Downloads\IOT-Programming-with-Master-Embedded-773df849394c85dc7b3938106d0abe7e95302a84\IOT-Programming-with-Master-Embedded-773df849394c85dc7b3938106d0abe7e95302a84\Courseware 2\SDK_1.0.3_NUCLEO-F401RE\SDK_1.0.3_NUCLEO-F401RE\lib_stm\libLibraries.a(ucg_com_msg_api.o)
                0x08002e12                ucg_com_SendByte
 .text.ucg_com_SendStringP
                0x08002e36       0x40 C:\Users\hauho\Downloads\IOT-Programming-with-Master-Embedded-773df849394c85dc7b3938106d0abe7e95302a84\IOT-Programming-with-Master-Embedded-773df849394c85dc7b3938106d0abe7e95302a84\Courseware 2\SDK_1.0.3_NUCLEO-F401RE\SDK_1.0.3_NUCLEO-F401RE\lib_stm\libLibraries.a(ucg_com_msg_api.o)
                0x08002e36                ucg_com_SendStringP
 .text.ucg_com_SendCmdArg
                0x08002e76       0x74 C:\Users\hauho\Downloads\IOT-Programming-with-Master-Embedded-773df849394c85dc7b3938106d0abe7e95302a84\IOT-Programming-with-Master-Embedded-773df849394c85dc7b3938106d0abe7e95302a84\Courseware 2\SDK_1.0.3_NUCLEO-F401RE\SDK_1.0.3_NUCLEO-F401RE\lib_stm\libLibraries.a(ucg_com_msg_api.o)
 *fill*         0x08002eea        0x2 
 .text.ucg_com_SendCmdSeq
                0x08002eec      0x278 C:\Users\hauho\Downloads\IOT-Programming-with-Master-Embedded-773df849394c85dc7b3938106d0abe7e95302a84\IOT-Programming-with-Master-Embedded-773df849394c85dc7b3938106d0abe7e95302a84\Courseware 2\SDK_1.0.3_NUCLEO-F401RE\SDK_1.0.3_NUCLEO-F401RE\lib_stm\libLibraries.a(ucg_com_msg_api.o)
                0x08002eec                ucg_com_SendCmdSeq
 .text.__libc_init_array
                0x08003164       0x48 C:/ST/STM32CubeIDE_1.15.0/STM32CubeIDE/plugins/com.st.stm32cube.ide.mcu.externaltools.gnu-tools-for-stm32.12.3.rel1.win32_1.0.100.202403111256/tools/bin/../lib/gcc/arm-none-eabi/12.3.1/../../../../arm-none-eabi/lib/thumb/v7e-m+fp/hard\libc_nano.a(libc_a-init.o)
                0x08003164                __libc_init_array
 *(.glue_7)
 .glue_7        0x080031ac        0x0 linker stubs
 *(.glue_7t)
 .glue_7t       0x080031ac        0x0 linker stubs
 *(.eh_frame)
 .eh_frame      0x080031ac        0x0 C:/ST/STM32CubeIDE_1.15.0/STM32CubeIDE/plugins/com.st.stm32cube.ide.mcu.externaltools.gnu-tools-for-stm32.12.3.rel1.win32_1.0.100.202403111256/tools/bin/../lib/gcc/arm-none-eabi/12.3.1/thumb/v7e-m+fp/hard/crtbegin.o
 *(.init)
 .init          0x080031ac        0x4 C:/ST/STM32CubeIDE_1.15.0/STM32CubeIDE/plugins/com.st.stm32cube.ide.mcu.externaltools.gnu-tools-for-stm32.12.3.rel1.win32_1.0.100.202403111256/tools/bin/../lib/gcc/arm-none-eabi/12.3.1/thumb/v7e-m+fp/hard/crti.o
                0x080031ac                _init
 .init          0x080031b0        0x8 C:/ST/STM32CubeIDE_1.15.0/STM32CubeIDE/plugins/com.st.stm32cube.ide.mcu.externaltools.gnu-tools-for-stm32.12.3.rel1.win32_1.0.100.202403111256/tools/bin/../lib/gcc/arm-none-eabi/12.3.1/thumb/v7e-m+fp/hard/crtn.o
 *(.fini)
 .fini          0x080031b8        0x4 C:/ST/STM32CubeIDE_1.15.0/STM32CubeIDE/plugins/com.st.stm32cube.ide.mcu.externaltools.gnu-tools-for-stm32.12.3.rel1.win32_1.0.100.202403111256/tools/bin/../lib/gcc/arm-none-eabi/12.3.1/thumb/v7e-m+fp/hard/crti.o
                0x080031b8                _fini
 .fini          0x080031bc        0x8 C:/ST/STM32CubeIDE_1.15.0/STM32CubeIDE/plugins/com.st.stm32cube.ide.mcu.externaltools.gnu-tools-for-stm32.12.3.rel1.win32_1.0.100.202403111256/tools/bin/../lib/gcc/arm-none-eabi/12.3.1/thumb/v7e-m+fp/hard/crtn.o
                0x080031c4                        . = ALIGN (0x4)
                0x080031c4                        _etext = .

.vfp11_veneer   0x080031c4        0x0
 .vfp11_veneer  0x080031c4        0x0 linker stubs

.v4_bx          0x080031c4        0x0
 .v4_bx         0x080031c4        0x0 linker stubs

.iplt           0x080031c4        0x0
 .iplt          0x080031c4        0x0 C:/ST/STM32CubeIDE_1.15.0/STM32CubeIDE/plugins/com.st.stm32cube.ide.mcu.externaltools.gnu-tools-for-stm32.12.3.rel1.win32_1.0.100.202403111256/tools/bin/../lib/gcc/arm-none-eabi/12.3.1/thumb/v7e-m+fp/hard/crtbegin.o

.rodata         0x080031c4      0x704
                0x080031c4                        . = ALIGN (0x4)
 *(.rodata)
 .rodata        0x080031c4       0x10 ./Src/main.o
 .rodata        0x080031d4        0xf C:\Users\hauho\Downloads\IOT-Programming-with-Master-Embedded-773df849394c85dc7b3938106d0abe7e95302a84\IOT-Programming-with-Master-Embedded-773df849394c85dc7b3938106d0abe7e95302a84\Courseware 2\SDK_1.0.3_NUCLEO-F401RE\SDK_1.0.3_NUCLEO-F401RE\lib_stm\libLibraries.a(ucg_font.o)
 *(.rodata*)
 *fill*         0x080031e3        0x1 
 .rodata.ucg_st7735_set_pos_seq
                0x080031e4       0x1e C:\Users\hauho\Downloads\IOT-Programming-with-Master-Embedded-773df849394c85dc7b3938106d0abe7e95302a84\IOT-Programming-with-Master-Embedded-773df849394c85dc7b3938106d0abe7e95302a84\Courseware 2\SDK_1.0.3_NUCLEO-F401RE\SDK_1.0.3_NUCLEO-F401RE\lib_stm\libLibraries.a(ucg_dev_ic_st7735.o)
                0x080031e4                ucg_st7735_set_pos_seq
 *fill*         0x08003202        0x2 
 .rodata.ucg_st7735_set_pos_dir0_seq
                0x08003204       0x1e C:\Users\hauho\Downloads\IOT-Programming-with-Master-Embedded-773df849394c85dc7b3938106d0abe7e95302a84\IOT-Programming-with-Master-Embedded-773df849394c85dc7b3938106d0abe7e95302a84\Courseware 2\SDK_1.0.3_NUCLEO-F401RE\SDK_1.0.3_NUCLEO-F401RE\lib_stm\libLibraries.a(ucg_dev_ic_st7735.o)
                0x08003204                ucg_st7735_set_pos_dir0_seq
 *fill*         0x08003222        0x2 
 .rodata.ucg_st7735_set_pos_dir1_seq
                0x08003224       0x21 C:\Users\hauho\Downloads\IOT-Programming-with-Master-Embedded-773df849394c85dc7b3938106d0abe7e95302a84\IOT-Programming-with-Master-Embedded-773df849394c85dc7b3938106d0abe7e95302a84\Courseware 2\SDK_1.0.3_NUCLEO-F401RE\SDK_1.0.3_NUCLEO-F401RE\lib_stm\libLibraries.a(ucg_dev_ic_st7735.o)
                0x08003224                ucg_st7735_set_pos_dir1_seq
 *fill*         0x08003245        0x3 
 .rodata.ucg_st7735_set_pos_dir2_seq
                0x08003248       0x21 C:\Users\hauho\Downloads\IOT-Programming-with-Master-Embedded-773df849394c85dc7b3938106d0abe7e95302a84\IOT-Programming-with-Master-Embedded-773df849394c85dc7b3938106d0abe7e95302a84\Courseware 2\SDK_1.0.3_NUCLEO-F401RE\SDK_1.0.3_NUCLEO-F401RE\lib_stm\libLibraries.a(ucg_dev_ic_st7735.o)
                0x08003248                ucg_st7735_set_pos_dir2_seq
 *fill*         0x08003269        0x3 
 .rodata.ucg_st7735_set_pos_dir3_seq
                0x0800326c       0x24 C:\Users\hauho\Downloads\IOT-Programming-with-Master-Embedded-773df849394c85dc7b3938106d0abe7e95302a84\IOT-Programming-with-Master-Embedded-773df849394c85dc7b3938106d0abe7e95302a84\Courseware 2\SDK_1.0.3_NUCLEO-F401RE\SDK_1.0.3_NUCLEO-F401RE\lib_stm\libLibraries.a(ucg_dev_ic_st7735.o)
                0x0800326c                ucg_st7735_set_pos_dir3_seq
 .rodata.ucg_st7735_power_down_seq
                0x08003290        0x7 C:\Users\hauho\Downloads\IOT-Programming-with-Master-Embedded-773df849394c85dc7b3938106d0abe7e95302a84\IOT-Programming-with-Master-Embedded-773df849394c85dc7b3938106d0abe7e95302a84\Courseware 2\SDK_1.0.3_NUCLEO-F401RE\SDK_1.0.3_NUCLEO-F401RE\lib_stm\libLibraries.a(ucg_dev_ic_st7735.o)
 *fill*         0x08003297        0x1 
 .rodata.ucg_tft_128x160_st7735_init_seq
                0x08003298       0x2c C:\Users\hauho\Downloads\IOT-Programming-with-Master-Embedded-773df849394c85dc7b3938106d0abe7e95302a84\IOT-Programming-with-Master-Embedded-773df849394c85dc7b3938106d0abe7e95302a84\Courseware 2\SDK_1.0.3_NUCLEO-F401RE\SDK_1.0.3_NUCLEO-F401RE\lib_stm\libLibraries.a(ucg_dev_tft_128x128_st7735.o)
 .rodata.ucg_font_courB12_tr
                0x080032c4      0x602 C:\Users\hauho\Downloads\IOT-Programming-with-Master-Embedded-773df849394c85dc7b3938106d0abe7e95302a84\IOT-Programming-with-Master-Embedded-773df849394c85dc7b3938106d0abe7e95302a84\Courseware 2\SDK_1.0.3_NUCLEO-F401RE\SDK_1.0.3_NUCLEO-F401RE\lib_stm\libLibraries.a(ucg_pixel_font_data.o)
                0x080032c4                ucg_font_courB12_tr
                0x080038c8                        . = ALIGN (0x4)
 *fill*         0x080038c6        0x2 

.ARM.extab      0x080038c8        0x0
                0x080038c8                        . = ALIGN (0x4)
 *(.ARM.extab* .gnu.linkonce.armextab.*)
                0x080038c8                        . = ALIGN (0x4)

.ARM            0x080038c8        0x0
                0x080038c8                        . = ALIGN (0x4)
                0x080038c8                        __exidx_start = .
 *(.ARM.exidx*)
                0x080038c8                        __exidx_end = .
                0x080038c8                        . = ALIGN (0x4)

.preinit_array  0x080038c8        0x0
                0x080038c8                        . = ALIGN (0x4)
                0x080038c8                        PROVIDE (__preinit_array_start = .)
 *(.preinit_array*)
                0x080038c8                        PROVIDE (__preinit_array_end = .)
                0x080038c8                        . = ALIGN (0x4)

.init_array     0x080038c8        0x4
                0x080038c8                        . = ALIGN (0x4)
                0x080038c8                        PROVIDE (__init_array_start = .)
 *(SORT_BY_NAME(.init_array.*))
 *(.init_array*)
 .init_array    0x080038c8        0x4 C:/ST/STM32CubeIDE_1.15.0/STM32CubeIDE/plugins/com.st.stm32cube.ide.mcu.externaltools.gnu-tools-for-stm32.12.3.rel1.win32_1.0.100.202403111256/tools/bin/../lib/gcc/arm-none-eabi/12.3.1/thumb/v7e-m+fp/hard/crtbegin.o
                0x080038cc                        PROVIDE (__init_array_end = .)
                0x080038cc                        . = ALIGN (0x4)

.fini_array     0x080038cc        0x4
                0x080038cc                        . = ALIGN (0x4)
                [!provide]                        PROVIDE (__fini_array_start = .)
 *(SORT_BY_NAME(.fini_array.*))
 *(.fini_array*)
 .fini_array    0x080038cc        0x4 C:/ST/STM32CubeIDE_1.15.0/STM32CubeIDE/plugins/com.st.stm32cube.ide.mcu.externaltools.gnu-tools-for-stm32.12.3.rel1.win32_1.0.100.202403111256/tools/bin/../lib/gcc/arm-none-eabi/12.3.1/thumb/v7e-m+fp/hard/crtbegin.o
                [!provide]                        PROVIDE (__fini_array_end = .)
                0x080038d0                        . = ALIGN (0x4)
                0x080038d0                        _sidata = LOADADDR (.data)

.rel.dyn        0x080038d0        0x0
 .rel.iplt      0x080038d0        0x0 C:/ST/STM32CubeIDE_1.15.0/STM32CubeIDE/plugins/com.st.stm32cube.ide.mcu.externaltools.gnu-tools-for-stm32.12.3.rel1.win32_1.0.100.202403111256/tools/bin/../lib/gcc/arm-none-eabi/12.3.1/thumb/v7e-m+fp/hard/crtbegin.o

.data           0x20000000       0x28 load address 0x080038d0
                0x20000000                        . = ALIGN (0x4)
                0x20000000                        _sdata = .
 *(.data)
 *(.data*)
 .data.SystemCoreClock
                0x20000000        0x4 C:\Users\hauho\Downloads\IOT-Programming-with-Master-Embedded-773df849394c85dc7b3938106d0abe7e95302a84\IOT-Programming-with-Master-Embedded-773df849394c85dc7b3938106d0abe7e95302a84\Courseware 2\SDK_1.0.3_NUCLEO-F401RE\SDK_1.0.3_NUCLEO-F401RE\lib_stm\libLibraries.a(system_stm32f4xx.o)
                0x20000000                SystemCoreClock
 .data.AHBPrescTable
                0x20000004       0x10 C:\Users\hauho\Downloads\IOT-Programming-with-Master-Embedded-773df849394c85dc7b3938106d0abe7e95302a84\IOT-Programming-with-Master-Embedded-773df849394c85dc7b3938106d0abe7e95302a84\Courseware 2\SDK_1.0.3_NUCLEO-F401RE\SDK_1.0.3_NUCLEO-F401RE\lib_stm\libLibraries.a(system_stm32f4xx.o)
                0x20000004                AHBPrescTable
 .data.idTaskScanDecodeLen
                0x20000014        0x1 C:\Users\hauho\Downloads\IOT-Programming-with-Master-Embedded-773df849394c85dc7b3938106d0abe7e95302a84\IOT-Programming-with-Master-Embedded-773df849394c85dc7b3938106d0abe7e95302a84\Courseware 2\SDK_1.0.3_NUCLEO-F401RE\SDK_1.0.3_NUCLEO-F401RE\lib_stm\libLibraries.a(ucg_font.o)
 *fill*         0x20000015        0x3 
 .data.APBAHBPrescTable
                0x20000018       0x10 C:\Users\hauho\Downloads\IOT-Programming-with-Master-Embedded-773df849394c85dc7b3938106d0abe7e95302a84\IOT-Programming-with-Master-Embedded-773df849394c85dc7b3938106d0abe7e95302a84\Courseware 2\SDK_1.0.3_NUCLEO-F401RE\SDK_1.0.3_NUCLEO-F401RE\lib_stm\libLibraries.a(stm32f401re_rcc.o)
 *(.RamFunc)
 *(.RamFunc*)
                0x20000028                        . = ALIGN (0x4)
                0x20000028                        _edata = .

.igot.plt       0x20000028        0x0 load address 0x080038f8
 .igot.plt      0x20000028        0x0 C:/ST/STM32CubeIDE_1.15.0/STM32CubeIDE/plugins/com.st.stm32cube.ide.mcu.externaltools.gnu-tools-for-stm32.12.3.rel1.win32_1.0.100.202403111256/tools/bin/../lib/gcc/arm-none-eabi/12.3.1/thumb/v7e-m+fp/hard/crtbegin.o
                0x20000028                        . = ALIGN (0x4)

.bss            0x20000028     0x1274 load address 0x080038f8
                0x20000028                        _sbss = .
                0x20000028                        __bss_start__ = _sbss
 *(.bss)
 .bss           0x20000028       0x1c C:/ST/STM32CubeIDE_1.15.0/STM32CubeIDE/plugins/com.st.stm32cube.ide.mcu.externaltools.gnu-tools-for-stm32.12.3.rel1.win32_1.0.100.202403111256/tools/bin/../lib/gcc/arm-none-eabi/12.3.1/thumb/v7e-m+fp/hard/crtbegin.o
 *(.bss*)
 .bss.ucg       0x20000044       0xb4 ./Src/main.o
 .bss.g_pTimerHandle
                0x200000f8      0x180 C:\Users\hauho\Downloads\IOT-Programming-with-Master-Embedded-773df849394c85dc7b3938106d0abe7e95302a84\IOT-Programming-with-Master-Embedded-773df849394c85dc7b3938106d0abe7e95302a84\Courseware 2\SDK_1.0.3_NUCLEO-F401RE\SDK_1.0.3_NUCLEO-F401RE\lib_stm\libLibraries.a(timer.o)
 .bss.g_wMilSecTickTimer
                0x20000278        0x4 C:\Users\hauho\Downloads\IOT-Programming-with-Master-Embedded-773df849394c85dc7b3938106d0abe7e95302a84\IOT-Programming-with-Master-Embedded-773df849394c85dc7b3938106d0abe7e95302a84\Courseware 2\SDK_1.0.3_NUCLEO-F401RE\SDK_1.0.3_NUCLEO-F401RE\lib_stm\libLibraries.a(timer.o)
 .bss.fontQueue
                0x2000027c       0x10 C:\Users\hauho\Downloads\IOT-Programming-with-Master-Embedded-773df849394c85dc7b3938106d0abe7e95302a84\IOT-Programming-with-Master-Embedded-773df849394c85dc7b3938106d0abe7e95302a84\Courseware 2\SDK_1.0.3_NUCLEO-F401RE\SDK_1.0.3_NUCLEO-F401RE\lib_stm\libLibraries.a(ucg_font.o)
 .bss.pQueueFont
                0x2000028c     0x1000 C:\Users\hauho\Downloads\IOT-Programming-with-Master-Embedded-773df849394c85dc7b3938106d0abe7e95302a84\IOT-Programming-with-Master-Embedded-773df849394c85dc7b3938106d0abe7e95302a84\Courseware 2\SDK_1.0.3_NUCLEO-F401RE\SDK_1.0.3_NUCLEO-F401RE\lib_stm\libLibraries.a(ucg_font.o)
 .bss.next.7562
                0x2000128c        0x1 C:\Users\hauho\Downloads\IOT-Programming-with-Master-Embedded-773df849394c85dc7b3938106d0abe7e95302a84\IOT-Programming-with-Master-Embedded-773df849394c85dc7b3938106d0abe7e95302a84\Courseware 2\SDK_1.0.3_NUCLEO-F401RE\SDK_1.0.3_NUCLEO-F401RE\lib_stm\libLibraries.a(ucg_font.o)
 *(COMMON)
 *fill*         0x2000128d        0x3 
 COMMON         0x20001290        0xc C:\Users\hauho\Downloads\IOT-Programming-with-Master-Embedded-773df849394c85dc7b3938106d0abe7e95302a84\IOT-Programming-with-Master-Embedded-773df849394c85dc7b3938106d0abe7e95302a84\Courseware 2\SDK_1.0.3_NUCLEO-F401RE\SDK_1.0.3_NUCLEO-F401RE\lib_stm\libLibraries.a(ucg_font.o)
                0x20001290                ucg_draw_str
                0x2000129c                        . = ALIGN (0x4)
                0x2000129c                        _ebss = .
                0x2000129c                        __bss_end__ = _ebss

._user_heap_stack
                0x2000129c      0x604 load address 0x080038f8
                0x200012a0                        . = ALIGN (0x8)
 *fill*         0x2000129c        0x4 
                [!provide]                        PROVIDE (end = .)
                0x200012a0                        PROVIDE (_end = .)
                0x200014a0                        . = (. + _Min_Heap_Size)
 *fill*         0x200012a0      0x200 
                0x200018a0                        . = (. + _Min_Stack_Size)
 *fill*         0x200014a0      0x400 
                0x200018a0                        . = ALIGN (0x8)

/DISCARD/
 libc.a(*)
 libm.a(*)
 libgcc.a(*)

.ARM.attributes
                0x00000000       0x30
 *(.ARM.attributes)
 .ARM.attributes
                0x00000000       0x22 C:/ST/STM32CubeIDE_1.15.0/STM32CubeIDE/plugins/com.st.stm32cube.ide.mcu.externaltools.gnu-tools-for-stm32.12.3.rel1.win32_1.0.100.202403111256/tools/bin/../lib/gcc/arm-none-eabi/12.3.1/thumb/v7e-m+fp/hard/crti.o
 .ARM.attributes
                0x00000022       0x34 C:/ST/STM32CubeIDE_1.15.0/STM32CubeIDE/plugins/com.st.stm32cube.ide.mcu.externaltools.gnu-tools-for-stm32.12.3.rel1.win32_1.0.100.202403111256/tools/bin/../lib/gcc/arm-none-eabi/12.3.1/thumb/v7e-m+fp/hard/crtbegin.o
 .ARM.attributes
                0x00000056       0x34 ./Src/main.o
 .ARM.attributes
                0x0000008a       0x21 ./Startup/startup_stm32f401retx.o
 .ARM.attributes
                0x000000ab       0x39 C:\Users\hauho\Downloads\IOT-Programming-with-Master-Embedded-773df849394c85dc7b3938106d0abe7e95302a84\IOT-Programming-with-Master-Embedded-773df849394c85dc7b3938106d0abe7e95302a84\Courseware 2\SDK_1.0.3_NUCLEO-F401RE\SDK_1.0.3_NUCLEO-F401RE\lib_stm\libLibraries.a(system_stm32f4xx.o)
 .ARM.attributes
                0x000000e4       0x39 C:\Users\hauho\Downloads\IOT-Programming-with-Master-Embedded-773df849394c85dc7b3938106d0abe7e95302a84\IOT-Programming-with-Master-Embedded-773df849394c85dc7b3938106d0abe7e95302a84\Courseware 2\SDK_1.0.3_NUCLEO-F401RE\SDK_1.0.3_NUCLEO-F401RE\lib_stm\libLibraries.a(timer.o)
 .ARM.attributes
                0x0000011d       0x39 C:\Users\hauho\Downloads\IOT-Programming-with-Master-Embedded-773df849394c85dc7b3938106d0abe7e95302a84\IOT-Programming-with-Master-Embedded-773df849394c85dc7b3938106d0abe7e95302a84\Courseware 2\SDK_1.0.3_NUCLEO-F401RE\SDK_1.0.3_NUCLEO-F401RE\lib_stm\libLibraries.a(Ucglib.o)
 .ARM.attributes
                0x00000156       0x39 C:\Users\hauho\Downloads\IOT-Programming-with-Master-Embedded-773df849394c85dc7b3938106d0abe7e95302a84\IOT-Programming-with-Master-Embedded-773df849394c85dc7b3938106d0abe7e95302a84\Courseware 2\SDK_1.0.3_NUCLEO-F401RE\SDK_1.0.3_NUCLEO-F401RE\lib_stm\libLibraries.a(ucg_box.o)
 .ARM.attributes
                0x0000018f       0x39 C:\Users\hauho\Downloads\IOT-Programming-with-Master-Embedded-773df849394c85dc7b3938106d0abe7e95302a84\IOT-Programming-with-Master-Embedded-773df849394c85dc7b3938106d0abe7e95302a84\Courseware 2\SDK_1.0.3_NUCLEO-F401RE\SDK_1.0.3_NUCLEO-F401RE\lib_stm\libLibraries.a(ucg_ccs.o)
 .ARM.attributes
                0x000001c8       0x39 C:\Users\hauho\Downloads\IOT-Programming-with-Master-Embedded-773df849394c85dc7b3938106d0abe7e95302a84\IOT-Programming-with-Master-Embedded-773df849394c85dc7b3938106d0abe7e95302a84\Courseware 2\SDK_1.0.3_NUCLEO-F401RE\SDK_1.0.3_NUCLEO-F401RE\lib_stm\libLibraries.a(ucg_dev_default_cb.o)
 .ARM.attributes
                0x00000201       0x39 C:\Users\hauho\Downloads\IOT-Programming-with-Master-Embedded-773df849394c85dc7b3938106d0abe7e95302a84\IOT-Programming-with-Master-Embedded-773df849394c85dc7b3938106d0abe7e95302a84\Courseware 2\SDK_1.0.3_NUCLEO-F401RE\SDK_1.0.3_NUCLEO-F401RE\lib_stm\libLibraries.a(ucg_dev_ic_st7735.o)
 .ARM.attributes
                0x0000023a       0x39 C:\Users\hauho\Downloads\IOT-Programming-with-Master-Embedded-773df849394c85dc7b3938106d0abe7e95302a84\IOT-Programming-with-Master-Embedded-773df849394c85dc7b3938106d0abe7e95302a84\Courseware 2\SDK_1.0.3_NUCLEO-F401RE\SDK_1.0.3_NUCLEO-F401RE\lib_stm\libLibraries.a(ucg_dev_msg_api.o)
 .ARM.attributes
                0x00000273       0x39 C:\Users\hauho\Downloads\IOT-Programming-with-Master-Embedded-773df849394c85dc7b3938106d0abe7e95302a84\IOT-Programming-with-Master-Embedded-773df849394c85dc7b3938106d0abe7e95302a84\Courseware 2\SDK_1.0.3_NUCLEO-F401RE\SDK_1.0.3_NUCLEO-F401RE\lib_stm\libLibraries.a(ucg_dev_tft_128x128_st7735.o)
 .ARM.attributes
                0x000002ac       0x39 C:\Users\hauho\Downloads\IOT-Programming-with-Master-Embedded-773df849394c85dc7b3938106d0abe7e95302a84\IOT-Programming-with-Master-Embedded-773df849394c85dc7b3938106d0abe7e95302a84\Courseware 2\SDK_1.0.3_NUCLEO-F401RE\SDK_1.0.3_NUCLEO-F401RE\lib_stm\libLibraries.a(ucg_font.o)
 .ARM.attributes
                0x000002e5       0x39 C:\Users\hauho\Downloads\IOT-Programming-with-Master-Embedded-773df849394c85dc7b3938106d0abe7e95302a84\IOT-Programming-with-Master-Embedded-773df849394c85dc7b3938106d0abe7e95302a84\Courseware 2\SDK_1.0.3_NUCLEO-F401RE\SDK_1.0.3_NUCLEO-F401RE\lib_stm\libLibraries.a(ucg_init.o)
 .ARM.attributes
                0x0000031e       0x39 C:\Users\hauho\Downloads\IOT-Programming-with-Master-Embedded-773df849394c85dc7b3938106d0abe7e95302a84\IOT-Programming-with-Master-Embedded-773df849394c85dc7b3938106d0abe7e95302a84\Courseware 2\SDK_1.0.3_NUCLEO-F401RE\SDK_1.0.3_NUCLEO-F401RE\lib_stm\libLibraries.a(ucg_line.o)
 .ARM.attributes
                0x00000357       0x39 C:\Users\hauho\Downloads\IOT-Programming-with-Master-Embedded-773df849394c85dc7b3938106d0abe7e95302a84\IOT-Programming-with-Master-Embedded-773df849394c85dc7b3938106d0abe7e95302a84\Courseware 2\SDK_1.0.3_NUCLEO-F401RE\SDK_1.0.3_NUCLEO-F401RE\lib_stm\libLibraries.a(ucg_pixel.o)
 .ARM.attributes
                0x00000390       0x39 C:\Users\hauho\Downloads\IOT-Programming-with-Master-Embedded-773df849394c85dc7b3938106d0abe7e95302a84\IOT-Programming-with-Master-Embedded-773df849394c85dc7b3938106d0abe7e95302a84\Courseware 2\SDK_1.0.3_NUCLEO-F401RE\SDK_1.0.3_NUCLEO-F401RE\lib_stm\libLibraries.a(ucg_pixel_font_data.o)
 .ARM.attributes
                0x000003c9       0x39 C:\Users\hauho\Downloads\IOT-Programming-with-Master-Embedded-773df849394c85dc7b3938106d0abe7e95302a84\IOT-Programming-with-Master-Embedded-773df849394c85dc7b3938106d0abe7e95302a84\Courseware 2\SDK_1.0.3_NUCLEO-F401RE\SDK_1.0.3_NUCLEO-F401RE\lib_stm\libLibraries.a(ucg_rotate.o)
 .ARM.attributes
                0x00000402       0x39 C:\Users\hauho\Downloads\IOT-Programming-with-Master-Embedded-773df849394c85dc7b3938106d0abe7e95302a84\IOT-Programming-with-Master-Embedded-773df849394c85dc7b3938106d0abe7e95302a84\Courseware 2\SDK_1.0.3_NUCLEO-F401RE\SDK_1.0.3_NUCLEO-F401RE\lib_stm\libLibraries.a(buff.o)
 .ARM.attributes
                0x0000043b       0x39 C:\Users\hauho\Downloads\IOT-Programming-with-Master-Embedded-773df849394c85dc7b3938106d0abe7e95302a84\IOT-Programming-with-Master-Embedded-773df849394c85dc7b3938106d0abe7e95302a84\Courseware 2\SDK_1.0.3_NUCLEO-F401RE\SDK_1.0.3_NUCLEO-F401RE\lib_stm\libLibraries.a(utilities.o)
 .ARM.attributes
                0x00000474       0x39 C:\Users\hauho\Downloads\IOT-Programming-with-Master-Embedded-773df849394c85dc7b3938106d0abe7e95302a84\IOT-Programming-with-Master-Embedded-773df849394c85dc7b3938106d0abe7e95302a84\Courseware 2\SDK_1.0.3_NUCLEO-F401RE\SDK_1.0.3_NUCLEO-F401RE\lib_stm\libLibraries.a(stm32f401re_gpio.o)
 .ARM.attributes
                0x000004ad       0x39 C:\Users\hauho\Downloads\IOT-Programming-with-Master-Embedded-773df849394c85dc7b3938106d0abe7e95302a84\IOT-Programming-with-Master-Embedded-773df849394c85dc7b3938106d0abe7e95302a84\Courseware 2\SDK_1.0.3_NUCLEO-F401RE\SDK_1.0.3_NUCLEO-F401RE\lib_stm\libLibraries.a(stm32f401re_rcc.o)
 .ARM.attributes
                0x000004e6       0x39 C:\Users\hauho\Downloads\IOT-Programming-with-Master-Embedded-773df849394c85dc7b3938106d0abe7e95302a84\IOT-Programming-with-Master-Embedded-773df849394c85dc7b3938106d0abe7e95302a84\Courseware 2\SDK_1.0.3_NUCLEO-F401RE\SDK_1.0.3_NUCLEO-F401RE\lib_stm\libLibraries.a(ucg_clip.o)
 .ARM.attributes
                0x0000051f       0x39 C:\Users\hauho\Downloads\IOT-Programming-with-Master-Embedded-773df849394c85dc7b3938106d0abe7e95302a84\IOT-Programming-with-Master-Embedded-773df849394c85dc7b3938106d0abe7e95302a84\Courseware 2\SDK_1.0.3_NUCLEO-F401RE\SDK_1.0.3_NUCLEO-F401RE\lib_stm\libLibraries.a(ucg_com_msg_api.o)
 .ARM.attributes
                0x00000558       0x34 C:/ST/STM32CubeIDE_1.15.0/STM32CubeIDE/plugins/com.st.stm32cube.ide.mcu.externaltools.gnu-tools-for-stm32.12.3.rel1.win32_1.0.100.202403111256/tools/bin/../lib/gcc/arm-none-eabi/12.3.1/../../../../arm-none-eabi/lib/thumb/v7e-m+fp/hard\libc_nano.a(libc_a-init.o)
 .ARM.attributes
                0x0000058c       0x22 C:/ST/STM32CubeIDE_1.15.0/STM32CubeIDE/plugins/com.st.stm32cube.ide.mcu.externaltools.gnu-tools-for-stm32.12.3.rel1.win32_1.0.100.202403111256/tools/bin/../lib/gcc/arm-none-eabi/12.3.1/thumb/v7e-m+fp/hard/crtn.o
OUTPUT(BT1.elf elf32-littlearm)
LOAD linker stubs
LOAD C:/ST/STM32CubeIDE_1.15.0/STM32CubeIDE/plugins/com.st.stm32cube.ide.mcu.externaltools.gnu-tools-for-stm32.12.3.rel1.win32_1.0.100.202403111256/tools/bin/../lib/gcc/arm-none-eabi/12.3.1/../../../../arm-none-eabi/lib/thumb/v7e-m+fp/hard\libc.a
LOAD C:/ST/STM32CubeIDE_1.15.0/STM32CubeIDE/plugins/com.st.stm32cube.ide.mcu.externaltools.gnu-tools-for-stm32.12.3.rel1.win32_1.0.100.202403111256/tools/bin/../lib/gcc/arm-none-eabi/12.3.1/../../../../arm-none-eabi/lib/thumb/v7e-m+fp/hard\libm.a
LOAD C:/ST/STM32CubeIDE_1.15.0/STM32CubeIDE/plugins/com.st.stm32cube.ide.mcu.externaltools.gnu-tools-for-stm32.12.3.rel1.win32_1.0.100.202403111256/tools/bin/../lib/gcc/arm-none-eabi/12.3.1/thumb/v7e-m+fp/hard\libgcc.a

.debug_info     0x00000000    0x3420e
 .debug_info    0x00000000      0x7be ./Src/main.o
 .debug_info    0x000007be       0x30 ./Startup/startup_stm32f401retx.o
 .debug_info    0x000007ee      0x5bb C:\Users\hauho\Downloads\IOT-Programming-with-Master-Embedded-773df849394c85dc7b3938106d0abe7e95302a84\IOT-Programming-with-Master-Embedded-773df849394c85dc7b3938106d0abe7e95302a84\Courseware 2\SDK_1.0.3_NUCLEO-F401RE\SDK_1.0.3_NUCLEO-F401RE\lib_stm\libLibraries.a(system_stm32f4xx.o)
 .debug_info    0x00000da9      0x922 C:\Users\hauho\Downloads\IOT-Programming-with-Master-Embedded-773df849394c85dc7b3938106d0abe7e95302a84\IOT-Programming-with-Master-Embedded-773df849394c85dc7b3938106d0abe7e95302a84\Courseware 2\SDK_1.0.3_NUCLEO-F401RE\SDK_1.0.3_NUCLEO-F401RE\lib_stm\libLibraries.a(timer.o)
 .debug_info    0x000016cb     0x333f C:\Users\hauho\Downloads\IOT-Programming-with-Master-Embedded-773df849394c85dc7b3938106d0abe7e95302a84\IOT-Programming-with-Master-Embedded-773df849394c85dc7b3938106d0abe7e95302a84\Courseware 2\SDK_1.0.3_NUCLEO-F401RE\SDK_1.0.3_NUCLEO-F401RE\lib_stm\libLibraries.a(Ucglib.o)
 .debug_info    0x00004a0a     0x329d C:\Users\hauho\Downloads\IOT-Programming-with-Master-Embedded-773df849394c85dc7b3938106d0abe7e95302a84\IOT-Programming-with-Master-Embedded-773df849394c85dc7b3938106d0abe7e95302a84\Courseware 2\SDK_1.0.3_NUCLEO-F401RE\SDK_1.0.3_NUCLEO-F401RE\lib_stm\libLibraries.a(ucg_box.o)
 .debug_info    0x00007ca7     0x2b08 C:\Users\hauho\Downloads\IOT-Programming-with-Master-Embedded-773df849394c85dc7b3938106d0abe7e95302a84\IOT-Programming-with-Master-Embedded-773df849394c85dc7b3938106d0abe7e95302a84\Courseware 2\SDK_1.0.3_NUCLEO-F401RE\SDK_1.0.3_NUCLEO-F401RE\lib_stm\libLibraries.a(ucg_ccs.o)
 .debug_info    0x0000a7af     0x324b C:\Users\hauho\Downloads\IOT-Programming-with-Master-Embedded-773df849394c85dc7b3938106d0abe7e95302a84\IOT-Programming-with-Master-Embedded-773df849394c85dc7b3938106d0abe7e95302a84\Courseware 2\SDK_1.0.3_NUCLEO-F401RE\SDK_1.0.3_NUCLEO-F401RE\lib_stm\libLibraries.a(ucg_dev_default_cb.o)
 .debug_info    0x0000d9fa     0x3272 C:\Users\hauho\Downloads\IOT-Programming-with-Master-Embedded-773df849394c85dc7b3938106d0abe7e95302a84\IOT-Programming-with-Master-Embedded-773df849394c85dc7b3938106d0abe7e95302a84\Courseware 2\SDK_1.0.3_NUCLEO-F401RE\SDK_1.0.3_NUCLEO-F401RE\lib_stm\libLibraries.a(ucg_dev_ic_st7735.o)
 .debug_info    0x00010c6c     0x3178 C:\Users\hauho\Downloads\IOT-Programming-with-Master-Embedded-773df849394c85dc7b3938106d0abe7e95302a84\IOT-Programming-with-Master-Embedded-773df849394c85dc7b3938106d0abe7e95302a84\Courseware 2\SDK_1.0.3_NUCLEO-F401RE\SDK_1.0.3_NUCLEO-F401RE\lib_stm\libLibraries.a(ucg_dev_msg_api.o)
 .debug_info    0x00013de4     0x303e C:\Users\hauho\Downloads\IOT-Programming-with-Master-Embedded-773df849394c85dc7b3938106d0abe7e95302a84\IOT-Programming-with-Master-Embedded-773df849394c85dc7b3938106d0abe7e95302a84\Courseware 2\SDK_1.0.3_NUCLEO-F401RE\SDK_1.0.3_NUCLEO-F401RE\lib_stm\libLibraries.a(ucg_dev_tft_128x128_st7735.o)
 .debug_info    0x00016e22     0x43ab C:\Users\hauho\Downloads\IOT-Programming-with-Master-Embedded-773df849394c85dc7b3938106d0abe7e95302a84\IOT-Programming-with-Master-Embedded-773df849394c85dc7b3938106d0abe7e95302a84\Courseware 2\SDK_1.0.3_NUCLEO-F401RE\SDK_1.0.3_NUCLEO-F401RE\lib_stm\libLibraries.a(ucg_font.o)
 .debug_info    0x0001b1cd     0x3856 C:\Users\hauho\Downloads\IOT-Programming-with-Master-Embedded-773df849394c85dc7b3938106d0abe7e95302a84\IOT-Programming-with-Master-Embedded-773df849394c85dc7b3938106d0abe7e95302a84\Courseware 2\SDK_1.0.3_NUCLEO-F401RE\SDK_1.0.3_NUCLEO-F401RE\lib_stm\libLibraries.a(ucg_init.o)
 .debug_info    0x0001ea23     0x3222 C:\Users\hauho\Downloads\IOT-Programming-with-Master-Embedded-773df849394c85dc7b3938106d0abe7e95302a84\IOT-Programming-with-Master-Embedded-773df849394c85dc7b3938106d0abe7e95302a84\Courseware 2\SDK_1.0.3_NUCLEO-F401RE\SDK_1.0.3_NUCLEO-F401RE\lib_stm\libLibraries.a(ucg_line.o)
 .debug_info    0x00021c45     0x3056 C:\Users\hauho\Downloads\IOT-Programming-with-Master-Embedded-773df849394c85dc7b3938106d0abe7e95302a84\IOT-Programming-with-Master-Embedded-773df849394c85dc7b3938106d0abe7e95302a84\Courseware 2\SDK_1.0.3_NUCLEO-F401RE\SDK_1.0.3_NUCLEO-F401RE\lib_stm\libLibraries.a(ucg_pixel.o)
 .debug_info    0x00024c9b     0x43df C:\Users\hauho\Downloads\IOT-Programming-with-Master-Embedded-773df849394c85dc7b3938106d0abe7e95302a84\IOT-Programming-with-Master-Embedded-773df849394c85dc7b3938106d0abe7e95302a84\Courseware 2\SDK_1.0.3_NUCLEO-F401RE\SDK_1.0.3_NUCLEO-F401RE\lib_stm\libLibraries.a(ucg_pixel_font_data.o)
 .debug_info    0x0002907a     0x3231 C:\Users\hauho\Downloads\IOT-Programming-with-Master-Embedded-773df849394c85dc7b3938106d0abe7e95302a84\IOT-Programming-with-Master-Embedded-773df849394c85dc7b3938106d0abe7e95302a84\Courseware 2\SDK_1.0.3_NUCLEO-F401RE\SDK_1.0.3_NUCLEO-F401RE\lib_stm\libLibraries.a(ucg_rotate.o)
 .debug_info    0x0002c2ab      0x339 C:\Users\hauho\Downloads\IOT-Programming-with-Master-Embedded-773df849394c85dc7b3938106d0abe7e95302a84\IOT-Programming-with-Master-Embedded-773df849394c85dc7b3938106d0abe7e95302a84\Courseware 2\SDK_1.0.3_NUCLEO-F401RE\SDK_1.0.3_NUCLEO-F401RE\lib_stm\libLibraries.a(buff.o)
 .debug_info    0x0002c5e4      0x2bd C:\Users\hauho\Downloads\IOT-Programming-with-Master-Embedded-773df849394c85dc7b3938106d0abe7e95302a84\IOT-Programming-with-Master-Embedded-773df849394c85dc7b3938106d0abe7e95302a84\Courseware 2\SDK_1.0.3_NUCLEO-F401RE\SDK_1.0.3_NUCLEO-F401RE\lib_stm\libLibraries.a(utilities.o)
 .debug_info    0x0002c8a1      0x62b C:\Users\hauho\Downloads\IOT-Programming-with-Master-Embedded-773df849394c85dc7b3938106d0abe7e95302a84\IOT-Programming-with-Master-Embedded-773df849394c85dc7b3938106d0abe7e95302a84\Courseware 2\SDK_1.0.3_NUCLEO-F401RE\SDK_1.0.3_NUCLEO-F401RE\lib_stm\libLibraries.a(stm32f401re_gpio.o)
 .debug_info    0x0002cecc      0xd5e C:\Users\hauho\Downloads\IOT-Programming-with-Master-Embedded-773df849394c85dc7b3938106d0abe7e95302a84\IOT-Programming-with-Master-Embedded-773df849394c85dc7b3938106d0abe7e95302a84\Courseware 2\SDK_1.0.3_NUCLEO-F401RE\SDK_1.0.3_NUCLEO-F401RE\lib_stm\libLibraries.a(stm32f401re_rcc.o)
 .debug_info    0x0002dc2a     0x315a C:\Users\hauho\Downloads\IOT-Programming-with-Master-Embedded-773df849394c85dc7b3938106d0abe7e95302a84\IOT-Programming-with-Master-Embedded-773df849394c85dc7b3938106d0abe7e95302a84\Courseware 2\SDK_1.0.3_NUCLEO-F401RE\SDK_1.0.3_NUCLEO-F401RE\lib_stm\libLibraries.a(ucg_clip.o)
 .debug_info    0x00030d84     0x348a C:\Users\hauho\Downloads\IOT-Programming-with-Master-Embedded-773df849394c85dc7b3938106d0abe7e95302a84\IOT-Programming-with-Master-Embedded-773df849394c85dc7b3938106d0abe7e95302a84\Courseware 2\SDK_1.0.3_NUCLEO-F401RE\SDK_1.0.3_NUCLEO-F401RE\lib_stm\libLibraries.a(ucg_com_msg_api.o)

.debug_abbrev   0x00000000     0x2308
 .debug_abbrev  0x00000000      0x1a2 ./Src/main.o
 .debug_abbrev  0x000001a2       0x24 ./Startup/startup_stm32f401retx.o
 .debug_abbrev  0x000001c6      0x138 C:\Users\hauho\Downloads\IOT-Programming-with-Master-Embedded-773df849394c85dc7b3938106d0abe7e95302a84\IOT-Programming-with-Master-Embedded-773df849394c85dc7b3938106d0abe7e95302a84\Courseware 2\SDK_1.0.3_NUCLEO-F401RE\SDK_1.0.3_NUCLEO-F401RE\lib_stm\libLibraries.a(system_stm32f4xx.o)
 .debug_abbrev  0x000002fe      0x29a C:\Users\hauho\Downloads\IOT-Programming-with-Master-Embedded-773df849394c85dc7b3938106d0abe7e95302a84\IOT-Programming-with-Master-Embedded-773df849394c85dc7b3938106d0abe7e95302a84\Courseware 2\SDK_1.0.3_NUCLEO-F401RE\SDK_1.0.3_NUCLEO-F401RE\lib_stm\libLibraries.a(timer.o)
 .debug_abbrev  0x00000598      0x202 C:\Users\hauho\Downloads\IOT-Programming-with-Master-Embedded-773df849394c85dc7b3938106d0abe7e95302a84\IOT-Programming-with-Master-Embedded-773df849394c85dc7b3938106d0abe7e95302a84\Courseware 2\SDK_1.0.3_NUCLEO-F401RE\SDK_1.0.3_NUCLEO-F401RE\lib_stm\libLibraries.a(Ucglib.o)
 .debug_abbrev  0x0000079a      0x18b C:\Users\hauho\Downloads\IOT-Programming-with-Master-Embedded-773df849394c85dc7b3938106d0abe7e95302a84\IOT-Programming-with-Master-Embedded-773df849394c85dc7b3938106d0abe7e95302a84\Courseware 2\SDK_1.0.3_NUCLEO-F401RE\SDK_1.0.3_NUCLEO-F401RE\lib_stm\libLibraries.a(ucg_box.o)
 .debug_abbrev  0x00000925       0xf5 C:\Users\hauho\Downloads\IOT-Programming-with-Master-Embedded-773df849394c85dc7b3938106d0abe7e95302a84\IOT-Programming-with-Master-Embedded-773df849394c85dc7b3938106d0abe7e95302a84\Courseware 2\SDK_1.0.3_NUCLEO-F401RE\SDK_1.0.3_NUCLEO-F401RE\lib_stm\libLibraries.a(ucg_ccs.o)
 .debug_abbrev  0x00000a1a      0x19e C:\Users\hauho\Downloads\IOT-Programming-with-Master-Embedded-773df849394c85dc7b3938106d0abe7e95302a84\IOT-Programming-with-Master-Embedded-773df849394c85dc7b3938106d0abe7e95302a84\Courseware 2\SDK_1.0.3_NUCLEO-F401RE\SDK_1.0.3_NUCLEO-F401RE\lib_stm\libLibraries.a(ucg_dev_default_cb.o)
 .debug_abbrev  0x00000bb8      0x1dc C:\Users\hauho\Downloads\IOT-Programming-with-Master-Embedded-773df849394c85dc7b3938106d0abe7e95302a84\IOT-Programming-with-Master-Embedded-773df849394c85dc7b3938106d0abe7e95302a84\Courseware 2\SDK_1.0.3_NUCLEO-F401RE\SDK_1.0.3_NUCLEO-F401RE\lib_stm\libLibraries.a(ucg_dev_ic_st7735.o)
 .debug_abbrev  0x00000d94      0x191 C:\Users\hauho\Downloads\IOT-Programming-with-Master-Embedded-773df849394c85dc7b3938106d0abe7e95302a84\IOT-Programming-with-Master-Embedded-773df849394c85dc7b3938106d0abe7e95302a84\Courseware 2\SDK_1.0.3_NUCLEO-F401RE\SDK_1.0.3_NUCLEO-F401RE\lib_stm\libLibraries.a(ucg_dev_msg_api.o)
 .debug_abbrev  0x00000f25      0x14e C:\Users\hauho\Downloads\IOT-Programming-with-Master-Embedded-773df849394c85dc7b3938106d0abe7e95302a84\IOT-Programming-with-Master-Embedded-773df849394c85dc7b3938106d0abe7e95302a84\Courseware 2\SDK_1.0.3_NUCLEO-F401RE\SDK_1.0.3_NUCLEO-F401RE\lib_stm\libLibraries.a(ucg_dev_tft_128x128_st7735.o)
 .debug_abbrev  0x00001073      0x2fc C:\Users\hauho\Downloads\IOT-Programming-with-Master-Embedded-773df849394c85dc7b3938106d0abe7e95302a84\IOT-Programming-with-Master-Embedded-773df849394c85dc7b3938106d0abe7e95302a84\Courseware 2\SDK_1.0.3_NUCLEO-F401RE\SDK_1.0.3_NUCLEO-F401RE\lib_stm\libLibraries.a(ucg_font.o)
 .debug_abbrev  0x0000136f      0x1c6 C:\Users\hauho\Downloads\IOT-Programming-with-Master-Embedded-773df849394c85dc7b3938106d0abe7e95302a84\IOT-Programming-with-Master-Embedded-773df849394c85dc7b3938106d0abe7e95302a84\Courseware 2\SDK_1.0.3_NUCLEO-F401RE\SDK_1.0.3_NUCLEO-F401RE\lib_stm\libLibraries.a(ucg_init.o)
 .debug_abbrev  0x00001535      0x175 C:\Users\hauho\Downloads\IOT-Programming-with-Master-Embedded-773df849394c85dc7b3938106d0abe7e95302a84\IOT-Programming-with-Master-Embedded-773df849394c85dc7b3938106d0abe7e95302a84\Courseware 2\SDK_1.0.3_NUCLEO-F401RE\SDK_1.0.3_NUCLEO-F401RE\lib_stm\libLibraries.a(ucg_line.o)
 .debug_abbrev  0x000016aa      0x148 C:\Users\hauho\Downloads\IOT-Programming-with-Master-Embedded-773df849394c85dc7b3938106d0abe7e95302a84\IOT-Programming-with-Master-Embedded-773df849394c85dc7b3938106d0abe7e95302a84\Courseware 2\SDK_1.0.3_NUCLEO-F401RE\SDK_1.0.3_NUCLEO-F401RE\lib_stm\libLibraries.a(ucg_pixel.o)
 .debug_abbrev  0x000017f2       0x83 C:\Users\hauho\Downloads\IOT-Programming-with-Master-Embedded-773df849394c85dc7b3938106d0abe7e95302a84\IOT-Programming-with-Master-Embedded-773df849394c85dc7b3938106d0abe7e95302a84\Courseware 2\SDK_1.0.3_NUCLEO-F401RE\SDK_1.0.3_NUCLEO-F401RE\lib_stm\libLibraries.a(ucg_pixel_font_data.o)
 .debug_abbrev  0x00001875      0x1a3 C:\Users\hauho\Downloads\IOT-Programming-with-Master-Embedded-773df849394c85dc7b3938106d0abe7e95302a84\IOT-Programming-with-Master-Embedded-773df849394c85dc7b3938106d0abe7e95302a84\Courseware 2\SDK_1.0.3_NUCLEO-F401RE\SDK_1.0.3_NUCLEO-F401RE\lib_stm\libLibraries.a(ucg_rotate.o)
 .debug_abbrev  0x00001a18      0x12a C:\Users\hauho\Downloads\IOT-Programming-with-Master-Embedded-773df849394c85dc7b3938106d0abe7e95302a84\IOT-Programming-with-Master-Embedded-773df849394c85dc7b3938106d0abe7e95302a84\Courseware 2\SDK_1.0.3_NUCLEO-F401RE\SDK_1.0.3_NUCLEO-F401RE\lib_stm\libLibraries.a(buff.o)
 .debug_abbrev  0x00001b42       0xce C:\Users\hauho\Downloads\IOT-Programming-with-Master-Embedded-773df849394c85dc7b3938106d0abe7e95302a84\IOT-Programming-with-Master-Embedded-773df849394c85dc7b3938106d0abe7e95302a84\Courseware 2\SDK_1.0.3_NUCLEO-F401RE\SDK_1.0.3_NUCLEO-F401RE\lib_stm\libLibraries.a(utilities.o)
 .debug_abbrev  0x00001c10      0x1bf C:\Users\hauho\Downloads\IOT-Programming-with-Master-Embedded-773df849394c85dc7b3938106d0abe7e95302a84\IOT-Programming-with-Master-Embedded-773df849394c85dc7b3938106d0abe7e95302a84\Courseware 2\SDK_1.0.3_NUCLEO-F401RE\SDK_1.0.3_NUCLEO-F401RE\lib_stm\libLibraries.a(stm32f401re_gpio.o)
 .debug_abbrev  0x00001dcf      0x1d4 C:\Users\hauho\Downloads\IOT-Programming-with-Master-Embedded-773df849394c85dc7b3938106d0abe7e95302a84\IOT-Programming-with-Master-Embedded-773df849394c85dc7b3938106d0abe7e95302a84\Courseware 2\SDK_1.0.3_NUCLEO-F401RE\SDK_1.0.3_NUCLEO-F401RE\lib_stm\libLibraries.a(stm32f401re_rcc.o)
 .debug_abbrev  0x00001fa3      0x173 C:\Users\hauho\Downloads\IOT-Programming-with-Master-Embedded-773df849394c85dc7b3938106d0abe7e95302a84\IOT-Programming-with-Master-Embedded-773df849394c85dc7b3938106d0abe7e95302a84\Courseware 2\SDK_1.0.3_NUCLEO-F401RE\SDK_1.0.3_NUCLEO-F401RE\lib_stm\libLibraries.a(ucg_clip.o)
 .debug_abbrev  0x00002116      0x1f2 C:\Users\hauho\Downloads\IOT-Programming-with-Master-Embedded-773df849394c85dc7b3938106d0abe7e95302a84\IOT-Programming-with-Master-Embedded-773df849394c85dc7b3938106d0abe7e95302a84\Courseware 2\SDK_1.0.3_NUCLEO-F401RE\SDK_1.0.3_NUCLEO-F401RE\lib_stm\libLibraries.a(ucg_com_msg_api.o)

.debug_aranges  0x00000000      0x8d8
 .debug_aranges
                0x00000000       0x20 ./Src/main.o
 .debug_aranges
                0x00000020       0x28 ./Startup/startup_stm32f401retx.o
 .debug_aranges
                0x00000048       0x30 C:\Users\hauho\Downloads\IOT-Programming-with-Master-Embedded-773df849394c85dc7b3938106d0abe7e95302a84\IOT-Programming-with-Master-Embedded-773df849394c85dc7b3938106d0abe7e95302a84\Courseware 2\SDK_1.0.3_NUCLEO-F401RE\SDK_1.0.3_NUCLEO-F401RE\lib_stm\libLibraries.a(system_stm32f4xx.o)
 .debug_aranges
                0x00000078       0x70 C:\Users\hauho\Downloads\IOT-Programming-with-Master-Embedded-773df849394c85dc7b3938106d0abe7e95302a84\IOT-Programming-with-Master-Embedded-773df849394c85dc7b3938106d0abe7e95302a84\Courseware 2\SDK_1.0.3_NUCLEO-F401RE\SDK_1.0.3_NUCLEO-F401RE\lib_stm\libLibraries.a(timer.o)
 .debug_aranges
                0x000000e8       0x48 C:\Users\hauho\Downloads\IOT-Programming-with-Master-Embedded-773df849394c85dc7b3938106d0abe7e95302a84\IOT-Programming-with-Master-Embedded-773df849394c85dc7b3938106d0abe7e95302a84\Courseware 2\SDK_1.0.3_NUCLEO-F401RE\SDK_1.0.3_NUCLEO-F401RE\lib_stm\libLibraries.a(Ucglib.o)
 .debug_aranges
                0x00000130       0x48 C:\Users\hauho\Downloads\IOT-Programming-with-Master-Embedded-773df849394c85dc7b3938106d0abe7e95302a84\IOT-Programming-with-Master-Embedded-773df849394c85dc7b3938106d0abe7e95302a84\Courseware 2\SDK_1.0.3_NUCLEO-F401RE\SDK_1.0.3_NUCLEO-F401RE\lib_stm\libLibraries.a(ucg_box.o)
 .debug_aranges
                0x00000178       0x30 C:\Users\hauho\Downloads\IOT-Programming-with-Master-Embedded-773df849394c85dc7b3938106d0abe7e95302a84\IOT-Programming-with-Master-Embedded-773df849394c85dc7b3938106d0abe7e95302a84\Courseware 2\SDK_1.0.3_NUCLEO-F401RE\SDK_1.0.3_NUCLEO-F401RE\lib_stm\libLibraries.a(ucg_ccs.o)
 .debug_aranges
                0x000001a8       0x48 C:\Users\hauho\Downloads\IOT-Programming-with-Master-Embedded-773df849394c85dc7b3938106d0abe7e95302a84\IOT-Programming-with-Master-Embedded-773df849394c85dc7b3938106d0abe7e95302a84\Courseware 2\SDK_1.0.3_NUCLEO-F401RE\SDK_1.0.3_NUCLEO-F401RE\lib_stm\libLibraries.a(ucg_dev_default_cb.o)
 .debug_aranges
                0x000001f0       0x40 C:\Users\hauho\Downloads\IOT-Programming-with-Master-Embedded-773df849394c85dc7b3938106d0abe7e95302a84\IOT-Programming-with-Master-Embedded-773df849394c85dc7b3938106d0abe7e95302a84\Courseware 2\SDK_1.0.3_NUCLEO-F401RE\SDK_1.0.3_NUCLEO-F401RE\lib_stm\libLibraries.a(ucg_dev_ic_st7735.o)
 .debug_aranges
                0x00000230       0x60 C:\Users\hauho\Downloads\IOT-Programming-with-Master-Embedded-773df849394c85dc7b3938106d0abe7e95302a84\IOT-Programming-with-Master-Embedded-773df849394c85dc7b3938106d0abe7e95302a84\Courseware 2\SDK_1.0.3_NUCLEO-F401RE\SDK_1.0.3_NUCLEO-F401RE\lib_stm\libLibraries.a(ucg_dev_msg_api.o)
 .debug_aranges
                0x00000290       0x20 C:\Users\hauho\Downloads\IOT-Programming-with-Master-Embedded-773df849394c85dc7b3938106d0abe7e95302a84\IOT-Programming-with-Master-Embedded-773df849394c85dc7b3938106d0abe7e95302a84\Courseware 2\SDK_1.0.3_NUCLEO-F401RE\SDK_1.0.3_NUCLEO-F401RE\lib_stm\libLibraries.a(ucg_dev_tft_128x128_st7735.o)
 .debug_aranges
                0x000002b0      0x168 C:\Users\hauho\Downloads\IOT-Programming-with-Master-Embedded-773df849394c85dc7b3938106d0abe7e95302a84\IOT-Programming-with-Master-Embedded-773df849394c85dc7b3938106d0abe7e95302a84\Courseware 2\SDK_1.0.3_NUCLEO-F401RE\SDK_1.0.3_NUCLEO-F401RE\lib_stm\libLibraries.a(ucg_font.o)
 .debug_aranges
                0x00000418       0x28 C:\Users\hauho\Downloads\IOT-Programming-with-Master-Embedded-773df849394c85dc7b3938106d0abe7e95302a84\IOT-Programming-with-Master-Embedded-773df849394c85dc7b3938106d0abe7e95302a84\Courseware 2\SDK_1.0.3_NUCLEO-F401RE\SDK_1.0.3_NUCLEO-F401RE\lib_stm\libLibraries.a(ucg_init.o)
 .debug_aranges
                0x00000440       0x48 C:\Users\hauho\Downloads\IOT-Programming-with-Master-Embedded-773df849394c85dc7b3938106d0abe7e95302a84\IOT-Programming-with-Master-Embedded-773df849394c85dc7b3938106d0abe7e95302a84\Courseware 2\SDK_1.0.3_NUCLEO-F401RE\SDK_1.0.3_NUCLEO-F401RE\lib_stm\libLibraries.a(ucg_line.o)
 .debug_aranges
                0x00000488       0x28 C:\Users\hauho\Downloads\IOT-Programming-with-Master-Embedded-773df849394c85dc7b3938106d0abe7e95302a84\IOT-Programming-with-Master-Embedded-773df849394c85dc7b3938106d0abe7e95302a84\Courseware 2\SDK_1.0.3_NUCLEO-F401RE\SDK_1.0.3_NUCLEO-F401RE\lib_stm\libLibraries.a(ucg_pixel.o)
 .debug_aranges
                0x000004b0       0x18 C:\Users\hauho\Downloads\IOT-Programming-with-Master-Embedded-773df849394c85dc7b3938106d0abe7e95302a84\IOT-Programming-with-Master-Embedded-773df849394c85dc7b3938106d0abe7e95302a84\Courseware 2\SDK_1.0.3_NUCLEO-F401RE\SDK_1.0.3_NUCLEO-F401RE\lib_stm\libLibraries.a(ucg_pixel_font_data.o)
 .debug_aranges
                0x000004c8       0x68 C:\Users\hauho\Downloads\IOT-Programming-with-Master-Embedded-773df849394c85dc7b3938106d0abe7e95302a84\IOT-Programming-with-Master-Embedded-773df849394c85dc7b3938106d0abe7e95302a84\Courseware 2\SDK_1.0.3_NUCLEO-F401RE\SDK_1.0.3_NUCLEO-F401RE\lib_stm\libLibraries.a(ucg_rotate.o)
 .debug_aranges
                0x00000530       0x50 C:\Users\hauho\Downloads\IOT-Programming-with-Master-Embedded-773df849394c85dc7b3938106d0abe7e95302a84\IOT-Programming-with-Master-Embedded-773df849394c85dc7b3938106d0abe7e95302a84\Courseware 2\SDK_1.0.3_NUCLEO-F401RE\SDK_1.0.3_NUCLEO-F401RE\lib_stm\libLibraries.a(buff.o)
 .debug_aranges
                0x00000580       0x48 C:\Users\hauho\Downloads\IOT-Programming-with-Master-Embedded-773df849394c85dc7b3938106d0abe7e95302a84\IOT-Programming-with-Master-Embedded-773df849394c85dc7b3938106d0abe7e95302a84\Courseware 2\SDK_1.0.3_NUCLEO-F401RE\SDK_1.0.3_NUCLEO-F401RE\lib_stm\libLibraries.a(utilities.o)
 .debug_aranges
                0x000005c8       0x88 C:\Users\hauho\Downloads\IOT-Programming-with-Master-Embedded-773df849394c85dc7b3938106d0abe7e95302a84\IOT-Programming-with-Master-Embedded-773df849394c85dc7b3938106d0abe7e95302a84\Courseware 2\SDK_1.0.3_NUCLEO-F401RE\SDK_1.0.3_NUCLEO-F401RE\lib_stm\libLibraries.a(stm32f401re_gpio.o)
 .debug_aranges
                0x00000650      0x198 C:\Users\hauho\Downloads\IOT-Programming-with-Master-Embedded-773df849394c85dc7b3938106d0abe7e95302a84\IOT-Programming-with-Master-Embedded-773df849394c85dc7b3938106d0abe7e95302a84\Courseware 2\SDK_1.0.3_NUCLEO-F401RE\SDK_1.0.3_NUCLEO-F401RE\lib_stm\libLibraries.a(stm32f401re_rcc.o)
 .debug_aranges
                0x000007e8       0x50 C:\Users\hauho\Downloads\IOT-Programming-with-Master-Embedded-773df849394c85dc7b3938106d0abe7e95302a84\IOT-Programming-with-Master-Embedded-773df849394c85dc7b3938106d0abe7e95302a84\Courseware 2\SDK_1.0.3_NUCLEO-F401RE\SDK_1.0.3_NUCLEO-F401RE\lib_stm\libLibraries.a(ucg_clip.o)
 .debug_aranges
                0x00000838       0xa0 C:\Users\hauho\Downloads\IOT-Programming-with-Master-Embedded-773df849394c85dc7b3938106d0abe7e95302a84\IOT-Programming-with-Master-Embedded-773df849394c85dc7b3938106d0abe7e95302a84\Courseware 2\SDK_1.0.3_NUCLEO-F401RE\SDK_1.0.3_NUCLEO-F401RE\lib_stm\libLibraries.a(ucg_com_msg_api.o)

.debug_rnglists
                0x00000000       0x2d
 .debug_rnglists
                0x00000000       0x14 ./Src/main.o
 .debug_rnglists
                0x00000014       0x19 ./Startup/startup_stm32f401retx.o

.debug_macro    0x00000000     0xda31
 .debug_macro   0x00000000       0x98 ./Src/main.o
 .debug_macro   0x00000098      0xac0 ./Src/main.o
 .debug_macro   0x00000b58       0x22 ./Src/main.o
 .debug_macro   0x00000b7a       0x8e ./Src/main.o
 .debug_macro   0x00000c08       0x51 ./Src/main.o
 .debug_macro   0x00000c59      0x103 ./Src/main.o
 .debug_macro   0x00000d5c       0x6a ./Src/main.o
 .debug_macro   0x00000dc6      0x1df ./Src/main.o
 .debug_macro   0x00000fa5       0x22 ./Src/main.o
 .debug_macro   0x00000fc7      0x189 ./Src/main.o
 .debug_macro   0x00001150      0x301 ./Src/main.o
 .debug_macro   0x00001451       0xce C:\Users\hauho\Downloads\IOT-Programming-with-Master-Embedded-773df849394c85dc7b3938106d0abe7e95302a84\IOT-Programming-with-Master-Embedded-773df849394c85dc7b3938106d0abe7e95302a84\Courseware 2\SDK_1.0.3_NUCLEO-F401RE\SDK_1.0.3_NUCLEO-F401RE\lib_stm\libLibraries.a(system_stm32f4xx.o)
 .debug_macro   0x0000151f      0xa66 C:\Users\hauho\Downloads\IOT-Programming-with-Master-Embedded-773df849394c85dc7b3938106d0abe7e95302a84\IOT-Programming-with-Master-Embedded-773df849394c85dc7b3938106d0abe7e95302a84\Courseware 2\SDK_1.0.3_NUCLEO-F401RE\SDK_1.0.3_NUCLEO-F401RE\lib_stm\libLibraries.a(system_stm32f4xx.o)
 .debug_macro   0x00001f85       0x6b C:\Users\hauho\Downloads\IOT-Programming-with-Master-Embedded-773df849394c85dc7b3938106d0abe7e95302a84\IOT-Programming-with-Master-Embedded-773df849394c85dc7b3938106d0abe7e95302a84\Courseware 2\SDK_1.0.3_NUCLEO-F401RE\SDK_1.0.3_NUCLEO-F401RE\lib_stm\libLibraries.a(system_stm32f4xx.o)
 .debug_macro   0x00001ff0       0x3b C:\Users\hauho\Downloads\IOT-Programming-with-Master-Embedded-773df849394c85dc7b3938106d0abe7e95302a84\IOT-Programming-with-Master-Embedded-773df849394c85dc7b3938106d0abe7e95302a84\Courseware 2\SDK_1.0.3_NUCLEO-F401RE\SDK_1.0.3_NUCLEO-F401RE\lib_stm\libLibraries.a(system_stm32f4xx.o)
 .debug_macro   0x0000202b       0x22 C:\Users\hauho\Downloads\IOT-Programming-with-Master-Embedded-773df849394c85dc7b3938106d0abe7e95302a84\IOT-Programming-with-Master-Embedded-773df849394c85dc7b3938106d0abe7e95302a84\Courseware 2\SDK_1.0.3_NUCLEO-F401RE\SDK_1.0.3_NUCLEO-F401RE\lib_stm\libLibraries.a(system_stm32f4xx.o)
 .debug_macro   0x0000204d       0x8e C:\Users\hauho\Downloads\IOT-Programming-with-Master-Embedded-773df849394c85dc7b3938106d0abe7e95302a84\IOT-Programming-with-Master-Embedded-773df849394c85dc7b3938106d0abe7e95302a84\Courseware 2\SDK_1.0.3_NUCLEO-F401RE\SDK_1.0.3_NUCLEO-F401RE\lib_stm\libLibraries.a(system_stm32f4xx.o)
 .debug_macro   0x000020db       0xef C:\Users\hauho\Downloads\IOT-Programming-with-Master-Embedded-773df849394c85dc7b3938106d0abe7e95302a84\IOT-Programming-with-Master-Embedded-773df849394c85dc7b3938106d0abe7e95302a84\Courseware 2\SDK_1.0.3_NUCLEO-F401RE\SDK_1.0.3_NUCLEO-F401RE\lib_stm\libLibraries.a(system_stm32f4xx.o)
 .debug_macro   0x000021ca       0x34 C:\Users\hauho\Downloads\IOT-Programming-with-Master-Embedded-773df849394c85dc7b3938106d0abe7e95302a84\IOT-Programming-with-Master-Embedded-773df849394c85dc7b3938106d0abe7e95302a84\Courseware 2\SDK_1.0.3_NUCLEO-F401RE\SDK_1.0.3_NUCLEO-F401RE\lib_stm\libLibraries.a(system_stm32f4xx.o)