Archive member included to satisfy reference by file (symbol)

C:\Users\hauho\Downloads\IOT-Programming-with-Master-Embedded-773df849394c85dc7b3938106d0abe7e95302a84\IOT-Programming-with-Master-Embedded-773df849394c85dc7b3938106d0abe7e95302a84\Courseware 2\SDK_1.0.3_NUCLEO-F401RE\SDK_1.0.3_NUCLEO-F401RE\lib_stm\libLibraries.a(system_stm32f4xx.o)
                              ./Src/main.o (SystemCoreClockUpdate)
C:\Users\hauho\Downloads\IOT-Programming-with-Master-Embedded-773df849394c85dc7b3938106d0abe7e95302a84\IOT-Programming-with-Master-Embedded-773df849394c85dc7b3938106d0abe7e95302a84\Courseware 2\SDK_1.0.3_NUCLEO-F401RE\SDK_1.0.3_NUCLEO-F401RE\lib_stm\libLibraries.a(stm32f401re_gpio.o)
                              ./Src/main.o (GPIO_Init)
C:\Users\hauho\Downloads\IOT-Programming-with-Master-Embedded-773df849394c85dc7b3938106d0abe7e95302a84\IOT-Programming-with-Master-Embedded-773df849394c85dc7b3938106d0abe7e95302a84\Courseware 2\SDK_1.0.3_NUCLEO-F401RE\SDK_1.0.3_NUCLEO-F401RE\lib_stm\libLibraries.a(stm32f401re_rcc.o)
                              ./Src/main.o (RCC_AHB1PeriphClockCmd)
C:\Users\hauho\Downloads\IOT-Programming-with-Master-Embedded-773df849394c85dc7b3938106d0abe7e95302a84\IOT-Programming-with-Master-Embedded-773df849394c85dc7b3938106d0abe7e95302a84\Courseware 2\SDK_1.0.3_NUCLEO-F401RE\SDK_1.0.3_NUCLEO-F401RE\lib_stm\libLibraries.a(timer.o)
                              ./Src/main.o (TimerInit)
C:\Users\hauho\Downloads\IOT-Programming-with-Master-Embedded-773df849394c85dc7b3938106d0abe7e95302a84\IOT-Programming-with-Master-Embedded-773df849394c85dc7b3938106d0abe7e95302a84\Courseware 2\SDK_1.0.3_NUCLEO-F401RE\SDK_1.0.3_NUCLEO-F401RE\lib_stm\libLibraries.a(Ucglib.o)
                              ./Src/main.o (Ucglib4WireSWSPI_begin)
C:\Users\hauho\Downloads\IOT-Programming-with-Master-Embedded-773df849394c85dc7b3938106d0abe7e95302a84\IOT-Programming-with-Master-Embedded-773df849394c85dc7b3938106d0abe7e95302a84\Courseware 2\SDK_1.0.3_NUCLEO-F401RE\SDK_1.0.3_NUCLEO-F401RE\lib_stm\libLibraries.a(ucg_box.o)
                              ./Src/main.o (ucg_ClearScreen)
C:\Users\hauho\Downloads\IOT-Programming-with-Master-Embedded-773df849394c85dc7b3938106d0abe7e95302a84\IOT-Programming-with-Master-Embedded-773df849394c85dc7b3938106d0abe7e95302a84\Courseware 2\SDK_1.0.3_NUCLEO-F401RE\SDK_1.0.3_NUCLEO-F401RE\lib_stm\libLibraries.a(ucg_ccs.o)
                              C:\Users\hauho\Downloads\IOT-Programming-with-Master-Embedded-773df849394c85dc7b3938106d0abe7e95302a84\IOT-Programming-with-Master-Embedded-773df849394c85dc7b3938106d0abe7e95302a84\Courseware 2\SDK_1.0.3_NUCLEO-F401RE\SDK_1.0.3_NUCLEO-F401RE\lib_stm\libLibraries.a(ucg_box.o) (ucg_ccs_init)
C:\Users\hauho\Downloads\IOT-Programming-with-Master-Embedded-773df849394c85dc7b3938106d0abe7e95302a84\IOT-Programming-with-Master-Embedded-773df849394c85dc7b3938106d0abe7e95302a84\Courseware 2\SDK_1.0.3_NUCLEO-F401RE\SDK_1.0.3_NUCLEO-F401RE\lib_stm\libLibraries.a(ucg_circle.o)
                              C:\Users\hauho\Downloads\IOT-Programming-with-Master-Embedded-773df849394c85dc7b3938106d0abe7e95302a84\IOT-Programming-with-Master-Embedded-773df849394c85dc7b3938106d0abe7e95302a84\Courseware 2\SDK_1.0.3_NUCLEO-F401RE\SDK_1.0.3_NUCLEO-F401RE\lib_stm\libLibraries.a(ucg_box.o) (ucg_DrawCircle)
C:\Users\hauho\Downloads\IOT-Programming-with-Master-Embedded-773df849394c85dc7b3938106d0abe7e95302a84\IOT-Programming-with-Master-Embedded-773df849394c85dc7b3938106d0abe7e95302a84\Courseware 2\SDK_1.0.3_NUCLEO-F401RE\SDK_1.0.3_NUCLEO-F401RE\lib_stm\libLibraries.a(ucg_dev_default_cb.o)
                              C:\Users\hauho\Downloads\IOT-Programming-with-Master-Embedded-773df849394c85dc7b3938106d0abe7e95302a84\IOT-Programming-with-Master-Embedded-773df849394c85dc7b3938106d0abe7e95302a84\Courseware 2\SDK_1.0.3_NUCLEO-F401RE\SDK_1.0.3_NUCLEO-F401RE\lib_stm\libLibraries.a(Ucglib.o) (ucg_dev_default_cb)
C:\Users\hauho\Downloads\IOT-Programming-with-Master-Embedded-773df849394c85dc7b3938106d0abe7e95302a84\IOT-Programming-with-Master-Embedded-773df849394c85dc7b3938106d0abe7e95302a84\Courseware 2\SDK_1.0.3_NUCLEO-F401RE\SDK_1.0.3_NUCLEO-F401RE\lib_stm\libLibraries.a(ucg_dev_ic_st7735.o)
                              C:\Users\hauho\Downloads\IOT-Programming-with-Master-Embedded-773df849394c85dc7b3938106d0abe7e95302a84\IOT-Programming-with-Master-Embedded-773df849394c85dc7b3938106d0abe7e95302a84\Courseware 2\SDK_1.0.3_NUCLEO-F401RE\SDK_1.0.3_NUCLEO-F401RE\lib_stm\libLibraries.a(Ucglib.o) (ucg_ext_st7735_18)
C:\Users\hauho\Downloads\IOT-Programming-with-Master-Embedded-773df849394c85dc7b3938106d0abe7e95302a84\IOT-Programming-with-Master-Embedded-773df849394c85dc7b3938106d0abe7e95302a84\Courseware 2\SDK_1.0.3_NUCLEO-F401RE\SDK_1.0.3_NUCLEO-F401RE\lib_stm\libLibraries.a(ucg_dev_msg_api.o)
[...]
Memory Configuration

Name             Origin             Length             Attributes
RAM              0x20000000         0x00018000         xrw
FLASH            0x08000000         0x00080000         xr
*default*        0x00000000         0xffffffff

Linker script and memory map

LOAD C:/ST/STM32CubeIDE_1.15.0/STM32CubeIDE/plugins/com.st.stm32cube.ide.mcu.externaltools.gnu-tools-for-stm32.12.3.rel1.win32_1.0.100.202403111256/tools/bin/../lib/gcc/arm-none-eabi/12.3.1/thumb/v7e-m+fp/hard/crti.o
LOAD C:/ST/STM32CubeIDE_1.15.0/STM32CubeIDE/plugins/com.st.stm32cube.ide.mcu.externaltools.gnu-tools-for-stm32.12.3.rel1.win32_1.0.100.202403111256/tools/bin/../lib/gcc/arm-none-eabi/12.3.1/thumb/v7e-m+fp/hard/crtbegin.o
LOAD C:/ST/STM32CubeIDE_1.15.0/STM32CubeIDE/plugins/com.st.stm32cube.ide.mcu.externaltools.gnu-tools-for-stm32.12.3.rel1.win32_1.0.100.202403111256/tools/bin/../lib/gcc/arm-none-eabi/12.3.1/../../../../arm-none-eabi/lib/thumb/v7e-m+fp/hard/crt0.o
LOAD ./Src/main.o
LOAD ./Src/syscalls.o
LOAD ./Src/sysmem.o
LOAD ./Startup/startup_stm32f401retx.o
LOAD C:\Users\hauho\Downloads\IOT-Programming-with-Master-Embedded-773df849394c85dc7b3938106d0abe7e95302a84\IOT-Programming-with-Master-Embedded-773df849394c85dc7b3938106d0abe7e95302a84\Courseware 2\SDK_1.0.3_NUCLEO-F401RE\SDK_1.0.3_NUCLEO-F401RE\lib_stm\libLibraries.a
START GROUP
LOAD C:/ST/STM32CubeIDE_1.15.0/STM32CubeIDE/plugins/com.st.stm32cube.ide.mcu.externaltools.gnu-tools-for-stm32.12.3.rel1.win32_1.0.100.202403111256/tools/bin/../lib/gcc/arm-none-eabi/12.3.1/../../../../arm-none-eabi/lib/thumb/v7e-m+fp/hard\libc_nano.a
LOAD C:/ST/STM32CubeIDE_1.15.0/STM32CubeIDE/plugins/com.st.stm32cube.ide.mcu.externaltools.gnu-tools-for-stm32.12.3.rel1.win32_1.0.100.202403111256/tools/bin/../lib/gcc/arm-none-eabi/12.3.1/../../../../arm-none-eabi/lib/thumb/v7e-m+fp/hard\libm.a
END GROUP
START GROUP
LOAD C:/ST/STM32CubeIDE_1.15.0/STM32CubeIDE/plugins/com.st.stm32cube.ide.mcu.externaltools.gnu-tools-for-stm32.12.3.rel1.win32_1.0.100.202403111256/tools/bin/../lib/gcc/arm-none-eabi/12.3.1/thumb/v7e-m+fp/hard\libgcc.a
LOAD C:/ST/STM32CubeIDE_1.15.0/STM32CubeIDE/plugins/com.st.stm32cube.ide.mcu.externaltools.gnu-tools-for-stm32.12.3.rel1.win32_1.0.100.202403111256/tools/bin/../lib/gcc/arm-none-eabi/12.3.1/../../../../arm-none-eabi/lib/thumb/v7e-m+fp/hard\libc_nano.a
END GROUP
START GROUP
LOAD C:/ST/STM32CubeIDE_1.15.0/STM32CubeIDE/plugins/com.st.stm32cube.ide.mcu.externaltools.gnu-tools-for-stm32.12.3.rel1.win32_1.0.100.202403111256/tools/bin/../lib/gcc/arm-none-eabi/12.3.1/thumb/v7e-m+fp/hard\libgcc.a
LOAD C:/ST/STM32CubeIDE_1.15.0/STM32CubeIDE/plugins/com.st.stm32cube.ide.mcu.externaltools.gnu-tools-for-stm32.12.3.rel1.win32_1.0.100.202403111256/tools/bin/../lib/gcc/arm-none-eabi/12.3.1/../../../../arm-none-eabi/lib/thumb/v7e-m+fp/hard\libc_nano.a
LOAD C:/ST/STM32CubeIDE_1.15.0/STM32CubeIDE/plugins/com.st.stm32cube.ide.mcu.externaltools.gnu-tools-for-stm32.12.3.rel1.win32_1.0.100.202403111256/tools/bin/../lib/gcc/arm-none-eabi/12.3.1/../../../../arm-none-eabi/lib/thumb/v7e-m+fp/hard\libnosys.a
END GROUP
START GROUP
LOAD C:/ST/STM32CubeIDE_1.15.0/STM32CubeIDE/plugins/com.st.stm32cube.ide.mcu.externaltools.gnu-tools-for-stm32.12.3.rel1.win32_1.0.100.202403111256/tools/bin/../lib/gcc/arm-none-eabi/12.3.1/thumb/v7e-m+fp/hard\libgcc.a
LOAD C:/ST/STM32CubeIDE_1.15.0/STM32CubeIDE/plugins/com.st.stm32cube.ide.mcu.externaltools.gnu-tools-for-stm32.12.3.rel1.win32_1.0.100.202403111256/tools/bin/../lib/gcc/arm-none-eabi/12.3.1/../../../../arm-none-eabi/lib/thumb/v7e-m+fp/hard\libc_nano.a
LOAD C:/ST/STM32CubeIDE_1.15.0/STM32CubeIDE/plugins/com.st.stm32cube.ide.mcu.externaltools.gnu-tools-for-stm32.12.3.rel1.win32_1.0.100.202403111256/tools/bin/../lib/gcc/arm-none-eabi/12.3.1/../../../../arm-none-eabi/lib/thumb/v7e-m+fp/hard\libnosys.a
END GROUP
LOAD C:/ST/STM32CubeIDE_1.15.0/STM32CubeIDE/plugins/com.st.stm32cube.ide.mcu.externaltools.gnu-tools-for-stm32.12.3.rel1.win32_1.0.100.202403111256/tools/bin/../lib/gcc/arm-none-eabi/12.3.1/thumb/v7e-m+fp/hard/crtend.o
LOAD C:/ST/STM32CubeIDE_1.15.0/STM32CubeIDE/plugins/com.st.stm32cube.ide.mcu.externaltools.gnu-tools-for-stm32.12.3.rel1.win32_1.0.100.202403111256/tools/bin/../lib/gcc/arm-none-eabi/12.3.1/thumb/v7e-m+fp/hard/crtn.o
                0x20018000                        _estack = (ORIGIN (RAM) + LENGTH (RAM))
                0x00000200                        _Min_Heap_Size = 0x200
                0x00000400                        _Min_Stack_Size = 0x400

.isr_vector     0x08000000      0x194
                0x08000000                        . = ALIGN (0x4)
 *(.isr_vector)
 .isr_vector    0x08000000      0x194 ./Startup/startup_stm32f401retx.o
                0x08000000                g_pfnVectors
                0x08000194                        . = ALIGN (0x4)

.text           0x08000194     0x3234
                0x08000194                        . = ALIGN (0x4)
 *(.text)
 .text          0x08000194       0x40 C:/ST/STM32CubeIDE_1.15.0/STM32CubeIDE/plugins/com.st.stm32cube.ide.mcu.externaltools.gnu-tools-for-stm32.12.3.rel1.win32_1.0.100.202403111256/tools/bin/../lib/gcc/arm-none-eabi/12.3.1/thumb/v7e-m+fp/hard/crtbegin.o
 *(.text*)
 .text.main     0x080001d4      0x114 ./Src/main.o
                0x080001d4                main
 .text.delay    0x080002e8       0x2c ./Src/main.o
 .text.buzzer_Init
                0x08000314       0x3c ./Src/main.o
 .text.button_Init
                0x08000350       0x34 ./Src/main.o
 .text.buzzerControlSetStatus
                0x08000384       0x34 ./Src/main.o
 .text.buttonReadStatus
                0x080003b8       0x34 ./Src/main.o
 .text.LEDRED_init
                0x080003ec       0x3c ./Src/main.o
 .text.LEDREDControl_SetStatus
                0x08000428       0x34 ./Src/main.o
 .text.Reset_Handler
                0x0800045c       0x50 ./Startup/startup_stm32f401retx.o
                0x0800045c                Reset_Handler
 .text.Default_Handler
                0x080004ac        0x2 ./Startup/startup_stm32f401retx.o
                0x080004ac                EXTI2_IRQHandler
                0x080004ac                DebugMon_Handler
                0x080004ac                SPI4_IRQHandler
                0x080004ac                TIM1_CC_IRQHandler
                0x080004ac                DMA2_Stream5_IRQHandler
                0x080004ac                HardFault_Handler
                0x080004ac                DMA1_Stream5_IRQHandler
                0x080004ac                SDIO_IRQHandler
                0x080004ac                TAMP_STAMP_IRQHandler
                0x080004ac                PendSV_Handler
                0x080004ac                NMI_Handler
                0x080004ac                EXTI3_IRQHandler
                0x080004ac                TIM1_UP_TIM10_IRQHandler
                0x080004ac                I2C3_ER_IRQHandler
                0x080004ac                EXTI18_OTG_FS_WKUP_IRQHandler
                0x080004ac                EXTI0_IRQHandler
                0x080004ac                I2C2_EV_IRQHandler
                0x080004ac                DMA1_Stream2_IRQHandler
                0x080004ac                UsageFault_Handler
                0x080004ac                DMA2_Stream2_IRQHandler
                0x080004ac                SPI1_IRQHandler
                0x080004ac                TIM1_BRK_TIM9_IRQHandler
                0x080004ac                DMA2_Stream3_IRQHandler
                0x080004ac                USART6_IRQHandler
                0x080004ac                DMA2_Stream0_IRQHandler
                0x080004ac                TIM4_IRQHandler
                0x080004ac                I2C1_EV_IRQHandler
                0x080004ac                DMA1_Stream6_IRQHandler
                0x080004ac                DMA1_Stream1_IRQHandler
                0x080004ac                TIM3_IRQHandler
                0x080004ac                RCC_IRQHandler
                0x080004ac                Default_Handler
                0x080004ac                EXTI15_10_IRQHandler
                0x080004ac                ADC_IRQHandler
                0x080004ac                DMA1_Stream7_IRQHandler
                0x080004ac                TIM5_IRQHandler
                0x080004ac                DMA2_Stream7_IRQHandler
                0x080004ac                I2C3_EV_IRQHandler
                0x080004ac                EXTI9_5_IRQHandler
                0x080004ac                SPI2_IRQHandler
                0x080004ac                MemManage_Handler
                0x080004ac                DMA1_Stream0_IRQHandler
                0x080004ac                SVC_Handler
                0x080004ac                EXTI4_IRQHandler
                0x080004ac                EXTI22_RTC_WKUP_IRQHandler
                0x080004ac                TIM2_IRQHandler
                0x080004ac                EXTI16_PVD_IRQHandler
                0x080004ac                TIM1_TRG_COM_TIM11_IRQHandler
                0x080004ac                EXTI1_IRQHandler
                0x080004ac                EXTI17_RTC_Alarm_IRQHandler
                0x080004ac                USART2_IRQHandler
                0x080004ac                I2C2_ER_IRQHandler
                0x080004ac                DMA2_Stream1_IRQHandler
                0x080004ac                FLASH_IRQHandler
                0x080004ac                DMA2_Stream4_IRQHandler
                0x080004ac                BusFault_Handler
                0x080004ac                USART1_IRQHandler
                0x080004ac                OTG_FS_IRQHandler
                0x080004ac                SPI3_IRQHandler
                0x080004ac                DMA1_Stream4_IRQHandler
                0x080004ac                I2C1_ER_IRQHandler
                0x080004ac                DMA2_Stream6_IRQHandler
                0x080004ac                DMA1_Stream3_IRQHandler
 *fill*         0x080004ae        0x2 
 .text.SystemInit
                0x080004b0       0x6c C:\Users\hauho\Downloads\IOT-Programming-with-Master-Embedded-773df849394c85dc7b3938106d0abe7e95302a84\IOT-Programming-with-Master-Embedded-773df849394c85dc7b3938106d0abe7e95302a84\Courseware 2\SDK_1.0.3_NUCLEO-F401RE\SDK_1.0.3_NUCLEO-F401RE\lib_stm\libLibraries.a(system_stm32f4xx.o)
                0x080004b0                SystemInit
 .text.SystemCoreClockUpdate
                0x0800051c       0xf8 C:\Users\hauho\Downloads\IOT-Programming-with-Master-Embedded-773df849394c85dc7b3938106d0abe7e95302a84\IOT-Programming-with-Master-Embedded-773df849394c85dc7b3938106d0abe7e95302a84\Courseware 2\SDK_1.0.3_NUCLEO-F401RE\SDK_1.0.3_NUCLEO-F401RE\lib_stm\libLibraries.a(system_stm32f4xx.o)
                0x0800051c                SystemCoreClockUpdate
 .text.SetSysClock
                0x08000614       0xa0 C:\Users\hauho\Downloads\IOT-Programming-with-Master-Embedded-773df849394c85dc7b3938106d0abe7e95302a84\IOT-Programming-with-Master-Embedded-773df849394c85dc7b3938106d0abe7e95302a84\Courseware 2\SDK_1.0.3_NUCLEO-F401RE\SDK_1.0.3_NUCLEO-F401RE\lib_stm\libLibraries.a(system_stm32f4xx.o)
 .text.GPIO_Init
                0x080006b4      0x11c C:\Users\hauho\Downloads\IOT-Programming-with-Master-Embedded-773df849394c85dc7b3938106d0abe7e95302a84\IOT-Programming-with-Master-Embedded-773df849394c85dc7b3938106d0abe7e95302a84\Courseware 2\SDK_1.0.3_NUCLEO-F401RE\SDK_1.0.3_NUCLEO-F401RE\lib_stm\libLibraries.a(stm32f401re_gpio.o)
                0x080006b4                GPIO_Init
 .text.GPIO_WriteBit
                0x080007d0       0x30 C:\Users\hauho\Downloads\IOT-Programming-with-Master-Embedded-773df849394c85dc7b3938106d0abe7e95302a84\IOT-Programming-with-Master-Embedded-773df849394c85dc7b3938106d0abe7e95302a84\Courseware 2\SDK_1.0.3_NUCLEO-F401RE\SDK_1.0.3_NUCLEO-F401RE\lib_stm\libLibraries.a(stm32f401re_gpio.o)
                0x080007d0                GPIO_WriteBit
 .text.RCC_GetClocksFreq
                0x08000800      0x150 C:\Users\hauho\Downloads\IOT-Programming-with-Master-Embedded-773df849394c85dc7b3938106d0abe7e95302a84\IOT-Programming-with-Master-Embedded-773df849394c85dc7b3938106d0abe7e95302a84\Courseware 2\SDK_1.0.3_NUCLEO-F401RE\SDK_1.0.3_NUCLEO-F401RE\lib_stm\libLibraries.a(stm32f401re_rcc.o)
                0x08000800                RCC_GetClocksFreq
 .text.RCC_AHB1PeriphClockCmd
                0x08000950       0x40 C:\Users\hauho\Downloads\IOT-Programming-with-Master-Embedded-773df849394c85dc7b3938106d0abe7e95302a84\IOT-Programming-with-Master-Embedded-773df849394c85dc7b3938106d0abe7e95302a84\Courseware 2\SDK_1.0.3_NUCLEO-F401RE\SDK_1.0.3_NUCLEO-F401RE\lib_stm\libLibraries.a(stm32f401re_rcc.o)
                0x08000950                RCC_AHB1PeriphClockCmd
 .text.NVIC_SetPriority
                0x08000990       0x54 C:\Users\hauho\Downloads\IOT-Programming-with-Master-Embedded-773df849394c85dc7b3938106d0abe7e95302a84\IOT-Programming-with-Master-Embedded-773df849394c85dc7b3938106d0abe7e95302a84\Courseware 2\SDK_1.0.3_NUCLEO-F401RE\SDK_1.0.3_NUCLEO-F401RE\lib_stm\libLibraries.a(timer.o)
 .text.SysTick_Config
                0x080009e4       0x44 C:\Users\hauho\Downloads\IOT-Programming-with-Master-Embedded-773df849394c85dc7b3938106d0abe7e95302a84\IOT-Programming-with-Master-Embedded-773df849394c85dc7b3938106d0abe7e95302a84\Courseware 2\SDK_1.0.3_NUCLEO-F401RE\SDK_1.0.3_NUCLEO-F401RE\lib_stm\libLibraries.a(timer.o)
 .text.TimerInit
                0x08000a28       0x44 C:\Users\hauho\Downloads\IOT-Programming-with-Master-Embedded-773df849394c85dc7b3938106d0abe7e95302a84\IOT-Programming-with-Master-Embedded-773df849394c85dc7b3938106d0abe7e95302a84\Courseware 2\SDK_1.0.3_NUCLEO-F401RE\SDK_1.0.3_NUCLEO-F401RE\lib_stm\libLibraries.a(timer.o)
                0x08000a28                TimerInit
 .text.TimerStart
                0x08000a6c       0xc4 C:\Users\hauho\Downloads\IOT-Programming-with-Master-Embedded-773df849394c85dc7b3938106d0abe7e95302a84\IOT-Programming-with-Master-Embedded-773df849394c85dc7b3938106d0abe7e95302a84\Courseware 2\SDK_1.0.3_NUCLEO-F401RE\SDK_1.0.3_NUCLEO-F401RE\lib_stm\libLibraries.a(timer.o)
                0x08000a6c                TimerStart
 .text.TimerStop
                0x08000b30       0xa0 C:\Users\hauho\Downloads\IOT-Programming-with-Master-Embedded-773df849394c85dc7b3938106d0abe7e95302a84\IOT-Programming-with-Master-Embedded-773df849394c85dc7b3938106d0abe7e95302a84\Courseware 2\SDK_1.0.3_NUCLEO-F401RE\SDK_1.0.3_NUCLEO-F401RE\lib_stm\libLibraries.a(timer.o)
                0x08000b30                TimerStop
 .text.GetMilSecTick
                0x08000bd0       0x18 C:\Users\hauho\Downloads\IOT-Programming-with-Master-Embedded-773df849394c85dc7b3938106d0abe7e95302a84\IOT-Programming-with-Master-Embedded-773df849394c85dc7b3938106d0abe7e95302a84\Courseware 2\SDK_1.0.3_NUCLEO-F401RE\SDK_1.0.3_NUCLEO-F401RE\lib_stm\libLibraries.a(timer.o)
                0x08000bd0                GetMilSecTick
 .text.processTimerScheduler
                0x08000be8       0xf0 C:\Users\hauho\Downloads\IOT-Programming-with-Master-Embedded-773df849394c85dc7b3938106d0abe7e95302a84\IOT-Programming-with-Master-Embedded-773df849394c85dc7b3938106d0abe7e95302a84\Courseware 2\SDK_1.0.3_NUCLEO-F401RE\SDK_1.0.3_NUCLEO-F401RE\lib_stm\libLibraries.a(timer.o)
                0x08000be8                processTimerScheduler
 .text.TimeExpired
                0x08000cd8       0xcc C:\Users\hauho\Downloads\IOT-Programming-with-Master-Embedded-773df849394c85dc7b3938106d0abe7e95302a84\IOT-Programming-with-Master-Embedded-773df849394c85dc7b3938106d0abe7e95302a84\Courseware 2\SDK_1.0.3_NUCLEO-F401RE\SDK_1.0.3_NUCLEO-F401RE\lib_stm\libLibraries.a(timer.o)
 .text.SysTick_Handler
                0x08000da4       0x1c C:\Users\hauho\Downloads\IOT-Programming-with-Master-Embedded-773df849394c85dc7b3938106d0abe7e95302a84\IOT-Programming-with-Master-Embedded-773df849394c85dc7b3938106d0abe7e95302a84\Courseware 2\SDK_1.0.3_NUCLEO-F401RE\SDK_1.0.3_NUCLEO-F401RE\lib_stm\libLibraries.a(timer.o)
                0x08000da4                SysTick_Handler
 .text.delayMicroseconds
                0x08000dc0       0x14 C:\Users\hauho\Downloads\IOT-Programming-with-Master-Embedded-773df849394c85dc7b3938106d0abe7e95302a84\IOT-Programming-with-Master-Embedded-773df849394c85dc7b3938106d0abe7e95302a84\Courseware 2\SDK_1.0.3_NUCLEO-F401RE\SDK_1.0.3_NUCLEO-F401RE\lib_stm\libLibraries.a(Ucglib.o)
 .text.ucg_gpio_init
                0x08000dd4       0x60 C:\Users\hauho\Downloads\IOT-Programming-with-Master-Embedded-773df849394c85dc7b3938106d0abe7e95302a84\IOT-Programming-with-Master-Embedded-773df849394c85dc7b3938106d0abe7e95302a84\Courseware 2\SDK_1.0.3_NUCLEO-F401RE\SDK_1.0.3_NUCLEO-F401RE\lib_stm\libLibraries.a(Ucglib.o)
 .text.ucg_com_arduino_send_generic_SW_SPI
                0x08000e34       0x74 C:\Users\hauho\Downloads\IOT-Programming-with-Master-Embedded-773df849394c85dc7b3938106d0abe7e95302a84\IOT-Programming-with-Master-Embedded-773df849394c85dc7b3938106d0abe7e95302a84\Courseware 2\SDK_1.0.3_NUCLEO-F401RE\SDK_1.0.3_NUCLEO-F401RE\lib_stm\libLibraries.a(Ucglib.o)
 .text.ucg_com_arduino_generic_SW_SPI
                0x08000ea8      0x1ec C:\Users\hauho\Downloads\IOT-Programming-with-Master-Embedded-773df849394c85dc7b3938106d0abe7e95302a84\IOT-Programming-with-Master-Embedded-773df849394c85dc7b3938106d0abe7e95302a84\Courseware 2\SDK_1.0.3_NUCLEO-F401RE\SDK_1.0.3_NUCLEO-F401RE\lib_stm\libLibraries.a(Ucglib.o)
 .text.Ucglib4WireSWSPI_begin
                0x08001094       0x38 C:\Users\hauho\Downloads\IOT-Programming-with-Master-Embedded-773df849394c85dc7b3938106d0abe7e95302a84\IOT-Programming-with-Master-Embedded-773df849394c85dc7b3938106d0abe7e95302a84\Courseware 2\SDK_1.0.3_NUCLEO-F401RE\SDK_1.0.3_NUCLEO-F401RE\lib_stm\libLibraries.a(Ucglib.o)
                0x08001094                Ucglib4WireSWSPI_begin
 .text.ucg_DrawBox
                0x080010cc       0x56 C:\Users\hauho\Downloads\IOT-Programming-with-Master-Embedded-773df849394c85dc7b3938106d0abe7e95302a84\IOT-Programming-with-Master-Embedded-773df849394c85dc7b3938106d0abe7e95302a84\Courseware 2\SDK_1.0.3_NUCLEO-F401RE\SDK_1.0.3_NUCLEO-F401RE\lib_stm\libLibraries.a(ucg_box.o)
                0x080010cc                ucg_DrawBox
 .text.ucg_ClearScreen
                0x08001122       0x50 C:\Users\hauho\Downloads\IOT-Programming-with-Master-Embedded-773df849394c85dc7b3938106d0abe7e95302a84\IOT-Programming-with-Master-Embedded-773df849394c85dc7b3938106d0abe7e95302a84\Courseware 2\SDK_1.0.3_NUCLEO-F401RE\SDK_1.0.3_NUCLEO-F401RE\lib_stm\libLibraries.a(ucg_box.o)
                0x08001122                ucg_ClearScreen
 .text.ucg_ccs_init
                0x08001172       0xc0 C:\Users\hauho\Downloads\IOT-Programming-with-Master-Embedded-773df849394c85dc7b3938106d0abe7e95302a84\IOT-Programming-with-Master-Embedded-773df849394c85dc7b3938106d0abe7e95302a84\Courseware 2\SDK_1.0.3_NUCLEO-F401RE\SDK_1.0.3_NUCLEO-F401RE\lib_stm\libLibraries.a(ucg_ccs.o)
                0x08001172                ucg_ccs_init
 .text.ucg_ccs_step
                0x08001232       0x80 C:\Users\hauho\Downloads\IOT-Programming-with-Master-Embedded-773df849394c85dc7b3938106d0abe7e95302a84\IOT-Programming-with-Master-Embedded-773df849394c85dc7b3938106d0abe7e95302a84\Courseware 2\SDK_1.0.3_NUCLEO-F401RE\SDK_1.0.3_NUCLEO-F401RE\lib_stm\libLibraries.a(ucg_ccs.o)
                0x08001232                ucg_ccs_step
 .text.ucg_ccs_seek
                0x080012b2       0xca C:\Users\hauho\Downloads\IOT-Programming-with-Master-Embedded-773df849394c85dc7b3938106d0abe7e95302a84\IOT-Programming-with-Master-Embedded-773df849394c85dc7b3938106d0abe7e95302a84\Courseware 2\SDK_1.0.3_NUCLEO-F401RE\SDK_1.0.3_NUCLEO-F401RE\lib_stm\libLibraries.a(ucg_ccs.o)
                0x080012b2                ucg_ccs_seek
 .text.ucg_dev_default_cb
                0x0800137c       0x44 C:\Users\hauho\Downloads\IOT-Programming-with-Master-Embedded-773df849394c85dc7b3938106d0abe7e95302a84\IOT-Programming-with-Master-Embedded-773df849394c85dc7b3938106d0abe7e95302a84\Courseware 2\SDK_1.0.3_NUCLEO-F401RE\SDK_1.0.3_NUCLEO-F401RE\lib_stm\libLibraries.a(ucg_dev_default_cb.o)
                0x0800137c                ucg_dev_default_cb
 .text.ucg_ext_none
                0x080013c0       0x1c C:\Users\hauho\Downloads\IOT-Programming-with-Master-Embedded-773df849394c85dc7b3938106d0abe7e95302a84\IOT-Programming-with-Master-Embedded-773df849394c85dc7b3938106d0abe7e95302a84\Courseware 2\SDK_1.0.3_NUCLEO-F401RE\SDK_1.0.3_NUCLEO-F401RE\lib_stm\libLibraries.a(ucg_dev_default_cb.o)
                0x080013c0                ucg_ext_none
 .text.ucg_handle_st7735_l90fx
                0x080013dc       0xd8 C:\Users\hauho\Downloads\IOT-Programming-with-Master-Embedded-773df849394c85dc7b3938106d0abe7e95302a84\IOT-Programming-with-Master-Embedded-773df849394c85dc7b3938106d0abe7e95302a84\Courseware 2\SDK_1.0.3_NUCLEO-F401RE\SDK_1.0.3_NUCLEO-F401RE\lib_stm\libLibraries.a(ucg_dev_ic_st7735.o)
                0x080013dc                ucg_handle_st7735_l90fx
 .text.ucg_handle_st7735_l90se
                0x080014b4      0x154 C:\Users\hauho\Downloads\IOT-Programming-with-Master-Embedded-773df849394c85dc7b3938106d0abe7e95302a84\IOT-Programming-with-Master-Embedded-773df849394c85dc7b3938106d0abe7e95302a84\Courseware 2\SDK_1.0.3_NUCLEO-F401RE\SDK_1.0.3_NUCLEO-F401RE\lib_stm\libLibraries.a(ucg_dev_ic_st7735.o)
                0x080014b4                ucg_handle_st7735_l90se
 .text.ucg_dev_ic_st7735_18
                0x08001608       0xf8 C:\Users\hauho\Downloads\IOT-Programming-with-Master-Embedded-773df849394c85dc7b3938106d0abe7e95302a84\IOT-Programming-with-Master-Embedded-773df849394c85dc7b3938106d0abe7e95302a84\Courseware 2\SDK_1.0.3_NUCLEO-F401RE\SDK_1.0.3_NUCLEO-F401RE\lib_stm\libLibraries.a(ucg_dev_ic_st7735.o)
                0x08001608                ucg_dev_ic_st7735_18
 .text.ucg_ext_st7735_18
                0x08001700       0x28 C:\Users\hauho\Downloads\IOT-Programming-with-Master-Embedded-773df849394c85dc7b3938106d0abe7e95302a84\IOT-Programming-with-Master-Embedded-773df849394c85dc7b3938106d0abe7e95302a84\Courseware 2\SDK_1.0.3_NUCLEO-F401RE\SDK_1.0.3_NUCLEO-F401RE\lib_stm\libLibraries.a(ucg_dev_ic_st7735.o)
                0x08001700                ucg_ext_st7735_18
 .text.ucg_PowerDown
                0x08001728       0x34 C:\Users\hauho\Downloads\IOT-Programming-with-Master-Embedded-773df849394c85dc7b3938106d0abe7e95302a84\IOT-Programming-with-Master-Embedded-773df849394c85dc7b3938106d0abe7e95302a84\Courseware 2\SDK_1.0.3_NUCLEO-F401RE\SDK_1.0.3_NUCLEO-F401RE\lib_stm\libLibraries.a(ucg_dev_msg_api.o)
                0x08001728                ucg_PowerDown
 .text.ucg_PowerUp
                0x0800175c       0x3c C:\Users\hauho\Downloads\IOT-Programming-with-Master-Embedded-773df849394c85dc7b3938106d0abe7e95302a84\IOT-Programming-with-Master-Embedded-773df849394c85dc7b3938106d0abe7e95302a84\Courseware 2\SDK_1.0.3_NUCLEO-F401RE\SDK_1.0.3_NUCLEO-F401RE\lib_stm\libLibraries.a(ucg_dev_msg_api.o)
                0x0800175c                ucg_PowerUp
 .text.ucg_SetClipBox
                0x08001798       0x1e C:\Users\hauho\Downloads\IOT-Programming-with-Master-Embedded-773df849394c85dc7b3938106d0abe7e95302a84\IOT-Programming-with-Master-Embedded-773df849394c85dc7b3938106d0abe7e95302a84\Courseware 2\SDK_1.0.3_NUCLEO-F401RE\SDK_1.0.3_NUCLEO-F401RE\lib_stm\libLibraries.a(ucg_dev_msg_api.o)
                0x08001798                ucg_SetClipBox
 .text.ucg_SetMaxClipRange
                0x080017b6       0x30 C:\Users\hauho\Downloads\IOT-Programming-with-Master-Embedded-773df849394c85dc7b3938106d0abe7e95302a84\IOT-Programming-with-Master-Embedded-773df849394c85dc7b3938106d0abe7e95302a84\Courseware 2\SDK_1.0.3_NUCLEO-F401RE\SDK_1.0.3_NUCLEO-F401RE\lib_stm\libLibraries.a(ucg_dev_msg_api.o)
                0x080017b6                ucg_SetMaxClipRange
 .text.ucg_GetDimension
                0x080017e6       0x24 C:\Users\hauho\Downloads\IOT-Programming-with-Master-Embedded-773df849394c85dc7b3938106d0abe7e95302a84\IOT-Programming-with-Master-Embedded-773df849394c85dc7b3938106d0abe7e95302a84\Courseware 2\SDK_1.0.3_NUCLEO-F401RE\SDK_1.0.3_NUCLEO-F401RE\lib_stm\libLibraries.a(ucg_dev_msg_api.o)
                0x080017e6                ucg_GetDimension
 .text.ucg_DrawL90FXWithArg
                0x0800180a       0x1e C:\Users\hauho\Downloads\IOT-Programming-with-Master-Embedded-773df849394c85dc7b3938106d0abe7e95302a84\IOT-Programming-with-Master-Embedded-773df849394c85dc7b3938106d0abe7e95302a84\Courseware 2\SDK_1.0.3_NUCLEO-F401RE\SDK_1.0.3_NUCLEO-F401RE\lib_stm\libLibraries.a(ucg_dev_msg_api.o)
                0x0800180a                ucg_DrawL90FXWithArg
 .text.ucg_dev_st7735_18x128x128
                0x08001828       0x80 C:\Users\hauho\Downloads\IOT-Programming-with-Master-Embedded-773df849394c85dc7b3938106d0abe7e95302a84\IOT-Programming-with-Master-Embedded-773df849394c85dc7b3938106d0abe7e95302a84\Courseware 2\SDK_1.0.3_NUCLEO-F401RE\SDK_1.0.3_NUCLEO-F401RE\lib_stm\libLibraries.a(ucg_dev_tft_128x128_st7735.o)
                0x08001828                ucg_dev_st7735_18x128x128
 .text.ucg_font_get_byte
                0x080018a8       0x24 C:\Users\hauho\Downloads\IOT-Programming-with-Master-Embedded-773df849394c85dc7b3938106d0abe7e95302a84\IOT-Programming-with-Master-Embedded-773df849394c85dc7b3938106d0abe7e95302a84\Courseware 2\SDK_1.0.3_NUCLEO-F401RE\SDK_1.0.3_NUCLEO-F401RE\lib_stm\libLibraries.a(ucg_font.o)
 .text.ucg_font_get_word
                0x080018cc       0x40 C:\Users\hauho\Downloads\IOT-Programming-with-Master-Embedded-773df849394c85dc7b3938106d0abe7e95302a84\IOT-Programming-with-Master-Embedded-773df849394c85dc7b3938106d0abe7e95302a84\Courseware 2\SDK_1.0.3_NUCLEO-F401RE\SDK_1.0.3_NUCLEO-F401RE\lib_stm\libLibraries.a(ucg_font.o)
 .text.ucg_read_font_info
                0x0800190c      0x142 C:\Users\hauho\Downloads\IOT-Programming-with-Master-Embedded-773df849394c85dc7b3938106d0abe7e95302a84\IOT-Programming-with-Master-Embedded-773df849394c85dc7b3938106d0abe7e95302a84\Courseware 2\SDK_1.0.3_NUCLEO-F401RE\SDK_1.0.3_NUCLEO-F401RE\lib_stm\libLibraries.a(ucg_font.o)
                0x0800190c                ucg_read_font_info
 .text.ucg_font_decode_get_unsigned_bits
                0x08001a4e       0x96 C:\Users\hauho\Downloads\IOT-Programming-with-Master-Embedded-773df849394c85dc7b3938106d0abe7e95302a84\IOT-Programming-with-Master-Embedded-773df849394c85dc7b3938106d0abe7e95302a84\Courseware 2\SDK_1.0.3_NUCLEO-F401RE\SDK_1.0.3_NUCLEO-F401RE\lib_stm\libLibraries.a(ucg_font.o)
                0x08001a4e                ucg_font_decode_get_unsigned_bits
 .text.ucg_font_decode_get_signed_bits
                0x08001ae4       0x46 C:\Users\hauho\Downloads\IOT-Programming-with-Master-Embedded-773df849394c85dc7b3938106d0abe7e95302a84\IOT-Programming-with-Master-Embedded-773df849394c85dc7b3938106d0abe7e95302a84\Courseware 2\SDK_1.0.3_NUCLEO-F401RE\SDK_1.0.3_NUCLEO-F401RE\lib_stm\libLibraries.a(ucg_font.o)
                0x08001ae4                ucg_font_decode_get_signed_bits
 .text.ucg_add_vector_y
                0x08001b2a       0x7a C:\Users\hauho\Downloads\IOT-Programming-with-Master-Embedded-773df849394c85dc7b3938106d0abe7e95302a84\IOT-Programming-with-Master-Embedded-773df849394c85dc7b3938106d0abe7e95302a84\Courseware 2\SDK_1.0.3_NUCLEO-F401RE\SDK_1.0.3_NUCLEO-F401RE\lib_stm\libLibraries.a(ucg_font.o)
 .text.ucg_add_vector_x
                0x08001ba4       0x7a C:\Users\hauho\Downloads\IOT-Programming-with-Master-Embedded-773df849394c85dc7b3938106d0abe7e95302a84\IOT-Programming-with-Master-Embedded-773df849394c85dc7b3938106d0abe7e95302a84\Courseware 2\SDK_1.0.3_NUCLEO-F401RE\SDK_1.0.3_NUCLEO-F401RE\lib_stm\libLibraries.a(ucg_font.o)
 .text.ucg_font_decode_len
                0x08001c1e      0x118 C:\Users\hauho\Downloads\IOT-Programming-with-Master-Embedded-773df849394c85dc7b3938106d0abe7e95302a84\IOT-Programming-with-Master-Embedded-773df849394c85dc7b3938106d0abe7e95302a84\Courseware 2\SDK_1.0.3_NUCLEO-F401RE\SDK_1.0.3_NUCLEO-F401RE\lib_stm\libLibraries.a(ucg_font.o)
                0x08001c1e                ucg_font_decode_len
 .text.ucg_font_setup_decode
                0x08001d36       0x64 C:\Users\hauho\Downloads\IOT-Programming-with-Master-Embedded-773df849394c85dc7b3938106d0abe7e95302a84\IOT-Programming-with-Master-Embedded-773df849394c85dc7b3938106d0abe7e95302a84\Courseware 2\SDK_1.0.3_NUCLEO-F401RE\SDK_1.0.3_NUCLEO-F401RE\lib_stm\libLibraries.a(ucg_font.o)
 .text.ucg_font_decode_glyph
                0x08001d9a      0x14c C:\Users\hauho\Downloads\IOT-Programming-with-Master-Embedded-773df849394c85dc7b3938106d0abe7e95302a84\IOT-Programming-with-Master-Embedded-773df849394c85dc7b3938106d0abe7e95302a84\Courseware 2\SDK_1.0.3_NUCLEO-F401RE\SDK_1.0.3_NUCLEO-F401RE\lib_stm\libLibraries.a(ucg_font.o)
                0x08001d9a                ucg_font_decode_glyph
 .text.ucg_font_get_glyph_data
                0x08001ee6       0x7a C:\Users\hauho\Downloads\IOT-Programming-with-Master-Embedded-773df849394c85dc7b3938106d0abe7e95302a84\IOT-Programming-with-Master-Embedded-773df849394c85dc7b3938106d0abe7e95302a84\Courseware 2\SDK_1.0.3_NUCLEO-F401RE\SDK_1.0.3_NUCLEO-F401RE\lib_stm\libLibraries.a(ucg_font.o)
                0x08001ee6                ucg_font_get_glyph_data
 .text.ucg_font_draw_glyph
                0x08001f60       0x62 C:\Users\hauho\Downloads\IOT-Programming-with-Master-Embedded-773df849394c85dc7b3938106d0abe7e95302a84\IOT-Programming-with-Master-Embedded-773df849394c85dc7b3938106d0abe7e95302a84\Courseware 2\SDK_1.0.3_NUCLEO-F401RE\SDK_1.0.3_NUCLEO-F401RE\lib_stm\libLibraries.a(ucg_font.o)
                0x08001f60                ucg_font_draw_glyph
 .text.ucg_SetFontMode
                0x08001fc2       0x20 C:\Users\hauho\Downloads\IOT-Programming-with-Master-Embedded-773df849394c85dc7b3938106d0abe7e95302a84\IOT-Programming-with-Master-Embedded-773df849394c85dc7b3938106d0abe7e95302a84\Courseware 2\SDK_1.0.3_NUCLEO-F401RE\SDK_1.0.3_NUCLEO-F401RE\lib_stm\libLibraries.a(ucg_font.o)
                0x08001fc2                ucg_SetFontMode
 *fill*         0x08001fe2        0x2 
 .text.ucg_DrawGlyph
                0x08001fe4       0xb0 C:\Users\hauho\Downloads\IOT-Programming-with-Master-Embedded-773df849394c85dc7b3938106d0abe7e95302a84\IOT-Programming-with-Master-Embedded-773df849394c85dc7b3938106d0abe7e95302a84\Courseware 2\SDK_1.0.3_NUCLEO-F401RE\SDK_1.0.3_NUCLEO-F401RE\lib_stm\libLibraries.a(ucg_font.o)
                0x08001fe4                ucg_DrawGlyph
 .text.task_drawString
                0x08002094      0x138 C:\Users\hauho\Downloads\IOT-Programming-with-Master-Embedded-773df849394c85dc7b3938106d0abe7e95302a84\IOT-Programming-with-Master-Embedded-773df849394c85dc7b3938106d0abe7e95302a84\Courseware 2\SDK_1.0.3_NUCLEO-F401RE\SDK_1.0.3_NUCLEO-F401RE\lib_stm\libLibraries.a(ucg_font.o)
                0x08002094                task_drawString
 .text.ucg_DrawString
                0x080021cc       0x78 C:\Users\hauho\Downloads\IOT-Programming-with-Master-Embedded-773df849394c85dc7b3938106d0abe7e95302a84\IOT-Programming-with-Master-Embedded-773df849394c85dc7b3938106d0abe7e95302a84\Courseware 2\SDK_1.0.3_NUCLEO-F401RE\SDK_1.0.3_NUCLEO-F401RE\lib_stm\libLibraries.a(ucg_font.o)
                0x080021cc                ucg_DrawString
 .text.ucg_UpdateRefHeight
                0x08002244       0xd8 C:\Users\hauho\Downloads\IOT-Programming-with-Master-Embedded-773df849394c85dc7b3938106d0abe7e95302a84\IOT-Programming-with-Master-Embedded-773df849394c85dc7b3938106d0abe7e95302a84\Courseware 2\SDK_1.0.3_NUCLEO-F401RE\SDK_1.0.3_NUCLEO-F401RE\lib_stm\libLibraries.a(ucg_font.o)
                0x08002244                ucg_UpdateRefHeight
 .text.ucg_font_calc_vref_font
                0x0800231c       0x16 C:\Users\hauho\Downloads\IOT-Programming-with-Master-Embedded-773df849394c85dc7b3938106d0abe7e95302a84\IOT-Programming-with-Master-Embedded-773df849394c85dc7b3938106d0abe7e95302a84\Courseware 2\SDK_1.0.3_NUCLEO-F401RE\SDK_1.0.3_NUCLEO-F401RE\lib_stm\libLibraries.a(ucg_font.o)
                0x0800231c                ucg_font_calc_vref_font
 *fill*         0x08002332        0x2 
 .text.ucg_SetFontPosBaseline
                0x08002334       0x20 C:\Users\hauho\Downloads\IOT-Programming-with-Master-Embedded-773df849394c85dc7b3938106d0abe7e95302a84\IOT-Programming-with-Master-Embedded-773df849394c85dc7b3938106d0abe7e95302a84\Courseware 2\SDK_1.0.3_NUCLEO-F401RE\SDK_1.0.3_NUCLEO-F401RE\lib_stm\libLibraries.a(ucg_font.o)
                0x08002334                ucg_SetFontPosBaseline
 .text.ucg_SetFont
                0x08002354       0x4c C:\Users\hauho\Downloads\IOT-Programming-with-Master-Embedded-773df849394c85dc7b3938106d0abe7e95302a84\IOT-Programming-with-Master-Embedded-773df849394c85dc7b3938106d0abe7e95302a84\Courseware 2\SDK_1.0.3_NUCLEO-F401RE\SDK_1.0.3_NUCLEO-F401RE\lib_stm\libLibraries.a(ucg_font.o)
                0x08002354                ucg_SetFont
 .text.ucg_init_struct
                0x080023a0       0x50 C:\Users\hauho\Downloads\IOT-Programming-with-Master-Embedded-773df849394c85dc7b3938106d0abe7e95302a84\IOT-Programming-with-Master-Embedded-773df849394c85dc7b3938106d0abe7e95302a84\Courseware 2\SDK_1.0.3_NUCLEO-F401RE\SDK_1.0.3_NUCLEO-F401RE\lib_stm\libLibraries.a(ucg_init.o)
                0x080023a0                ucg_init_struct
 .text.ucg_Init
                0x080023f0       0x5c C:\Users\hauho\Downloads\IOT-Programming-with-Master-Embedded-773df849394c85dc7b3938106d0abe7e95302a84\IOT-Programming-with-Master-Embedded-773df849394c85dc7b3938106d0abe7e95302a84\Courseware 2\SDK_1.0.3_NUCLEO-F401RE\SDK_1.0.3_NUCLEO-F401RE\lib_stm\libLibraries.a(ucg_init.o)
                0x080023f0                ucg_Init
 .text.ucg_Draw90Line
                0x0800244c       0x88 C:\Users\hauho\Downloads\IOT-Programming-with-Master-Embedded-773df849394c85dc7b3938106d0abe7e95302a84\IOT-Programming-with-Master-Embedded-773df849394c85dc7b3938106d0abe7e95302a84\Courseware 2\SDK_1.0.3_NUCLEO-F401RE\SDK_1.0.3_NUCLEO-F401RE\lib_stm\libLibraries.a(ucg_line.o)
                0x0800244c                ucg_Draw90Line
 .text.ucg_DrawHLine
                0x080024d4       0x3e C:\Users\hauho\Downloads\IOT-Programming-with-Master-Embedded-773df849394c85dc7b3938106d0abe7e95302a84\IOT-Programming-with-Master-Embedded-773df849394c85dc7b3938106d0abe7e95302a84\Courseware 2\SDK_1.0.3_NUCLEO-F401RE\SDK_1.0.3_NUCLEO-F401RE\lib_stm\libLibraries.a(ucg_line.o)
                0x080024d4                ucg_DrawHLine
 .text.ucg_SetColor
                0x08002512       0x5c C:\Users\hauho\Downloads\IOT-Programming-with-Master-Embedded-773df849394c85dc7b3938106d0abe7e95302a84\IOT-Programming-with-Master-Embedded-773df849394c85dc7b3938106d0abe7e95302a84\Courseware 2\SDK_1.0.3_NUCLEO-F401RE\SDK_1.0.3_NUCLEO-F401RE\lib_stm\libLibraries.a(ucg_pixel.o)
                0x08002512                ucg_SetColor
 .text.ucg_UndoRotate
                0x0800256e       0x32 C:\Users\hauho\Downloads\IOT-Programming-with-Master-Embedded-773df849394c85dc7b3938106d0abe7e95302a84\IOT-Programming-with-Master-Embedded-773df849394c85dc7b3938106d0abe7e95302a84\Courseware 2\SDK_1.0.3_NUCLEO-F401RE\SDK_1.0.3_NUCLEO-F401RE\lib_stm\libLibraries.a(ucg_rotate.o)
                0x0800256e                ucg_UndoRotate
 .text.ucg_rotate_180_xy
                0x080025a0       0x66 C:\Users\hauho\Downloads\IOT-Programming-with-Master-Embedded-773df849394c85dc7b3938106d0abe7e95302a84\IOT-Programming-with-Master-Embedded-773df849394c85dc7b3938106d0abe7e95302a84\Courseware 2\SDK_1.0.3_NUCLEO-F401RE\SDK_1.0.3_NUCLEO-F401RE\lib_stm\libLibraries.a(ucg_rotate.o)
 *fill*         0x08002606        0x2 
 .text.ucg_dev_rotate180
                0x08002608      0x100 C:\Users\hauho\Downloads\IOT-Programming-with-Master-Embedded-773df849394c85dc7b3938106d0abe7e95302a84\IOT-Programming-with-Master-Embedded-773df849394c85dc7b3938106d0abe7e95302a84\Courseware 2\SDK_1.0.3_NUCLEO-F401RE\SDK_1.0.3_NUCLEO-F401RE\lib_stm\libLibraries.a(ucg_rotate.o)
                0x08002608                ucg_dev_rotate180
 .text.ucg_SetRotate180
                0x08002708       0x34 C:\Users\hauho\Downloads\IOT-Programming-with-Master-Embedded-773df849394c85dc7b3938106d0abe7e95302a84\IOT-Programming-with-Master-Embedded-773df849394c85dc7b3938106d0abe7e95302a84\Courseware 2\SDK_1.0.3_NUCLEO-F401RE\SDK_1.0.3_NUCLEO-F401RE\lib_stm\libLibraries.a(ucg_rotate.o)
                0x08002708                ucg_SetRotate180
 .text.bufInit  0x0800273c       0x36 C:\Users\hauho\Downloads\IOT-Programming-with-Master-Embedded-773df849394c85dc7b3938106d0abe7e95302a84\IOT-Programming-with-Master-Embedded-773df849394c85dc7b3938106d0abe7e95302a84\Courseware 2\SDK_1.0.3_NUCLEO-F401RE\SDK_1.0.3_NUCLEO-F401RE\lib_stm\libLibraries.a(buff.o)
                0x0800273c                bufInit
 .text.bufNumItems
                0x08002772       0x18 C:\Users\hauho\Downloads\IOT-Programming-with-Master-Embedded-773df849394c85dc7b3938106d0abe7e95302a84\IOT-Programming-with-Master-Embedded-773df849394c85dc7b3938106d0abe7e95302a84\Courseware 2\SDK_1.0.3_NUCLEO-F401RE\SDK_1.0.3_NUCLEO-F401RE\lib_stm\libLibraries.a(buff.o)
                0x08002772                bufNumItems
 .text.bufIsFull
                0x0800278a       0x26 C:\Users\hauho\Downloads\IOT-Programming-with-Master-Embedded-773df849394c85dc7b3938106d0abe7e95302a84\IOT-Programming-with-Master-Embedded-773df849394c85dc7b3938106d0abe7e95302a84\Courseware 2\SDK_1.0.3_NUCLEO-F401RE\SDK_1.0.3_NUCLEO-F401RE\lib_stm\libLibraries.a(buff.o)
                0x0800278a                bufIsFull
 .text.bufIsEmpty
                0x080027b0       0x26 C:\Users\hauho\Downloads\IOT-Programming-with-Master-Embedded-773df849394c85dc7b3938106d0abe7e95302a84\IOT-Programming-with-Master-Embedded-773df849394c85dc7b3938106d0abe7e95302a84\Courseware 2\SDK_1.0.3_NUCLEO-F401RE\SDK_1.0.3_NUCLEO-F401RE\lib_stm\libLibraries.a(buff.o)
                0x080027b0                bufIsEmpty
 .text.bufFlush
                0x080027d6       0x32 C:\Users\hauho\Downloads\IOT-Programming-with-Master-Embedded-773df849394c85dc7b3938106d0abe7e95302a84\IOT-Programming-with-Master-Embedded-773df849394c85dc7b3938106d0abe7e95302a84\Courseware 2\SDK_1.0.3_NUCLEO-F401RE\SDK_1.0.3_NUCLEO-F401RE\lib_stm\libLibraries.a(buff.o)
                0x080027d6                bufFlush
 .text.bufEnDat
                0x08002808       0x9c C:\Users\hauho\Downloads\IOT-Programming-with-Master-Embedded-773df849394c85dc7b3938106d0abe7e95302a84\IOT-Programming-with-Master-Embedded-773df849394c85dc7b3938106d0abe7e95302a84\Courseware 2\SDK_1.0.3_NUCLEO-F401RE\SDK_1.0.3_NUCLEO-F401RE\lib_stm\libLibraries.a(buff.o)
                0x08002808                bufEnDat
 .text.bufDeDat
                0x080028a4       0x84 C:\Users\hauho\Downloads\IOT-Programming-with-Master-Embedded-773df849394c85dc7b3938106d0abe7e95302a84\IOT-Programming-with-Master-Embedded-773df849394c85dc7b3938106d0abe7e95302a84\Courseware 2\SDK_1.0.3_NUCLEO-F401RE\SDK_1.0.3_NUCLEO-F401RE\lib_stm\libLibraries.a(buff.o)
                0x080028a4                bufDeDat
 .text.memsetl  0x08002928       0x32 C:\Users\hauho\Downloads\IOT-Programming-with-Master-Embedded-773df849394c85dc7b3938106d0abe7e95302a84\IOT-Programming-with-Master-Embedded-773df849394c85dc7b3938106d0abe7e95302a84\Courseware 2\SDK_1.0.3_NUCLEO-F401RE\SDK_1.0.3_NUCLEO-F401RE\lib_stm\libLibraries.a(utilities.o)
                0x08002928                memsetl
 .text.ucg_clip_is_x_visible
                0x0800295a       0x4a C:\Users\hauho\Downloads\IOT-Programming-with-Master-Embedded-773df849394c85dc7b3938106d0abe7e95302a84\IOT-Programming-with-Master-Embedded-773df849394c85dc7b3938106d0abe7e95302a84\Courseware 2\SDK_1.0.3_NUCLEO-F401RE\SDK_1.0.3_NUCLEO-F401RE\lib_stm\libLibraries.a(ucg_clip.o)
 .text.ucg_clip_is_y_visible
                0x080029a4       0x4a C:\Users\hauho\Downloads\IOT-Programming-with-Master-Embedded-773df849394c85dc7b3938106d0abe7e95302a84\IOT-Programming-with-Master-Embedded-773df849394c85dc7b3938106d0abe7e95302a84\Courseware 2\SDK_1.0.3_NUCLEO-F401RE\SDK_1.0.3_NUCLEO-F401RE\lib_stm\libLibraries.a(ucg_clip.o)
 .text.ucg_clip_intersection
                0x080029ee       0x74 C:\Users\hauho\Downloads\IOT-Programming-with-Master-Embedded-773df849394c85dc7b3938106d0abe7e95302a84\IOT-Programming-with-Master-Embedded-773df849394c85dc7b3938106d0abe7e95302a84\Courseware 2\SDK_1.0.3_NUCLEO-F401RE\SDK_1.0.3_NUCLEO-F401RE\lib_stm\libLibraries.a(ucg_clip.o)
 .text.ucg_clip_is_pixel_visible
                0x08002a62       0x32 C:\Users\hauho\Downloads\IOT-Programming-with-Master-Embedded-773df849394c85dc7b3938106d0abe7e95302a84\IOT-Programming-with-Master-Embedded-773df849394c85dc7b3938106d0abe7e95302a84\Courseware 2\SDK_1.0.3_NUCLEO-F401RE\SDK_1.0.3_NUCLEO-F401RE\lib_stm\libLibraries.a(ucg_clip.o)
                0x08002a62                ucg_clip_is_pixel_visible
 .text.ucg_clip_l90fx
                0x08002a94      0x300 C:\Users\hauho\Downloads\IOT-Programming-with-Master-Embedded-773df849394c85dc7b3938106d0abe7e95302a84\IOT-Programming-with-Master-Embedded-773df849394c85dc7b3938106d0abe7e95302a84\Courseware 2\SDK_1.0.3_NUCLEO-F401RE\SDK_1.0.3_NUCLEO-F401RE\lib_stm\libLibraries.a(ucg_clip.o)
                0x08002a94                ucg_clip_l90fx
 .text.ucg_clip_l90se
                0x08002d94       0x54 C:\Users\hauho\Downloads\IOT-Programming-with-Master-Embedded-773df849394c85dc7b3938106d0abe7e95302a84\IOT-Programming-with-Master-Embedded-773df849394c85dc7b3938106d0abe7e95302a84\Courseware 2\SDK_1.0.3_NUCLEO-F401RE\SDK_1.0.3_NUCLEO-F401RE\lib_stm\libLibraries.a(ucg_clip.o)
                0x08002d94                ucg_clip_l90se
 .text.ucg_com_PowerDown
                0x08002de8       0x3e C:\Users\hauho\Downloads\IOT-Programming-with-Master-Embedded-773df849394c85dc7b3938106d0abe7e95302a84\IOT-Programming-with-Master-Embedded-773df849394c85dc7b3938106d0abe7e95302a84\Courseware 2\SDK_1.0.3_NUCLEO-F401RE\SDK_1.0.3_NUCLEO-F401RE\lib_stm\libLibraries.a(ucg_com_msg_api.o)
                0x08002de8                ucg_com_PowerDown
 .text.ucg_com_PowerUp
                0x08002e26       0x60 C:\Users\hauho\Downloads\IOT-Programming-with-Master-Embedded-773df849394c85dc7b3938106d0abe7e95302a84\IOT-Programming-with-Master-Embedded-773df849394c85dc7b3938106d0abe7e95302a84\Courseware 2\SDK_1.0.3_NUCLEO-F401RE\SDK_1.0.3_NUCLEO-F401RE\lib_stm\libLibraries.a(ucg_com_msg_api.o)
                0x08002e26                ucg_com_PowerUp
 .text.ucg_com_SetLineStatus
                0x08002e86       0xe2 C:\Users\hauho\Downloads\IOT-Programming-with-Master-Embedded-773df849394c85dc7b3938106d0abe7e95302a84\IOT-Programming-with-Master-Embedded-773df849394c85dc7b3938106d0abe7e95302a84\Courseware 2\SDK_1.0.3_NUCLEO-F401RE\SDK_1.0.3_NUCLEO-F401RE\lib_stm\libLibraries.a(ucg_com_msg_api.o)
                0x08002e86                ucg_com_SetLineStatus
 .text.ucg_com_SetResetLineStatus
                0x08002f68       0x20 C:\Users\hauho\Downloads\IOT-Programming-with-Master-Embedded-773df849394c85dc7b3938106d0abe7e95302a84\IOT-Programming-with-Master-Embedded-773df849394c85dc7b3938106d0abe7e95302a84\Courseware 2\SDK_1.0.3_NUCLEO-F401RE\SDK_1.0.3_NUCLEO-F401RE\lib_stm\libLibraries.a(ucg_com_msg_api.o)
                0x08002f68                ucg_com_SetResetLineStatus
 .text.ucg_com_SetCSLineStatus
                0x08002f88       0x20 C:\Users\hauho\Downloads\IOT-Programming-with-Master-Embedded-773df849394c85dc7b3938106d0abe7e95302a84\IOT-Programming-with-Master-Embedded-773df849394c85dc7b3938106d0abe7e95302a84\Courseware 2\SDK_1.0.3_NUCLEO-F401RE\SDK_1.0.3_NUCLEO-F401RE\lib_stm\libLibraries.a(ucg_com_msg_api.o)
                0x08002f88                ucg_com_SetCSLineStatus
 .text.ucg_com_SetCDLineStatus
                0x08002fa8       0x20 C:\Users\hauho\Downloads\IOT-Programming-with-Master-Embedded-773df849394c85dc7b3938106d0abe7e95302a84\IOT-Programming-with-Master-Embedded-773df849394c85dc7b3938106d0abe7e95302a84\Courseware 2\SDK_1.0.3_NUCLEO-F401RE\SDK_1.0.3_NUCLEO-F401RE\lib_stm\libLibraries.a(ucg_com_msg_api.o)
                0x08002fa8                ucg_com_SetCDLineStatus
 .text.ucg_com_DelayMicroseconds
                0x08002fc8       0x22 C:\Users\hauho\Downloads\IOT-Programming-with-Master-Embedded-773df849394c85dc7b3938106d0abe7e95302a84\IOT-Programming-with-Master-Embedded-773df849394c85dc7b3938106d0abe7e95302a84\Courseware 2\SDK_1.0.3_NUCLEO-F401RE\SDK_1.0.3_NUCLEO-F401RE\lib_stm\libLibraries.a(ucg_com_msg_api.o)
                0x08002fc8                ucg_com_DelayMicroseconds
 .text.ucg_com_DelayMilliseconds
                0x08002fea       0x2c C:\Users\hauho\Downloads\IOT-Programming-with-Master-Embedded-773df849394c85dc7b3938106d0abe7e95302a84\IOT-Programming-with-Master-Embedded-773df849394c85dc7b3938106d0abe7e95302a84\Courseware 2\SDK_1.0.3_NUCLEO-F401RE\SDK_1.0.3_NUCLEO-F401RE\lib_stm\libLibraries.a(ucg_com_msg_api.o)
                0x08002fea                ucg_com_DelayMilliseconds
 .text.ucg_com_SendByte
                0x08003016       0x24 C:\Users\hauho\Downloads\IOT-Programming-with-Master-Embedded-773df849394c85dc7b3938106d0abe7e95302a84\IOT-Programming-with-Master-Embedded-773df849394c85dc7b3938106d0abe7e95302a84\Courseware 2\SDK_1.0.3_NUCLEO-F401RE\SDK_1.0.3_NUCLEO-F401RE\lib_stm\libLibraries.a(ucg_com_msg_api.o)
                0x08003016                ucg_com_SendByte
 .text.ucg_com_SendStringP
                0x0800303a       0x40 C:\Users\hauho\Downloads\IOT-Programming-with-Master-Embedded-773df849394c85dc7b3938106d0abe7e95302a84\IOT-Programming-with-Master-Embedded-773df849394c85dc7b3938106d0abe7e95302a84\Courseware 2\SDK_1.0.3_NUCLEO-F401RE\SDK_1.0.3_NUCLEO-F401RE\lib_stm\libLibraries.a(ucg_com_msg_api.o)
                0x0800303a                ucg_com_SendStringP
 .text.ucg_com_SendCmdArg
                0x0800307a       0x74 C:\Users\hauho\Downloads\IOT-Programming-with-Master-Embedded-773df849394c85dc7b3938106d0abe7e95302a84\IOT-Programming-with-Master-Embedded-773df849394c85dc7b3938106d0abe7e95302a84\Courseware 2\SDK_1.0.3_NUCLEO-F401RE\SDK_1.0.3_NUCLEO-F401RE\lib_stm\libLibraries.a(ucg_com_msg_api.o)
 *fill*         0x080030ee        0x2 
 .text.ucg_com_SendCmdSeq
                0x080030f0      0x278 C:\Users\hauho\Downloads\IOT-Programming-with-Master-Embedded-773df849394c85dc7b3938106d0abe7e95302a84\IOT-Programming-with-Master-Embedded-773df849394c85dc7b3938106d0abe7e95302a84\Courseware 2\SDK_1.0.3_NUCLEO-F401RE\SDK_1.0.3_NUCLEO-F401RE\lib_stm\libLibraries.a(ucg_com_msg_api.o)
                0x080030f0                ucg_com_SendCmdSeq
 .text.__libc_init_array
                0x08003368       0x48 C:/ST/STM32CubeIDE_1.15.0/STM32CubeIDE/plugins/com.st.stm32cube.ide.mcu.externaltools.gnu-tools-for-stm32.12.3.rel1.win32_1.0.100.202403111256/tools/bin/../lib/gcc/arm-none-eabi/12.3.1/../../../../arm-none-eabi/lib/thumb/v7e-m+fp/hard\libc_nano.a(libc_a-init.o)
                0x08003368                __libc_init_array
 *(.glue_7)
 .glue_7        0x080033b0        0x0 linker stubs
 *(.glue_7t)
 .glue_7t       0x080033b0        0x0 linker stubs
 *(.eh_frame)
 .eh_frame      0x080033b0        0x0 C:/ST/STM32CubeIDE_1.15.0/STM32CubeIDE/plugins/com.st.stm32cube.ide.mcu.externaltools.gnu-tools-for-stm32.12.3.rel1.win32_1.0.100.202403111256/tools/bin/../lib/gcc/arm-none-eabi/12.3.1/thumb/v7e-m+fp/hard/crtbegin.o
 *(.init)
 .init          0x080033b0        0x4 C:/ST/STM32CubeIDE_1.15.0/STM32CubeIDE/plugins/com.st.stm32cube.ide.mcu.externaltools.gnu-tools-for-stm32.12.3.rel1.win32_1.0.100.202403111256/tools/bin/../lib/gcc/arm-none-eabi/12.3.1/thumb/v7e-m+fp/hard/crti.o
                0x080033b0                _init
 .init          0x080033b4        0x8 C:/ST/STM32CubeIDE_1.15.0/STM32CubeIDE/plugins/com.st.stm32cube.ide.mcu.externaltools.gnu-tools-for-stm32.12.3.rel1.win32_1.0.100.202403111256/tools/bin/../lib/gcc/arm-none-eabi/12.3.1/thumb/v7e-m+fp/hard/crtn.o
 *(.fini)
 .fini          0x080033bc        0x4 C:/ST/STM32CubeIDE_1.15.0/STM32CubeIDE/plugins/com.st.stm32cube.ide.mcu.externaltools.gnu-tools-for-stm32.12.3.rel1.win32_1.0.100.202403111256/tools/bin/../lib/gcc/arm-none-eabi/12.3.1/thumb/v7e-m+fp/hard/crti.o
                0x080033bc                _fini
 .fini          0x080033c0        0x8 C:/ST/STM32CubeIDE_1.15.0/STM32CubeIDE/plugins/com.st.stm32cube.ide.mcu.externaltools.gnu-tools-for-stm32.12.3.rel1.win32_1.0.100.202403111256/tools/bin/../lib/gcc/arm-none-eabi/12.3.1/thumb/v7e-m+fp/hard/crtn.o
                0x080033c8                        . = ALIGN (0x4)
                0x080033c8                        _etext = .

.vfp11_veneer   0x080033c8        0x0
 .vfp11_veneer  0x080033c8        0x0 linker stubs

.v4_bx          0x080033c8        0x0
 .v4_bx         0x080033c8        0x0 linker stubs

.iplt           0x080033c8        0x0
 .iplt          0x080033c8        0x0 C:/ST/STM32CubeIDE_1.15.0/STM32CubeIDE/plugins/com.st.stm32cube.ide.mcu.externaltools.gnu-tools-for-stm32.12.3.rel1.win32_1.0.100.202403111256/tools/bin/../lib/gcc/arm-none-eabi/12.3.1/thumb/v7e-m+fp/hard/crtbegin.o

.rodata         0x080033c8      0x700
                0x080033c8                        . = ALIGN (0x4)
 *(.rodata)
 .rodata        0x080033c8        0xc ./Src/main.o
 .rodata        0x080033d4        0xf C:\Users\hauho\Downloads\IOT-Programming-with-Master-Embedded-773df849394c85dc7b3938106d0abe7e95302a84\IOT-Programming-with-Master-Embedded-773df849394c85dc7b3938106d0abe7e95302a84\Courseware 2\SDK_1.0.3_NUCLEO-F401RE\SDK_1.0.3_NUCLEO-F401RE\lib_stm\libLibraries.a(ucg_font.o)
 *(.rodata*)
 *fill*         0x080033e3        0x1 
 .rodata.ucg_st7735_set_pos_seq
                0x080033e4       0x1e C:\Users\hauho\Downloads\IOT-Programming-with-Master-Embedded-773df849394c85dc7b3938106d0abe7e95302a84\IOT-Programming-with-Master-Embedded-773df849394c85dc7b3938106d0abe7e95302a84\Courseware 2\SDK_1.0.3_NUCLEO-F401RE\SDK_1.0.3_NUCLEO-F401RE\lib_stm\libLibraries.a(ucg_dev_ic_st7735.o)
                0x080033e4                ucg_st7735_set_pos_seq
 *fill*         0x08003402        0x2 
 .rodata.ucg_st7735_set_pos_dir0_seq
                0x08003404       0x1e C:\Users\hauho\Downloads\IOT-Programming-with-Master-Embedded-773df849394c85dc7b3938106d0abe7e95302a84\IOT-Programming-with-Master-Embedded-773df849394c85dc7b3938106d0abe7e95302a84\Courseware 2\SDK_1.0.3_NUCLEO-F401RE\SDK_1.0.3_NUCLEO-F401RE\lib_stm\libLibraries.a(ucg_dev_ic_st7735.o)
                0x08003404                ucg_st7735_set_pos_dir0_seq
 *fill*         0x08003422        0x2 
 .rodata.ucg_st7735_set_pos_dir1_seq
                0x08003424       0x21 C:\Users\hauho\Downloads\IOT-Programming-with-Master-Embedded-773df849394c85dc7b3938106d0abe7e95302a84\IOT-Programming-with-Master-Embedded-773df849394c85dc7b3938106d0abe7e95302a84\Courseware 2\SDK_1.0.3_NUCLEO-F401RE\SDK_1.0.3_NUCLEO-F401RE\lib_stm\libLibraries.a(ucg_dev_ic_st7735.o)
                0x08003424                ucg_st7735_set_pos_dir1_seq
 *fill*         0x08003445        0x3 
 .rodata.ucg_st7735_set_pos_dir2_seq
                0x08003448       0x21 C:\Users\hauho\Downloads\IOT-Programming-with-Master-Embedded-773df849394c85dc7b3938106d0abe7e95302a84\IOT-Programming-with-Master-Embedded-773df849394c85dc7b3938106d0abe7e95302a84\Courseware 2\SDK_1.0.3_NUCLEO-F401RE\SDK_1.0.3_NUCLEO-F401RE\lib_stm\libLibraries.a(ucg_dev_ic_st7735.o)
                0x08003448                ucg_st7735_set_pos_dir2_seq
 *fill*         0x08003469        0x3 
 .rodata.ucg_st7735_set_pos_dir3_seq
                0x0800346c       0x24 C:\Users\hauho\Downloads\IOT-Programming-with-Master-Embedded-773df849394c85dc7b3938106d0abe7e95302a84\IOT-Programming-with-Master-Embedded-773df849394c85dc7b3938106d0abe7e95302a84\Courseware 2\SDK_1.0.3_NUCLEO-F401RE\SDK_1.0.3_NUCLEO-F401RE\lib_stm\libLibraries.a(ucg_dev_ic_st7735.o)
                0x0800346c                ucg_st7735_set_pos_dir3_seq
 .rodata.ucg_st7735_power_down_seq
                0x08003490        0x7 C:\Users\hauho\Downloads\IOT-Programming-with-Master-Embedded-773df849394c85dc7b3938106d0abe7e95302a84\IOT-Programming-with-Master-Embedded-773df849394c85dc7b3938106d0abe7e95302a84\Courseware 2\SDK_1.0.3_NUCLEO-F401RE\SDK_1.0.3_NUCLEO-F401RE\lib_stm\libLibraries.a(ucg_dev_ic_st7735.o)
 *fill*         0x08003497        0x1 
 .rodata.ucg_tft_128x160_st7735_init_seq
                0x08003498       0x2c C:\Users\hauho\Downloads\IOT-Programming-with-Master-Embedded-773df849394c85dc7b3938106d0abe7e95302a84\IOT-Programming-with-Master-Embedded-773df849394c85dc7b3938106d0abe7e95302a84\Courseware 2\SDK_1.0.3_NUCLEO-F401RE\SDK_1.0.3_NUCLEO-F401RE\lib_stm\libLibraries.a(ucg_dev_tft_128x128_st7735.o)
 .rodata.ucg_font_courB12_tr
                0x080034c4      0x602 C:\Users\hauho\Downloads\IOT-Programming-with-Master-Embedded-773df849394c85dc7b3938106d0abe7e95302a84\IOT-Programming-with-Master-Embedded-773df849394c85dc7b3938106d0abe7e95302a84\Courseware 2\SDK_1.0.3_NUCLEO-F401RE\SDK_1.0.3_NUCLEO-F401RE\lib_stm\libLibraries.a(ucg_pixel_font_data.o)
                0x080034c4                ucg_font_courB12_tr
                0x08003ac8                        . = ALIGN (0x4)
 *fill*         0x08003ac6        0x2 

.ARM.extab      0x08003ac8        0x0
                0x08003ac8                        . = ALIGN (0x4)
 *(.ARM.extab* .gnu.linkonce.armextab.*)
                0x08003ac8                        . = ALIGN (0x4)

.ARM            0x08003ac8        0x0
                0x08003ac8                        . = ALIGN (0x4)
                0x08003ac8                        __exidx_start = .
 *(.ARM.exidx*)
                0x08003ac8                        __exidx_end = .
                0x08003ac8                        . = ALIGN (0x4)

.preinit_array  0x08003ac8        0x0
                0x08003ac8                        . = ALIGN (0x4)
                0x08003ac8                        PROVIDE (__preinit_array_start = .)
 *(.preinit_array*)
                0x08003ac8                        PROVIDE (__preinit_array_end = .)
                0x08003ac8                        . = ALIGN (0x4)

.init_array     0x08003ac8        0x4
                0x08003ac8                        . = ALIGN (0x4)
                0x08003ac8                        PROVIDE (__init_array_start = .)
 *(SORT_BY_NAME(.init_array.*))
 *(.init_array*)
 .init_array    0x08003ac8        0x4 C:/ST/STM32CubeIDE_1.15.0/STM32CubeIDE/plugins/com.st.stm32cube.ide.mcu.externaltools.gnu-tools-for-stm32.12.3.rel1.win32_1.0.100.202403111256/tools/bin/../lib/gcc/arm-none-eabi/12.3.1/thumb/v7e-m+fp/hard/crtbegin.o
                0x08003acc                        PROVIDE (__init_array_end = .)
                0x08003acc                        . = ALIGN (0x4)

.fini_array     0x08003acc        0x4
                0x08003acc                        . = ALIGN (0x4)
                [!provide]                        PROVIDE (__fini_array_start = .)
 *(SORT_BY_NAME(.fini_array.*))
 *(.fini_array*)
 .fini_array    0x08003acc        0x4 C:/ST/STM32CubeIDE_1.15.0/STM32CubeIDE/plugins/com.st.stm32cube.ide.mcu.externaltools.gnu-tools-for-stm32.12.3.rel1.win32_1.0.100.202403111256/tools/bin/../lib/gcc/arm-none-eabi/12.3.1/thumb/v7e-m+fp/hard/crtbegin.o
                [!provide]                        PROVIDE (__fini_array_end = .)
                0x08003ad0                        . = ALIGN (0x4)
                0x08003ad0                        _sidata = LOADADDR (.data)

.rel.dyn        0x08003ad0        0x0
 .rel.iplt      0x08003ad0        0x0 C:/ST/STM32CubeIDE_1.15.0/STM32CubeIDE/plugins/com.st.stm32cube.ide.mcu.externaltools.gnu-tools-for-stm32.12.3.rel1.win32_1.0.100.202403111256/tools/bin/../lib/gcc/arm-none-eabi/12.3.1/thumb/v7e-m+fp/hard/crtbegin.o

.data           0x20000000       0x28 load address 0x08003ad0
                0x20000000                        . = ALIGN (0x4)
                0x20000000                        _sdata = .
 *(.data)
 *(.data*)
 .data.SystemCoreClock
                0x20000000        0x4 C:\Users\hauho\Downloads\IOT-Programming-with-Master-Embedded-773df849394c85dc7b3938106d0abe7e95302a84\IOT-Programming-with-Master-Embedded-773df849394c85dc7b3938106d0abe7e95302a84\Courseware 2\SDK_1.0.3_NUCLEO-F401RE\SDK_1.0.3_NUCLEO-F401RE\lib_stm\libLibraries.a(system_stm32f4xx.o)
                0x20000000                SystemCoreClock
 .data.AHBPrescTable
                0x20000004       0x10 C:\Users\hauho\Downloads\IOT-Programming-with-Master-Embedded-773df849394c85dc7b3938106d0abe7e95302a84\IOT-Programming-with-Master-Embedded-773df849394c85dc7b3938106d0abe7e95302a84\Courseware 2\SDK_1.0.3_NUCLEO-F401RE\SDK_1.0.3_NUCLEO-F401RE\lib_stm\libLibraries.a(system_stm32f4xx.o)
                0x20000004                AHBPrescTable
 .data.APBAHBPrescTable
                0x20000014       0x10 C:\Users\hauho\Downloads\IOT-Programming-with-Master-Embedded-773df849394c85dc7b3938106d0abe7e95302a84\IOT-Programming-with-Master-Embedded-773df849394c85dc7b3938106d0abe7e95302a84\Courseware 2\SDK_1.0.3_NUCLEO-F401RE\SDK_1.0.3_NUCLEO-F401RE\lib_stm\libLibraries.a(stm32f401re_rcc.o)
 .data.idTaskScanDecodeLen
                0x20000024        0x1 C:\Users\hauho\Downloads\IOT-Programming-with-Master-Embedded-773df849394c85dc7b3938106d0abe7e95302a84\IOT-Programming-with-Master-Embedded-773df849394c85dc7b3938106d0abe7e95302a84\Courseware 2\SDK_1.0.3_NUCLEO-F401RE\SDK_1.0.3_NUCLEO-F401RE\lib_stm\libLibraries.a(ucg_font.o)
 *(.RamFunc)
 *(.RamFunc*)
                0x20000028                        . = ALIGN (0x4)
 *fill*         0x20000025        0x3 
                0x20000028                        _edata = .

.igot.plt       0x20000028        0x0 load address 0x08003af8
 .igot.plt      0x20000028        0x0 C:/ST/STM32CubeIDE_1.15.0/STM32CubeIDE/plugins/com.st.stm32cube.ide.mcu.externaltools.gnu-tools-for-stm32.12.3.rel1.win32_1.0.100.202403111256/tools/bin/../lib/gcc/arm-none-eabi/12.3.1/thumb/v7e-m+fp/hard/crtbegin.o
                0x20000028                        . = ALIGN (0x4)

.bss            0x20000028     0x1274 load address 0x08003af8
                0x20000028                        _sbss = .
                0x20000028                        __bss_start__ = _sbss
 *(.bss)
 .bss           0x20000028       0x1c C:/ST/STM32CubeIDE_1.15.0/STM32CubeIDE/plugins/com.st.stm32cube.ide.mcu.externaltools.gnu-tools-for-stm32.12.3.rel1.win32_1.0.100.202403111256/tools/bin/../lib/gcc/arm-none-eabi/12.3.1/thumb/v7e-m+fp/hard/crtbegin.o
 *(.bss*)
 .bss.ucg       0x20000044       0xb4 ./Src/main.o
 .bss.g_pTimerHandle
                0x200000f8      0x180 C:\Users\hauho\Downloads\IOT-Programming-with-Master-Embedded-773df849394c85dc7b3938106d0abe7e95302a84\IOT-Programming-with-Master-Embedded-773df849394c85dc7b3938106d0abe7e95302a84\Courseware 2\SDK_1.0.3_NUCLEO-F401RE\SDK_1.0.3_NUCLEO-F401RE\lib_stm\libLibraries.a(timer.o)
 .bss.g_wMilSecTickTimer
                0x20000278        0x4 C:\Users\hauho\Downloads\IOT-Programming-with-Master-Embedded-773df849394c85dc7b3938106d0abe7e95302a84\IOT-Programming-with-Master-Embedded-773df849394c85dc7b3938106d0abe7e95302a84\Courseware 2\SDK_1.0.3_NUCLEO-F401RE\SDK_1.0.3_NUCLEO-F401RE\lib_stm\libLibraries.a(timer.o)
 .bss.fontQueue
                0x2000027c       0x10 C:\Users\hauho\Downloads\IOT-Programming-with-Master-Embedded-773df849394c85dc7b3938106d0abe7e95302a84\IOT-Programming-with-Master-Embedded-773df849394c85dc7b3938106d0abe7e95302a84\Courseware 2\SDK_1.0.3_NUCLEO-F401RE\SDK_1.0.3_NUCLEO-F401RE\lib_stm\libLibraries.a(ucg_font.o)
 .bss.pQueueFont
                0x2000028c     0x1000 C:\Users\hauho\Downloads\IOT-Programming-with-Master-Embedded-773df849394c85dc7b3938106d0abe7e95302a84\IOT-Programming-with-Master-Embedded-773df849394c85dc7b3938106d0abe7e95302a84\Courseware 2\SDK_1.0.3_NUCLEO-F401RE\SDK_1.0.3_NUCLEO-F401RE\lib_stm\libLibraries.a(ucg_font.o)
 .bss.next.7562
                0x2000128c        0x1 C:\Users\hauho\Downloads\IOT-Programming-with-Master-Embedded-773df849394c85dc7b3938106d0abe7e95302a84\IOT-Programming-with-Master-Embedded-773df849394c85dc7b3938106d0abe7e95302a84\Courseware 2\SDK_1.0.3_NUCLEO-F401RE\SDK_1.0.3_NUCLEO-F401RE\lib_stm\libLibraries.a(ucg_font.o)
 *(COMMON)
 *fill*         0x2000128d        0x3 
 COMMON         0x20001290        0xc C:\Users\hauho\Downloads\IOT-Programming-with-Master-Embedded-773df849394c85dc7b3938106d0abe7e95302a84\IOT-Programming-with-Master-Embedded-773df849394c85dc7b3938106d0abe7e95302a84\Courseware 2\SDK_1.0.3_NUCLEO-F401RE\SDK_1.0.3_NUCLEO-F401RE\lib_stm\libLibraries.a(ucg_font.o)
                0x20001290                ucg_draw_str
                0x2000129c                        . = ALIGN (0x4)
                0x2000129c                        _ebss = .
                0x2000129c                        __bss_end__ = _ebss

._user_heap_stack
                0x2000129c      0x604 load address 0x08003af8
                0x200012a0                        . = ALIGN (0x8)
 *fill*         0x2000129c        0x4 
                [!provide]                        PROVIDE (end = .)
                0x200012a0                        PROVIDE (_end = .)
                0x200014a0                        . = (. + _Min_Heap_Size)
 *fill*         0x200012a0      0x200 
                0x200018a0                        . = (. + _Min_Stack_Size)
 *fill*         0x200014a0      0x400 
                0x200018a0                        . = ALIGN (0x8)

/DISCARD/
 libc.a(*)
 libm.a(*)
 libgcc.a(*)

.ARM.attributes
                0x00000000       0x30
 *(.ARM.attributes)
 .ARM.attributes
                0x00000000       0x22 C:/ST/STM32CubeIDE_1.15.0/STM32CubeIDE/plugins/com.st.stm32cube.ide.mcu.externaltools.gnu-tools-for-stm32.12.3.rel1.win32_1.0.100.202403111256/tools/bin/../lib/gcc/arm-none-eabi/12.3.1/thumb/v7e-m+fp/hard/crti.o
 .ARM.attributes
                0x00000022       0x34 C:/ST/STM32CubeIDE_1.15.0/STM32CubeIDE/plugins/com.st.stm32cube.ide.mcu.externaltools.gnu-tools-for-stm32.12.3.rel1.win32_1.0.100.202403111256/tools/bin/../lib/gcc/arm-none-eabi/12.3.1/thumb/v7e-m+fp/hard/crtbegin.o
 .ARM.attributes
                0x00000056       0x34 ./Src/main.o
 .ARM.attributes
                0x0000008a       0x21 ./Startup/startup_stm32f401retx.o
 .ARM.attributes
                0x000000ab       0x39 C:\Users\hauho\Downloads\IOT-Programming-with-Master-Embedded-773df849394c85dc7b3938106d0abe7e95302a84\IOT-Programming-with-Master-Embedded-773df849394c85dc7b3938106d0abe7e95302a84\Courseware 2\SDK_1.0.3_NUCLEO-F401RE\SDK_1.0.3_NUCLEO-F401RE\lib_stm\libLibraries.a(system_stm32f4xx.o)
 .ARM.attributes
                0x000000e4       0x39 C:\Users\hauho\Downloads\IOT-Programming-with-Master-Embedded-773df849394c85dc7b3938106d0abe7e95302a84\IOT-Programming-with-Master-Embedded-773df849394c85dc7b3938106d0abe7e95302a84\Courseware 2\SDK_1.0.3_NUCLEO-F401RE\SDK_1.0.3_NUCLEO-F401RE\lib_stm\libLibraries.a(stm32f401re_gpio.o)
 .ARM.attributes
                0x0000011d       0x39 C:\Users\hauho\Downloads\IOT-Programming-with-Master-Embedded-773df849394c85dc7b3938106d0abe7e95302a84\IOT-Programming-with-Master-Embedded-773df849394c85dc7b3938106d0abe7e95302a84\Courseware 2\SDK_1.0.3_NUCLEO-F401RE\SDK_1.0.3_NUCLEO-F401RE\lib_stm\libLibraries.a(stm32f401re_rcc.o)
 .ARM.attributes
                0x00000156       0x39 C:\Users\hauho\Downloads\IOT-Programming-with-Master-Embedded-773df849394c85dc7b3938106d0abe7e95302a84\IOT-Programming-with-Master-Embedded-773df849394c85dc7b3938106d0abe7e95302a84\Courseware 2\SDK_1.0.3_NUCLEO-F401RE\SDK_1.0.3_NUCLEO-F401RE\lib_stm\libLibraries.a(timer.o)
 .ARM.attributes
                0x0000018f       0x39 C:\Users\hauho\Downloads\IOT-Programming-with-Master-Embedded-773df849394c85dc7b3938106d0abe7e95302a84\IOT-Programming-with-Master-Embedded-773df849394c85dc7b3938106d0abe7e95302a84\Courseware 2\SDK_1.0.3_NUCLEO-F401RE\SDK_1.0.3_NUCLEO-F401RE\lib_stm\libLibraries.a(Ucglib.o)
 .ARM.attributes
                0x000001c8       0x39 C:\Users\hauho\Downloads\IOT-Programming-with-Master-Embedded-773df849394c85dc7b3938106d0abe7e95302a84\IOT-Programming-with-Master-Embedded-773df849394c85dc7b3938106d0abe7e95302a84\Courseware 2\SDK_1.0.3_NUCLEO-F401RE\SDK_1.0.3_NUCLEO-F401RE\lib_stm\libLibraries.a(ucg_box.o)
 .ARM.attributes
                0x00000201       0x39 C:\Users\hauho\Downloads\IOT-Programming-with-Master-Embedded-773df849394c85dc7b3938106d0abe7e95302a84\IOT-Programming-with-Master-Embedded-773df849394c85dc7b3938106d0abe7e95302a84\Courseware 2\SDK_1.0.3_NUCLEO-F401RE\SDK_1.0.3_NUCLEO-F401RE\lib_stm\libLibraries.a(ucg_ccs.o)
 .ARM.attributes
                0x0000023a       0x39 C:\Users\hauho\Downloads\IOT-Programming-with-Master-Embedded-773df849394c85dc7b3938106d0abe7e95302a84\IOT-Programming-with-Master-Embedded-773df849394c85dc7b3938106d0abe7e95302a84\Courseware 2\SDK_1.0.3_NUCLEO-F401RE\SDK_1.0.3_NUCLEO-F401RE\lib_stm\libLibraries.a(ucg_dev_default_cb.o)
 .ARM.attributes
                0x00000273       0x39 C:\Users\hauho\Downloads\IOT-Programming-with-Master-Embedded-773df849394c85dc7b3938106d0abe7e95302a84\IOT-Programming-with-Master-Embedded-773df849394c85dc7b3938106d0abe7e95302a84\Courseware 2\SDK_1.0.3_NUCLEO-F401RE\SDK_1.0.3_NUCLEO-F401RE\lib_stm\libLibraries.a(ucg_dev_ic_st7735.o)
 .ARM.attributes
                0x000002ac       0x39 C:\Users\hauho\Downloads\IOT-Programming-with-Master-Embedded-773df849394c85dc7b3938106d0abe7e95302a84\IOT-Programming-with-Master-Embedded-773df849394c85dc7b3938106d0abe7e95302a84\Courseware 2\SDK_1.0.3_NUCLEO-F401RE\SDK_1.0.3_NUCLEO-F401RE\lib_stm\libLibraries.a(ucg_dev_msg_api.o)
 .ARM.attributes
                0x000002e5       0x39 C:\Users\hauho\Downloads\IOT-Programming-with-Master-Embedded-773df849394c85dc7b3938106d0abe7e95302a84\IOT-Programming-with-Master-Embedded-773df849394c85dc7b3938106d0abe7e95302a84\Courseware 2\SDK_1.0.3_NUCLEO-F401RE\SDK_1.0.3_NUCLEO-F401RE\lib_stm\libLibraries.a(ucg_dev_tft_128x128_st7735.o)
 .ARM.attributes
                0x0000031e       0x39 C:\Users\hauho\Downloads\IOT-Programming-with-Master-Embedded-773df849394c85dc7b3938106d0abe7e95302a84\IOT-Programming-with-Master-Embedded-773df849394c85dc7b3938106d0abe7e95302a84\Courseware 2\SDK_1.0.3_NUCLEO-F401RE\SDK_1.0.3_NUCLEO-F401RE\lib_stm\libLibraries.a(ucg_font.o)
 .ARM.attributes
                0x00000357       0x39 C:\Users\hauho\Downloads\IOT-Programming-with-Master-Embedded-773df849394c85dc7b3938106d0abe7e95302a84\IOT-Programming-with-Master-Embedded-773df849394c85dc7b3938106d0abe7e95302a84\Courseware 2\SDK_1.0.3_NUCLEO-F401RE\SDK_1.0.3_NUCLEO-F401RE\lib_stm\libLibraries.a(ucg_init.o)
 .ARM.attributes
                0x00000390       0x39 C:\Users\hauho\Downloads\IOT-Programming-with-Master-Embedded-773df849394c85dc7b3938106d0abe7e95302a84\IOT-Programming-with-Master-Embedded-773df849394c85dc7b3938106d0abe7e95302a84\Courseware 2\SDK_1.0.3_NUCLEO-F401RE\SDK_1.0.3_NUCLEO-F401RE\lib_stm\libLibraries.a(ucg_line.o)
 .ARM.attributes
                0x000003c9       0x39 C:\Users\hauho\Downloads\IOT-Programming-with-Master-Embedded-773df849394c85dc7b3938106d0abe7e95302a84\IOT-Programming-with-Master-Embedded-773df849394c85dc7b3938106d0abe7e95302a84\Courseware 2\SDK_1.0.3_NUCLEO-F401RE\SDK_1.0.3_NUCLEO-F401RE\lib_stm\libLibraries.a(ucg_pixel.o)
 .ARM.attributes
                0x00000402       0x39 C:\Users\hauho\Downloads\IOT-Programming-with-Master-Embedded-773df849394c85dc7b3938106d0abe7e95302a84\IOT-Programming-with-Master-Embedded-773df849394c85dc7b3938106d0abe7e95302a84\Courseware 2\SDK_1.0.3_NUCLEO-F401RE\SDK_1.0.3_NUCLEO-F401RE\lib_stm\libLibraries.a(ucg_pixel_font_data.o)
 .ARM.attributes
                0x0000043b       0x39 C:\Users\hauho\Downloads\IOT-Programming-with-Master-Embedded-773df849394c85dc7b3938106d0abe7e95302a84\IOT-Programming-with-Master-Embedded-773df849394c85dc7b3938106d0abe7e95302a84\Courseware 2\SDK_1.0.3_NUCLEO-F401RE\SDK_1.0.3_NUCLEO-F401RE\lib_stm\libLibraries.a(ucg_rotate.o)
 .ARM.attributes
                0x00000474       0x39 C:\Users\hauho\Downloads\IOT-Programming-with-Master-Embedded-773df849394c85dc7b3938106d0abe7e95302a84\IOT-Programming-with-Master-Embedded-773df849394c85dc7b3938106d0abe7e95302a84\Courseware 2\SDK_1.0.3_NUCLEO-F401RE\SDK_1.0.3_NUCLEO-F401RE\lib_stm\libLibraries.a(buff.o)
 .ARM.attributes
                0x000004ad       0x39 C:\Users\hauho\Downloads\IOT-Programming-with-Master-Embedded-773df849394c85dc7b3938106d0abe7e95302a84\IOT-Programming-with-Master-Embedded-773df849394c85dc7b3938106d0abe7e95302a84\Courseware 2\SDK_1.0.3_NUCLEO-F401RE\SDK_1.0.3_NUCLEO-F401RE\lib_stm\libLibraries.a(utilities.o)
 .ARM.attributes
                0x000004e6       0x39 C:\Users\hauho\Downloads\IOT-Programming-with-Master-Embedded-773df849394c85dc7b3938106d0abe7e95302a84\IOT-Programming-with-Master-Embedded-773df849394c85dc7b3938106d0abe7e95302a84\Courseware 2\SDK_1.0.3_NUCLEO-F401RE\SDK_1.0.3_NUCLEO-F401RE\lib_stm\libLibraries.a(ucg_clip.o)
 .ARM.attributes
                0x0000051f       0x39 C:\Users\hauho\Downloads\IOT-Programming-with-Master-Embedded-773df849394c85dc7b3938106d0abe7e95302a84\IOT-Programming-with-Master-Embedded-773df849394c85dc7b3938106d0abe7e95302a84\Courseware 2\SDK_1.0.3_NUCLEO-F401RE\SDK_1.0.3_NUCLEO-F401RE\lib_stm\libLibraries.a(ucg_com_msg_api.o)
 .ARM.attributes
                0x00000558       0x34 C:/ST/STM32CubeIDE_1.15.0/STM32CubeIDE/plugins/com.st.stm32cube.ide.mcu.externaltools.gnu-tools-for-stm32.12.3.rel1.win32_1.0.100.202403111256/tools/bin/../lib/gcc/arm-none-eabi/12.3.1/../../../../arm-none-eabi/lib/thumb/v7e-m+fp/hard\libc_nano.a(libc_a-init.o)
 .ARM.attributes
                0x0000058c       0x22 C:/ST/STM32CubeIDE_1.15.0/STM32CubeIDE/plugins/com.st.stm32cube.ide.mcu.externaltools.gnu-tools-for-stm32.12.3.rel1.win32_1.0.100.202403111256/tools/bin/../lib/gcc/arm-none-eabi/12.3.1/thumb/v7e-m+fp/hard/crtn.o
OUTPUT(baitaptutaoTV.elf elf32-littlearm)
LOAD linker stubs
LOAD C:/ST/STM32CubeIDE_1.15.0/STM32CubeIDE/plugins/com.st.stm32cube.ide.mcu.externaltools.gnu-tools-for-stm32.12.3.rel1.win32_1.0.100.202403111256/tools/bin/../lib/gcc/arm-none-eabi/12.3.1/../../../../arm-none-eabi/lib/thumb/v7e-m+fp/hard\libc.a
LOAD C:/ST/STM32CubeIDE_1.15.0/STM32CubeIDE/plugins/com.st.stm32cube.ide.mcu.externaltools.gnu-tools-for-stm32.12.3.rel1.win32_1.0.100.202403111256/tools/bin/../lib/gcc/arm-none-eabi/12.3.1/../../../../arm-none-eabi/lib/thumb/v7e-m+fp/hard\libm.a
LOAD C:/ST/STM32CubeIDE_1.15.0/STM32CubeIDE/plugins/com.st.stm32cube.ide.mcu.externaltools.gnu-tools-for-stm32.12.3.rel1.win32_1.0.100.202403111256/tools/bin/../lib/gcc/arm-none-eabi/12.3.1/thumb/v7e-m+fp/hard\libgcc.a

.debug_info     0x00000000    0x34636
 .debug_info    0x00000000      0xbe6 ./Src/main.o
 .debug_info    0x00000be6       0x30 ./Startup/startup_stm32f401retx.o
 .debug_info    0x00000c16      0x5bb C:\Users\hauho\Downloads\IOT-Programming-with-Master-Embedded-773df849394c85dc7b3938106d0abe7e95302a84\IOT-Programming-with-Master-Embedded-773df849394c85dc7b3938106d0abe7e95302a84\Courseware 2\SDK_1.0.3_NUCLEO-F401RE\SDK_1.0.3_NUCLEO-F401RE\lib_stm\libLibraries.a(system_stm32f4xx.o)
 .debug_info    0x000011d1      0x62b C:\Users\hauho\Downloads\IOT-Programming-with-Master-Embedded-773df849394c85dc7b3938106d0abe7e95302a84\IOT-Programming-with-Master-Embedded-773df849394c85dc7b3938106d0abe7e95302a84\Courseware 2\SDK_1.0.3_NUCLEO-F401RE\SDK_1.0.3_NUCLEO-F401RE\lib_stm\libLibraries.a(stm32f401re_gpio.o)
 .debug_info    0x000017fc      0xd5e C:\Users\hauho\Downloads\IOT-Programming-with-Master-Embedded-773df849394c85dc7b3938106d0abe7e95302a84\IOT-Programming-with-Master-Embedded-773df849394c85dc7b3938106d0abe7e95302a84\Courseware 2\SDK_1.0.3_NUCLEO-F401RE\SDK_1.0.3_NUCLEO-F401RE\lib_stm\libLibraries.a(stm32f401re_rcc.o)
 .debug_info    0x0000255a      0x922 C:\Users\hauho\Downloads\IOT-Programming-with-Master-Embedded-773df849394c85dc7b3938106d0abe7e95302a84\IOT-Programming-with-Master-Embedded-773df849394c85dc7b3938106d0abe7e95302a84\Courseware 2\SDK_1.0.3_NUCLEO-F401RE\SDK_1.0.3_NUCLEO-F401RE\lib_stm\libLibraries.a(timer.o)
 .debug_info    0x00002e7c     0x333f C:\Users\hauho\Downloads\IOT-Programming-with-Master-Embedded-773df849394c85dc7b3938106d0abe7e95302a84\IOT-Programming-with-Master-Embedded-773df849394c85dc7b3938106d0abe7e95302a84\Courseware 2\SDK_1.0.3_NUCLEO-F401RE\SDK_1.0.3_NUCLEO-F401RE\lib_stm\libLibraries.a(Ucglib.o)
 .debug_info    0x000061bb     0x329d C:\Users\hauho\Downloads\IOT-Programming-with-Master-Embedded-773df849394c85dc7b3938106d0abe7e95302a84\IOT-Programming-with-Master-Embedded-773df849394c85dc7b3938106d0abe7e95302a84\Courseware 2\SDK_1.0.3_NUCLEO-F401RE\SDK_1.0.3_NUCLEO-F401RE\lib_stm\libLibraries.a(ucg_box.o)
 .debug_info    0x00009458     0x2b08 C:\Users\hauho\Downloads\IOT-Programming-with-Master-Embedded-773df849394c85dc7b3938106d0abe7e95302a84\IOT-Programming-with-Master-Embedded-773df849394c85dc7b3938106d0abe7e95302a84\Courseware 2\SDK_1.0.3_NUCLEO-F401RE\SDK_1.0.3_NUCLEO-F401RE\lib_stm\libLibraries.a(ucg_ccs.o)
 .debug_info    0x0000bf60     0x324b C:\Users\hauho\Downloads\IOT-Programming-with-Master-Embedded-773df849394c85dc7b3938106d0abe7e95302a84\IOT-Programming-with-Master-Embedded-773df849394c85dc7b3938106d0abe7e95302a84\Courseware 2\SDK_1.0.3_NUCLEO-F401RE\SDK_1.0.3_NUCLEO-F401RE\lib_stm\libLibraries.a(ucg_dev_default_cb.o)
 .debug_info    0x0000f1ab     0x3272 C:\Users\hauho\Downloads\IOT-Programming-with-Master-Embedded-773df849394c85dc7b3938106d0abe7e95302a84\IOT-Programming-with-Master-Embedded-773df849394c85dc7b3938106d0abe7e95302a84\Courseware 2\SDK_1.0.3_NUCLEO-F401RE\SDK_1.0.3_NUCLEO-F401RE\lib_stm\libLibraries.a(ucg_dev_ic_st7735.o)
 .debug_info    0x0001241d     0x3178 C:\Users\hauho\Downloads\IOT-Programming-with-Master-Embedded-773df849394c85dc7b3938106d0abe7e95302a84\IOT-Programming-with-Master-Embedded-773df849394c85dc7b3938106d0abe7e95302a84\Courseware 2\SDK_1.0.3_NUCLEO-F401RE\SDK_1.0.3_NUCLEO-F401RE\lib_stm\libLibraries.a(ucg_dev_msg_api.o)
 .debug_info    0x00015595     0x303e C:\Users\hauho\Downloads\IOT-Programming-with-Master-Embedded-773df849394c85dc7b3938106d0abe7e95302a84\IOT-Programming-with-Master-Embedded-773df849394c85dc7b3938106d0abe7e95302a84\Courseware 2\SDK_1.0.3_NUCLEO-F401RE\SDK_1.0.3_NUCLEO-F401RE\lib_stm\libLibraries.a(ucg_dev_tft_128x128_st7735.o)
 .debug_info    0x000185d3     0x43ab C:\Users\hauho\Downloads\IOT-Programming-with-Master-Embedded-773df849394c85dc7b3938106d0abe7e95302a84\IOT-Programming-with-Master-Embedded-773df849394c85dc7b3938106d0abe7e95302a84\Courseware 2\SDK_1.0.3_NUCLEO-F401RE\SDK_1.0.3_NUCLEO-F401RE\lib_stm\libLibraries.a(ucg_font.o)
 .debug_info    0x0001c97e     0x3856 C:\Users\hauho\Downloads\IOT-Programming-with-Master-Embedded-773df849394c85dc7b3938106d0abe7e95302a84\IOT-Programming-with-Master-Embedded-773df849394c85dc7b3938106d0abe7e95302a84\Courseware 2\SDK_1.0.3_NUCLEO-F401RE\SDK_1.0.3_NUCLEO-F401RE\lib_stm\libLibraries.a(ucg_init.o)
 .debug_info    0x000201d4     0x3222 C:\Users\hauho\Downloads\IOT-Programming-with-Master-Embedded-773df849394c85dc7b3938106d0abe7e95302a84\IOT-Programming-with-Master-Embedded-773df849394c85dc7b3938106d0abe7e95302a84\Courseware 2\SDK_1.0.3_NUCLEO-F401RE\SDK_1.0.3_NUCLEO-F401RE\lib_stm\libLibraries.a(ucg_line.o)
 .debug_info    0x000233f6     0x3056 C:\Users\hauho\Downloads\IOT-Programming-with-Master-Embedded-773df849394c85dc7b3938106d0abe7e95302a84\IOT-Programming-with-Master-Embedded-773df849394c85dc7b3938106d0abe7e95302a84\Courseware 2\SDK_1.0.3_NUCLEO-F401RE\SDK_1.0.3_NUCLEO-F401RE\lib_stm\libLibraries.a(ucg_pixel.o)
 .debug_info    0x0002644c     0x43df C:\Users\hauho\Downloads\IOT-Programming-with-Master-Embedded-773df849394c85dc7b3938106d0abe7e95302a84\IOT-Programming-with-Master-Embedded-773df849394c85dc7b3938106d0abe7e95302a84\Courseware 2\SDK_1.0.3_NUCLEO-F401RE\SDK_1.0.3_NUCLEO-F401RE\lib_stm\libLibraries.a(ucg_pixel_font_data.o)
 .debug_info    0x0002a82b     0x3231 C:\Users\hauho\Downloads\IOT-Programming-with-Master-Embedded-773df849394c85dc7b3938106d0abe7e95302a84\IOT-Programming-with-Master-Embedded-773df849394c85dc7b3938106d0abe7e95302a84\Courseware 2\SDK_1.0.3_NUCLEO-F401RE\SDK_1.0.3_NUCLEO-F401RE\lib_stm\libLibraries.a(ucg_rotate.o)
 .debug_info    0x0002da5c      0x339 C:\Users\hauho\Downloads\IOT-Programming-with-Master-Embedded-773df849394c85dc7b3938106d0abe7e95302a84\IOT-Programming-with-Master-Embedded-773df849394c85dc7b3938106d0abe7e95302a84\Courseware 2\SDK_1.0.3_NUCLEO-F401RE\SDK_1.0.3_NUCLEO-F401RE\lib_stm\libLibraries.a(buff.o)
 .debug_info    0x0002dd95      0x2bd C:\Users\hauho\Downloads\IOT-Programming-with-Master-Embedded-773df849394c85dc7b3938106d0abe7e95302a84\IOT-Programming-with-Master-Embedded-773df849394c85dc7b3938106d0abe7e95302a84\Courseware 2\SDK_1.0.3_NUCLEO-F401RE\SDK_1.0.3_NUCLEO-F401RE\lib_stm\libLibraries.a(utilities.o)
 .debug_info    0x0002e052     0x315a C:\Users\hauho\Downloads\IOT-Programming-with-Master-Embedded-773df849394c85dc7b3938106d0abe7e95302a84\IOT-Programming-with-Master-Embedded-773df849394c85dc7b3938106d0abe7e95302a84\Courseware 2\SDK_1.0.3_NUCLEO-F401RE\SDK_1.0.3_NUCLEO-F401RE\lib_stm\libLibraries.a(ucg_clip.o)
 .debug_info    0x000311ac     0x348a C:\Users\hauho\Downloads\IOT-Programming-with-Master-Embedded-773df849394c85dc7b3938106d0abe7e95302a84\IOT-Programming-with-Master-Embedded-773df849394c85dc7b3938106d0abe7e95302a84\Courseware 2\SDK_1.0.3_NUCLEO-F401RE\SDK_1.0.3_NUCLEO-F401RE\lib_stm\libLibraries.a(ucg_com_msg_api.o)

.debug_abbrev   0x00000000     0x23d8
 .debug_abbrev  0x00000000      0x272 ./Src/main.o
 .debug_abbrev  0x00000272       0x24 ./Startup/startup_stm32f401retx.o
 .debug_abbrev  0x00000296      0x138 C:\Users\hauho\Downloads\IOT-Programming-with-Master-Embedded-773df849394c85dc7b3938106d0abe7e95302a84\IOT-Programming-with-Master-Embedded-773df849394c85dc7b3938106d0abe7e95302a84\Courseware 2\SDK_1.0.3_NUCLEO-F401RE\SDK_1.0.3_NUCLEO-F401RE\lib_stm\libLibraries.a(system_stm32f4xx.o)
 .debug_abbrev  0x000003ce      0x1bf C:\Users\hauho\Downloads\IOT-Programming-with-Master-Embedded-773df849394c85dc7b3938106d0abe7e95302a84\IOT-Programming-with-Master-Embedded-773df849394c85dc7b3938106d0abe7e95302a84\Courseware 2\SDK_1.0.3_NUCLEO-F401RE\SDK_1.0.3_NUCLEO-F401RE\lib_stm\libLibraries.a(stm32f401re_gpio.o)
 .debug_abbrev  0x0000058d      0x1d4 C:\Users\hauho\Downloads\IOT-Programming-with-Master-Embedded-773df849394c85dc7b3938106d0abe7e95302a84\IOT-Programming-with-Master-Embedded-773df849394c85dc7b3938106d0abe7e95302a84\Courseware 2\SDK_1.0.3_NUCLEO-F401RE\SDK_1.0.3_NUCLEO-F401RE\lib_stm\libLibraries.a(stm32f401re_rcc.o)
 .debug_abbrev  0x00000761      0x29a C:\Users\hauho\Downloads\IOT-Programming-with-Master-Embedded-773df849394c85dc7b3938106d0abe7e95302a84\IOT-Programming-with-Master-Embedded-773df849394c85dc7b3938106d0abe7e95302a84\Courseware 2\SDK_1.0.3_NUCLEO-F401RE\SDK_1.0.3_NUCLEO-F401RE\lib_stm\libLibraries.a(timer.o)
 .debug_abbrev  0x000009fb      0x202 C:\Users\hauho\Downloads\IOT-Programming-with-Master-Embedded-773df849394c85dc7b3938106d0abe7e95302a84\IOT-Programming-with-Master-Embedded-773df849394c85dc7b3938106d0abe7e95302a84\Courseware 2\SDK_1.0.3_NUCLEO-F401RE\SDK_1.0.3_NUCLEO-F401RE\lib_stm\libLibraries.a(Ucglib.o)
 .debug_abbrev  0x00000bfd      0x18b C:\Users\hauho\Downloads\IOT-Programming-with-Master-Embedded-773df849394c85dc7b3938106d0abe7e95302a84\IOT-Programming-with-Master-Embedded-773df849394c85dc7b3938106d0abe7e95302a84\Courseware 2\SDK_1.0.3_NUCLEO-F401RE\SDK_1.0.3_NUCLEO-F401RE\lib_stm\libLibraries.a(ucg_box.o)
 .debug_abbrev  0x00000d88       0xf5 C:\Users\hauho\Downloads\IOT-Programming-with-Master-Embedded-773df849394c85dc7b3938106d0abe7e95302a84\IOT-Programming-with-Master-Embedded-773df849394c85dc7b3938106d0abe7e95302a84\Courseware 2\SDK_1.0.3_NUCLEO-F401RE\SDK_1.0.3_NUCLEO-F401RE\lib_stm\libLibraries.a(ucg_ccs.o)
 .debug_abbrev  0x00000e7d      0x19e C:\Users\hauho\Downloads\IOT-Programming-with-Master-Embedded-773df849394c85dc7b3938106d0abe7e95302a84\IOT-Programming-with-Master-Embedded-773df849394c85dc7b3938106d0abe7e95302a84\Courseware 2\SDK_1.0.3_NUCLEO-F401RE\SDK_1.0.3_NUCLEO-F401RE\lib_stm\libLibraries.a(ucg_dev_default_cb.o)
 .debug_abbrev  0x0000101b      0x1dc C:\Users\hauho\Downloads\IOT-Programming-with-Master-Embedded-773df849394c85dc7b3938106d0abe7e95302a84\IOT-Programming-with-Master-Embedded-773df849394c85dc7b3938106d0abe7e95302a84\Courseware 2\SDK_1.0.3_NUCLEO-F401RE\SDK_1.0.3_NUCLEO-F401RE\lib_stm\libLibraries.a(ucg_dev_ic_st7735.o)
 .debug_abbrev  0x000011f7      0x191 C:\Users\hauho\Downloads\IOT-Programming-with-Master-Embedded-773df849394c85dc7b3938106d0abe7e95302a84\IOT-Programming-with-Master-Embedded-773df849394c85dc7b3938106d0abe7e95302a84\Courseware 2\SDK_1.0.3_NUCLEO-F401RE\SDK_1.0.3_NUCLEO-F401RE\lib_stm\libLibraries.a(ucg_dev_msg_api.o)
 .debug_abbrev  0x00001388      0x14e C:\Users\hauho\Downloads\IOT-Programming-with-Master-Embedded-773df849394c85dc7b3938106d0abe7e95302a84\IOT-Programming-with-Master-Embedded-773df849394c85dc7b3938106d0abe7e95302a84\Courseware 2\SDK_1.0.3_NUCLEO-F401RE\SDK_1.0.3_NUCLEO-F401RE\lib_stm\libLibraries.a(ucg_dev_tft_128x128_st7735.o)
 .debug_abbrev  0x000014d6      0x2fc C:\Users\hauho\Downloads\IOT-Programming-with-Master-Embedded-773df849394c85dc7b3938106d0abe7e95302a84\IOT-Programming-with-Master-Embedded-773df849394c85dc7b3938106d0abe7e95302a84\Courseware 2\SDK_1.0.3_NUCLEO-F401RE\SDK_1.0.3_NUCLEO-F401RE\lib_stm\libLibraries.a(ucg_font.o)
 .debug_abbrev  0x000017d2      0x1c6 C:\Users\hauho\Downloads\IOT-Programming-with-Master-Embedded-773df849394c85dc7b3938106d0abe7e95302a84\IOT-Programming-with-Master-Embedded-773df849394c85dc7b3938106d0abe7e95302a84\Courseware 2\SDK_1.0.3_NUCLEO-F401RE\SDK_1.0.3_NUCLEO-F401RE\lib_stm\libLibraries.a(ucg_init.o)
 .debug_abbrev  0x00001998      0x175 C:\Users\hauho\Downloads\IOT-Programming-with-Master-Embedded-773df849394c85dc7b3938106d0abe7e95302a84\IOT-Programming-with-Master-Embedded-773df849394c85dc7b3938106d0abe7e95302a84\Courseware 2\SDK_1.0.3_NUCLEO-F401RE\SDK_1.0.3_NUCLEO-F401RE\lib_stm\libLibraries.a(ucg_line.o)
 .debug_abbrev  0x00001b0d      0x148 C:\Users\hauho\Downloads\IOT-Programming-with-Master-Embedded-773df849394c85dc7b3938106d0abe7e95302a84\IOT-Programming-with-Master-Embedded-773df849394c85dc7b3938106d0abe7e95302a84\Courseware 2\SDK_1.0.3_NUCLEO-F401RE\SDK_1.0.3_NUCLEO-F401RE\lib_stm\libLibraries.a(ucg_pixel.o)
 .debug_abbrev  0x00001c55       0x83 C:\Users\hauho\Downloads\IOT-Programming-with-Master-Embedded-773df849394c85dc7b3938106d0abe7e95302a84\IOT-Programming-with-Master-Embedded-773df849394c85dc7b3938106d0abe7e95302a84\Courseware 2\SDK_1.0.3_NUCLEO-F401RE\SDK_1.0.3_NUCLEO-F401RE\lib_stm\libLibraries.a(ucg_pixel_font_data.o)
 .debug_abbrev  0x00001cd8      0x1a3 C:\Users\hauho\Downloads\IOT-Programming-with-Master-Embedded-773df849394c85dc7b3938106d0abe7e95302a84\IOT-Programming-with-Master-Embedded-773df849394c85dc7b3938106d0abe7e95302a84\Courseware 2\SDK_1.0.3_NUCLEO-F401RE\SDK_1.0.3_NUCLEO-F401RE\lib_stm\libLibraries.a(ucg_rotate.o)
 .debug_abbrev  0x00001e7b      0x12a C:\Users\hauho\Downloads\IOT-Programming-with-Master-Embedded-773df849394c85dc7b3938106d0abe7e95302a84\IOT-Programming-with-Master-Embedded-773df849394c85dc7b3938106d0abe7e95302a84\Courseware 2\SDK_1.0.3_NUCLEO-F401RE\SDK_1.0.3_NUCLEO-F401RE\lib_stm\libLibraries.a(buff.o)
 .debug_abbrev  0x00001fa5       0xce C:\Users\hauho\Downloads\IOT-Programming-with-Master-Embedded-773df849394c85dc7b3938106d0abe7e95302a84\IOT-Programming-with-Master-Embedded-773df849394c85dc7b3938106d0abe7e95302a84\Courseware 2\SDK_1.0.3_NUCLEO-F401RE\SDK_1.0.3_NUCLEO-F401RE\lib_stm\libLibraries.a(utilities.o)
 .debug_abbrev  0x00002073      0x173 C:\Users\hauho\Downloads\IOT-Programming-with-Master-Embedded-773df849394c85dc7b3938106d0abe7e95302a84\IOT-Programming-with-Master-Embedded-773df849394c85dc7b3938106d0abe7e95302a84\Courseware 2\SDK_1.0.3_NUCLEO-F401RE\SDK_1.0.3_NUCLEO-F401RE\lib_stm\libLibraries.a(ucg_clip.o)
 .debug_abbrev  0x000021e6      0x1f2 C:\Users\hauho\Downloads\IOT-Programming-with-Master-Embedded-773df849394c85dc7b3938106d0abe7e95302a84\IOT-Programming-with-Master-Embedded-773df849394c85dc7b3938106d0abe7e95302a84\Courseware 2\SDK_1.0.3_NUCLEO-F401RE\SDK_1.0.3_NUCLEO-F401RE\lib_stm\libLibraries.a(ucg_com_msg_api.o)

.debug_aranges  0x00000000      0x910
 .debug_aranges
                0x00000000       0x58 ./Src/main.o
 .debug_aranges
                0x00000058       0x28 ./Startup/startup_stm32f401retx.o
 .debug_aranges
                0x00000080       0x30 C:\Users\hauho\Downloads\IOT-Programming-with-Master-Embedded-773df849394c85dc7b3938106d0abe7e95302a84\IOT-Programming-with-Master-Embedded-773df849394c85dc7b3938106d0abe7e95302a84\Courseware 2\SDK_1.0.3_NUCLEO-F401RE\SDK_1.0.3_NUCLEO-F401RE\lib_stm\libLibraries.a(system_stm32f4xx.o)
 .debug_aranges
                0x000000b0       0x88 C:\Users\hauho\Downloads\IOT-Programming-with-Master-Embedded-773df849394c85dc7b3938106d0abe7e95302a84\IOT-Programming-with-Master-Embedded-773df849394c85dc7b3938106d0abe7e95302a84\Courseware 2\SDK_1.0.3_NUCLEO-F401RE\SDK_1.0.3_NUCLEO-F401RE\lib_stm\libLibraries.a(stm32f401re_gpio.o)
 .debug_aranges
                0x00000138      0x198 C:\Users\hauho\Downloads\IOT-Programming-with-Master-Embedded-773df849394c85dc7b3938106d0abe7e95302a84\IOT-Programming-with-Master-Embedded-773df849394c85dc7b3938106d0abe7e95302a84\Courseware 2\SDK_1.0.3_NUCLEO-F401RE\SDK_1.0.3_NUCLEO-F401RE\lib_stm\libLibraries.a(stm32f401re_rcc.o)
 .debug_aranges
                0x000002d0       0x70 C:\Users\hauho\Downloads\IOT-Programming-with-Master-Embedded-773df849394c85dc7b3938106d0abe7e95302a84\IOT-Programming-with-Master-Embedded-773df849394c85dc7b3938106d0abe7e95302a84\Courseware 2\SDK_1.0.3_NUCLEO-F401RE\SDK_1.0.3_NUCLEO-F401RE\lib_stm\libLibraries.a(timer.o)
 .debug_aranges
                0x00000340       0x48 C:\Users\hauho\Downloads\IOT-Programming-with-Master-Embedded-773df849394c85dc7b3938106d0abe7e95302a84\IOT-Programming-with-Master-Embedded-773df849394c85dc7b3938106d0abe7e95302a84\Courseware 2\SDK_1.0.3_NUCLEO-F401RE\SDK_1.0.3_NUCLEO-F401RE\lib_stm\libLibraries.a(Ucglib.o)
 .debug_aranges
                0x00000388       0x48 C:\Users\hauho\Downloads\IOT-Programming-with-Master-Embedded-773df849394c85dc7b3938106d0abe7e95302a84\IOT-Programming-with-Master-Embedded-773df849394c85dc7b3938106d0abe7e95302a84\Courseware 2\SDK_1.0.3_NUCLEO-F401RE\SDK_1.0.3_NUCLEO-F401RE\lib_stm\libLibraries.a(ucg_box.o)
 .debug_aranges
                0x000003d0       0x30 C:\Users\hauho\Downloads\IOT-Programming-with-Master-Embedded-773df849394c85dc7b3938106d0abe7e95302a84\IOT-Programming-with-Master-Embedded-773df849394c85dc7b3938106d0abe7e95302a84\Courseware 2\SDK_1.0.3_NUCLEO-F401RE\SDK_1.0.3_NUCLEO-F401RE\lib_stm\libLibraries.a(ucg_ccs.o)
 .debug_aranges
                0x00000400       0x48 C:\Users\hauho\Downloads\IOT-Programming-with-Master-Embedded-773df849394c85dc7b3938106d0abe7e95302a84\IOT-Programming-with-Master-Embedded-773df849394c85dc7b3938106d0abe7e95302a84\Courseware 2\SDK_1.0.3_NUCLEO-F401RE\SDK_1.0.3_NUCLEO-F401RE\lib_stm\libLibraries.a(ucg_dev_default_cb.o)
 .debug_aranges
                0x00000448       0x40 C:\Users\hauho\Downloads\IOT-Programming-with-Master-Embedded-773df849394c85dc7b3938106d0abe7e95302a84\IOT-Programming-with-Master-Embedded-773df849394c85dc7b3938106d0abe7e95302a84\Courseware 2\SDK_1.0.3_NUCLEO-F401RE\SDK_1.0.3_NUCLEO-F401RE\lib_stm\libLibraries.a(ucg_dev_ic_st7735.o)
 .debug_aranges
                0x00000488       0x60 C:\Users\hauho\Downloads\IOT-Programming-with-Master-Embedded-773df849394c85dc7b3938106d0abe7e95302a84\IOT-Programming-with-Master-Embedded-773df849394c85dc7b3938106d0abe7e95302a84\Courseware 2\SDK_1.0.3_NUCLEO-F401RE\SDK_1.0.3_NUCLEO-F401RE\lib_stm\libLibraries.a(ucg_dev_msg_api.o)
 .debug_aranges
                0x000004e8       0x20 C:\Users\hauho\Downloads\IOT-Programming-with-Master-Embedded-773df849394c85dc7b3938106d0abe7e95302a84\IOT-Programming-with-Master-Embedded-773df849394c85dc7b3938106d0abe7e95302a84\Courseware 2\SDK_1.0.3_NUCLEO-F401RE\SDK_1.0.3_NUCLEO-F401RE\lib_stm\libLibraries.a(ucg_dev_tft_128x128_st7735.o)
 .debug_aranges
                0x00000508      0x168 C:\Users\hauho\Downloads\IOT-Programming-with-Master-Embedded-773df849394c85dc7b3938106d0abe7e95302a84\IOT-Programming-with-Master-Embedded-773df849394c85dc7b3938106d0abe7e95302a84\Courseware 2\SDK_1.0.3_NUCLEO-F401RE\SDK_1.0.3_NUCLEO-F401RE\lib_stm\libLibraries.a(ucg_font.o)
 .debug_aranges
                0x00000670       0x28 C:\Users\hauho\Downloads\IOT-Programming-with-Master-Embedded-773df849394c85dc7b3938106d0abe7e95302a84\IOT-Programming-with-Master-Embedded-773df849394c85dc7b3938106d0abe7e95302a84\Courseware 2\SDK_1.0.3_NUCLEO-F401RE\SDK_1.0.3_NUCLEO-F401RE\lib_stm\libLibraries.a(ucg_init.o)
 .debug_aranges
                0x00000698       0x48 C:\Users\hauho\Downloads\IOT-Programming-with-Master-Embedded-773df849394c85dc7b3938106d0abe7e95302a84\IOT-Programming-with-Master-Embedded-773df849394c85dc7b3938106d0abe7e95302a84\Courseware 2\SDK_1.0.3_NUCLEO-F401RE\SDK_1.0.3_NUCLEO-F401RE\lib_stm\libLibraries.a(ucg_line.o)
 .debug_aranges
                0x000006e0       0x28 C:\Users\hauho\Downloads\IOT-Programming-with-Master-Embedded-773df849394c85dc7b3938106d0abe7e95302a84\IOT-Programming-with-Master-Embedded-773df849394c85dc7b3938106d0abe7e95302a84\Courseware 2\SDK_1.0.3_NUCLEO-F401RE\SDK_1.0.3_NUCLEO-F401RE\lib_stm\libLibraries.a(ucg_pixel.o)
 .debug_aranges
                0x00000708       0x18 C:\Users\hauho\Downloads\IOT-Programming-with-Master-Embedded-773df849394c85dc7b3938106d0abe7e95302a84\IOT-Programming-with-Master-Embedded-773df849394c85dc7b3938106d0abe7e95302a84\Courseware 2\SDK_1.0.3_NUCLEO-F401RE\SDK_1.0.3_NUCLEO-F401RE\lib_stm\libLibraries.a(ucg_pixel_font_data.o)
 .debug_aranges
                0x00000720       0x68 C:\Users\hauho\Downloads\IOT-Programming-with-Master-Embedded-773df849394c85dc7b3938106d0abe7e95302a84\IOT-Programming-with-Master-Embedded-773df849394c85dc7b3938106d0abe7e95302a84\Courseware 2\SDK_1.0.3_NUCLEO-F401RE\SDK_1.0.3_NUCLEO-F401RE\lib_stm\libLibraries.a(ucg_rotate.o)
 .debug_aranges
                0x00000788       0x50 C:\Users\hauho\Downloads\IOT-Programming-with-Master-Embedded-773df849394c85dc7b3938106d0abe7e95302a84\IOT-Programming-with-Master-Embedded-773df849394c85dc7b3938106d0abe7e95302a84\Courseware 2\SDK_1.0.3_NUCLEO-F401RE\SDK_1.0.3_NUCLEO-F401RE\lib_stm\libLibraries.a(buff.o)
 .debug_aranges
                0x000007d8       0x48 C:\Users\hauho\Downloads\IOT-Programming-with-Master-Embedded-773df849394c85dc7b3938106d0abe7e95302a84\IOT-Programming-with-Master-Embedded-773df849394c85dc7b3938106d0abe7e95302a84\Courseware 2\SDK_1.0.3_NUCLEO-F401RE\SDK_1.0.3_NUCLEO-F401RE\lib_stm\libLibraries.a(utilities.o)
 .debug_aranges
                0x00000820       0x50 C:\Users\hauho\Downloads\IOT-Programming-with-Master-Embedded-773df849394c85dc7b3938106d0abe7e95302a84\IOT-Programming-with-Master-Embedded-773df849394c85dc7b3938106d0abe7e95302a84\Courseware 2\SDK_1.0.3_NUCLEO-F401RE\SDK_1.0.3_NUCLEO-F401RE\lib_stm\libLibraries.a(ucg_clip.o)
 .debug_aranges
                0x00000870       0xa0 C:\Users\hauho\Downloads\IOT-Programming-with-Master-Embedded-773df849394c85dc7b3938106d0abe7e95302a84\IOT-Programming-with-Master-Embedded-773df849394c85dc7b3938106d0abe7e95302a84\Courseware 2\SDK_1.0.3_NUCLEO-F401RE\SDK_1.0.3_NUCLEO-F401RE\lib_stm\libLibraries.a(ucg_com_msg_api.o)

.debug_rnglists
                0x00000000       0x57
 .debug_rnglists
                0x00000000       0x3e ./Src/main.o
 .debug_rnglists
                0x0000003e       0x19 ./Startup/startup_stm32f401retx.o

.debug_macro    0x00000000     0xdb0e
 .debug_macro   0x00000000      0x148 ./Src/main.o
 .debug_macro   0x00000148      0xac0 ./Src/main.o
 .debug_macro   0x00000c08       0x22 ./Src/main.o
 .debug_macro   0x00000c2a       0x8e ./Src/main.o
 .debug_macro   0x00000cb8       0x51 ./Src/main.o
 .debug_macro   0x00000d09      0x103 ./Src/main.o
 .debug_macro   0x00000e0c       0x6a ./Src/main.o
 .debug_macro   0x00000e76      0x1df ./Src/main.o
 .debug_macro   0x00001055       0x6b ./Src/main.o
 .debug_macro   0x000010c0       0x3b ./Src/main.o
 .debug_macro   0x000010fb       0x34 ./Src/main.o
 .debug_macro   0x0000112f       0x26 ./Src/main.o
 .debug_macro   0x00001155      0xe43 ./Src/main.o
 .debug_macro   0x00001f98     0x8018 ./Src/main.o
 .debug_macro   0x00009fb0      0x2ee ./Src/main.o
 .debug_macro   0x0000a29e      0x64a ./Src/main.o
 .debug_macro   0x0000a8e8       0x2d ./Src/main.o
 .debug_macro   0x0000a915       0x22 ./Src/main.o
 .debug_macro   0x0000a937      0x189 ./Src/main.o
 .debug_macro   0x0000aac0      0x301 ./Src/main.o
 .debug_macro   0x0000adc1       0xce C:\Users\hauho\Downloads\IOT-Programming-with-Master-Embedded-773df849394c85dc7b3938106d0abe7e95302a84\IOT-Programming-with-Master-Embedded-773df849394c85dc7b3938106d0abe7e95302a84\Courseware 2\SDK_1.0.3_NUCLEO-F401RE\SDK_1.0.3_NUCLEO-F401RE\lib_stm\libLibraries.a(system_stm32f4xx.o)
 .debug_macro   0x0000ae8f      0xa66 C:\Users\hauho\Downloads\IOT-Programming-with-Master-Embedded-773df849394c85dc7b3938106d0abe7e95302a84\IOT-Programming-with-Master-Embedded-773df849394c85dc7b3938106d0abe7e95302a84\Courseware 2\SDK_1.0.3_NUCLEO-F401RE\SDK_1.0.3_NUCLEO-F401RE\lib_stm\libLibraries.a(system_stm32f4xx.o)
 .debug_macro   0x0000b8f5       0x22 C:\Users\hauho\Downloads\IOT-Programming-with-Master-Embedded-773df849394c85dc7b3938106d0abe7e95302a84\IOT-Programming-with-Master-Embedded-773df849394c85dc7b3938106d0abe7e95302a84\Courseware 2\SDK_1.0.3_NUCLEO-F401RE\SDK_1.0.3_NUCLEO-F401RE\lib_stm\libLibraries.a(system_stm32f4xx.o)
 .debug_macro   0x0000b917       0x8e C:\Users\hauho\Downloads\IOT-Programming-with-Master-Embedded-773df849394c85dc7b3938106d0abe7e95302a84\IOT-Programming-with-Master-Embedded-773df849394c85dc7b3938106d0abe7e95302a84\Courseware 2\SDK_1.0.3_NUCLEO-F401RE\SDK_1.0.3_NUCLEO-F401RE\lib_stm\libLibraries.a(system_stm32f4xx.o)
 .debug_macro   0x0000b9a5       0xef C:\Users\hauho\Downloads\IOT-Programming-with-Master-Embedded-773df849394c85dc7b3938106d0abe7e95302a84\IOT-Programming-with-Master-Embedded-773df849394c85dc7b3938106d0abe7e95302a84\Courseware 2\SDK_1.0.3_NUCLEO-F401RE\SDK_1.0.3_NUCLEO-F401RE\lib_stm\libLibraries.a(system_stm32f4xx.o)
 .debug_macro   0x0000ba94       0xc3 C:\Users\hauho\Downloads\IOT-Programming-with-Master-Embedded-773df849394c85dc7b3938106d0abe7e95302a84\IOT-Programming-with-Master-Embedded-773df849394c85dc7b3938106d0abe7e95302a84\Courseware 2\SDK_1.0.3_NUCLEO-F401RE\SDK_1.0.3_NUCLEO-F401RE\lib_stm\libLibraries.a(stm32f401re_gpio.o)